{"uploaded":[{"from":"/Users/kristiansurhanak/Projects/and-again-content/runs/a60_20261007/audio/236/a60_story1_ava_71ed166b.m4a","to":"/audio/sets/236/a60_story1_ava_71ed166b.m4a"}],"downloaded":[],"message":""}
A new version of Supabase CLI is available: v2.118.0 (currently installed v2.116.0)
We recommend updating regularly for new features and bug fixes: https://supabase.com/docs/guides/cli/getting-started#updating-the-supabase-cli
up audio/sets/236/a60_story1_ava_71ed166b.m4a
{"uploaded":[{"from":"/Users/kristiansurhanak/Projects/and-again-content/runs/a60_20261007/audio/236/a60_story2_ava_f6f1e265.m4a","to":"/audio/sets/236/a60_story2_ava_f6f1e265.m4a"}],"downloaded":[],"message":""}
A new version of Supabase CLI is available: v2.118.0 (currently installed v2.116.0)
We recommend updating regularly for new features and bug fixes: https://supabase.com/docs/guides/cli/getting-started#updating-the-supabase-cli
up audio/sets/236/a60_story2_ava_f6f1e265.m4a
{"uploaded":[{"from":"/Users/kristiansurhanak/Projects/and-again-content/runs/a60_20261007/audio/236/a60_story3_ava_e091ba08.m4a","to":"/audio/sets/236/a60_story3_ava_e091ba08.m4a"}],"downloaded":[],"message":""}
A new version of Supabase CLI is available: v2.118.0 (currently installed v2.116.0)
We recommend updating regularly for new features and bug fixes: https://supabase.com/docs/guides/cli/getting-started#updating-the-supabase-cli
up audio/sets/236/a60_story3_ava_e091ba08.m4a
{"uploaded":[{"from":"/Users/kristiansurhanak/Projects/and-again-content/runs/a60_20261007/audio/62/a60_story1_evan_c402a79a.m4a","to":"/audio/sets/62/a60_story1_evan_c402a79a.m4a"}],"downloaded":[],"message":""}
A new version of Supabase CLI is available: v2.118.0 (currently installed v2.116.0)
We recommend updating regularly for new features and bug fixes: https://supabase.com/docs/guides/cli/getting-started#updating-the-supabase-cli
up audio/sets/62/a60_story1_evan_c402a79a.m4a
{"uploaded":[{"from":"/Users/kristiansurhanak/Projects/and-again-content/runs/a60_20261007/audio/62/a60_story2_evan_077f18bc.m4a","to":"/audio/sets/62/a60_story2_evan_077f18bc.m4a"}],"downloaded":[],"message":""}
A new version of Supabase CLI is available: v2.118.0 (currently installed v2.116.0)
We recommend updating regularly for new features and bug fixes: https://supabase.com/docs/guides/cli/getting-started#updating-the-supabase-cli
up audio/sets/62/a60_story2_evan_077f18bc.m4a
{"uploaded":[{"from":"/Users/kristiansurhanak/Projects/and-again-content/runs/a60_20261007/audio/62/a60_story3_evan_3ada2762.m4a","to":"/audio/sets/62/a60_story3_evan_3ada2762.m4a"}],"downloaded":[],"message":""}
A new version of Supabase CLI is available: v2.118.0 (currently installed v2.116.0)
We recommend updating regularly for new features and bug fixes: https://supabase.com/docs/guides/cli/getting-started#updating-the-supabase-cli
up audio/sets/62/a60_story3_evan_3ada2762.m4a
{"uploaded":[{"from":"/Users/kristiansurhanak/Projects/and-again-content/runs/a60_20261007/audio/7071/a60_story1_nathan_b97e552e.m4a","to":"/audio/sets/7071/a60_story1_nathan_b97e552e.m4a"}],"downloaded":[],"message":""}
A new version of Supabase CLI is available: v2.118.0 (currently installed v2.116.0)
We recommend updating regularly for new features and bug fixes: https://supabase.com/docs/guides/cli/getting-started#updating-the-supabase-cli
up audio/sets/7071/a60_story1_nathan_b97e552e.m4a
{"uploaded":[{"from":"/Users/kristiansurhanak/Projects/and-again-content/runs/a60_20261007/audio/7071/a60_story2_nathan_243b009a.m4a","to":"/audio/sets/7071/a60_story2_nathan_243b009a.m4a"}],"downloaded":[],"message":""}
A new version of Supabase CLI is available: v2.118.0 (currently installed v2.116.0)
We recommend updating regularly for new features and bug fixes: https://supabase.com/docs/guides/cli/getting-started#updating-the-supabase-cli
up audio/sets/7071/a60_story2_nathan_243b009a.m4a
{"uploaded":[{"from":"/Users/kristiansurhanak/Projects/and-again-content/runs/a60_20261007/audio/7071/a60_story3_nathan_9d297d1d.m4a","to":"/audio/sets/7071/a60_story3_nathan_9d297d1d.m4a"}],"downloaded":[],"message":""}
A new version of Supabase CLI is available: v2.118.0 (currently installed v2.116.0)
We recommend updating regularly for new features and bug fixes: https://supabase.com/docs/guides/cli/getting-started#updating-the-supabase-cli
up audio/sets/7071/a60_story3_nathan_9d297d1d.m4a
{"uploaded":[{"from":"/Users/kristiansurhanak/Projects/and-again-content/runs/a60_20261007/audio/8039/a60_story1_ava_e270b9ea.m4a","to":"/audio/sets/8039/a60_story1_ava_e270b9ea.m4a"}],"downloaded":[],"message":""}
A new version of Supabase CLI is available: v2.118.0 (currently installed v2.116.0)
We recommend updating regularly for new features and bug fixes: https://supabase.com/docs/guides/cli/getting-started#updating-the-supabase-cli
up audio/sets/8039/a60_story1_ava_e270b9ea.m4a
{"uploaded":[{"from":"/Users/kristiansurhanak/Projects/and-again-content/runs/a60_20261007/audio/8039/a60_story2_ava_14fedc60.m4a","to":"/audio/sets/8039/a60_story2_ava_14fedc60.m4a"}],"downloaded":[],"message":""}
A new version of Supabase CLI is available: v2.118.0 (currently installed v2.116.0)
We recommend updating regularly for new features and bug fixes: https://supabase.com/docs/guides/cli/getting-started#updating-the-supabase-cli
up audio/sets/8039/a60_story2_ava_14fedc60.m4a
{"uploaded":[{"from":"/Users/kristiansurhanak/Projects/and-again-content/runs/a60_20261007/audio/8039/a60_story3_ava_91713aa6.m4a","to":"/audio/sets/8039/a60_story3_ava_91713aa6.m4a"}],"downloaded":[],"message":""}
A new version of Supabase CLI is available: v2.118.0 (currently installed v2.116.0)
We recommend updating regularly for new features and bug fixes: https://supabase.com/docs/guides/cli/getting-started#updating-the-supabase-cli
up audio/sets/8039/a60_story3_ava_91713aa6.m4a
{"uploaded":[{"from":"/Users/kristiansurhanak/Projects/and-again-content/runs/a60_20261007/audio/8055/a60_story1_evan_6ccc6f98.m4a","to":"/audio/sets/8055/a60_story1_evan_6ccc6f98.m4a"}],"downloaded":[],"message":""}
A new version of Supabase CLI is available: v2.118.0 (currently installed v2.116.0)
We recommend updating regularly for new features and bug fixes: https://supabase.com/docs/guides/cli/getting-started#updating-the-supabase-cli
up audio/sets/8055/a60_story1_evan_6ccc6f98.m4a
{"uploaded":[{"from":"/Users/kristiansurhanak/Projects/and-again-content/runs/a60_20261007/audio/8055/a60_story2_evan_01636a87.m4a","to":"/audio/sets/8055/a60_story2_evan_01636a87.m4a"}],"downloaded":[],"message":""}
A new version of Supabase CLI is available: v2.118.0 (currently installed v2.116.0)
We recommend updating regularly for new features and bug fixes: https://supabase.com/docs/guides/cli/getting-started#updating-the-supabase-cli
up audio/sets/8055/a60_story2_evan_01636a87.m4a
{"uploaded":[{"from":"/Users/kristiansurhanak/Projects/and-again-content/runs/a60_20261007/audio/8055/a60_story3_evan_124f9343.m4a","to":"/audio/sets/8055/a60_story3_evan_124f9343.m4a"}],"downloaded":[],"message":""}
A new version of Supabase CLI is available: v2.118.0 (currently installed v2.116.0)
We recommend updating regularly for new features and bug fixes: https://supabase.com/docs/guides/cli/getting-started#updating-the-supabase-cli
up audio/sets/8055/a60_story3_evan_124f9343.m4a
{"uploaded":[{"from":"/Users/kristiansurhanak/Projects/and-again-content/runs/a60_20261007/audio/8056/a60_story1_nathan_390c2db4.m4a","to":"/audio/sets/8056/a60_story1_nathan_390c2db4.m4a"}],"downloaded":[],"message":""}
A new version of Supabase CLI is available: v2.118.0 (currently installed v2.116.0)
We recommend updating regularly for new features and bug fixes: https://supabase.com/docs/guides/cli/getting-started#updating-the-supabase-cli
up audio/sets/8056/a60_story1_nathan_390c2db4.m4a
{"uploaded":[{"from":"/Users/kristiansurhanak/Projects/and-again-content/runs/a60_20261007/audio/8056/a60_story2_nathan_24c4aa96.m4a","to":"/audio/sets/8056/a60_story2_nathan_24c4aa96.m4a"}],"downloaded":[],"message":""}
A new version of Supabase CLI is available: v2.118.0 (currently installed v2.116.0)
We recommend updating regularly for new features and bug fixes: https://supabase.com/docs/guides/cli/getting-started#updating-the-supabase-cli
up audio/sets/8056/a60_story2_nathan_24c4aa96.m4a
{"uploaded":[{"from":"/Users/kristiansurhanak/Projects/and-again-content/runs/a60_20261007/audio/8056/a60_story3_nathan_cadfb4e9.m4a","to":"/audio/sets/8056/a60_story3_nathan_cadfb4e9.m4a"}],"downloaded":[],"message":""}
A new version of Supabase CLI is available: v2.118.0 (currently installed v2.116.0)
We recommend updating regularly for new features and bug fixes: https://supabase.com/docs/guides/cli/getting-started#updating-the-supabase-cli
up audio/sets/8056/a60_story3_nathan_cadfb4e9.m4a
{"uploaded":[{"from":"/Users/kristiansurhanak/Projects/and-again-content/runs/a60_20261007/audio/900001/a60_caption1_zoe_fea7b288.m4a","to":"/audio/sets/900001/a60_caption1_zoe_fea7b288.m4a"}],"downloaded":[],"message":""}
A new version of Supabase CLI is available: v2.118.0 (currently installed v2.116.0)
We recommend updating regularly for new features and bug fixes: https://supabase.com/docs/guides/cli/getting-started#updating-the-supabase-cli
up audio/sets/900001/a60_caption1_zoe_fea7b288.m4a
{"uploaded":[{"from":"/Users/kristiansurhanak/Projects/and-again-content/runs/a60_20261007/audio/900001/a60_caption2_zoe_289cf2a4.m4a","to":"/audio/sets/900001/a60_caption2_zoe_289cf2a4.m4a"}],"downloaded":[],"message":""}
A new version of Supabase CLI is available: v2.118.0 (currently installed v2.116.0)
We recommend updating regularly for new features and bug fixes: https://supabase.com/docs/guides/cli/getting-started#updating-the-supabase-cli
up audio/sets/900001/a60_caption2_zoe_289cf2a4.m4a
{"uploaded":[{"from":"/Users/kristiansurhanak/Projects/and-again-content/runs/a60_20261007/audio/900001/a60_caption3_zoe_62f20472.m4a","to":"/audio/sets/900001/a60_caption3_zoe_62f20472.m4a"}],"downloaded":[],"message":""}
A new version of Supabase CLI is available: v2.118.0 (currently installed v2.116.0)
We recommend updating regularly for new features and bug fixes: https://supabase.com/docs/guides/cli/getting-started#updating-the-supabase-cli
up audio/sets/900001/a60_caption3_zoe_62f20472.m4a
{"uploaded":[{"from":"/Users/kristiansurhanak/Projects/and-again-content/runs/a60_20261007/audio/900001/a60_noun1_zoe_3598d8e0.m4a","to":"/audio/sets/900001/a60_noun1_zoe_3598d8e0.m4a"}],"downloaded":[],"message":""}
A new version of Supabase CLI is available: v2.118.0 (currently installed v2.116.0)
We recommend updating regularly for new features and bug fixes: https://supabase.com/docs/guides/cli/getting-started#updating-the-supabase-cli
up audio/sets/900001/a60_noun1_zoe_3598d8e0.m4a
{"uploaded":[{"from":"/Users/kristiansurhanak/Projects/and-again-content/runs/a60_20261007/audio/900001/a60_noun2_zoe_6c2ae9c9.m4a","to":"/audio/sets/900001/a60_noun2_zoe_6c2ae9c9.m4a"}],"downloaded":[],"message":""}
A new version of Supabase CLI is available: v2.118.0 (currently installed v2.116.0)
We recommend updating regularly for new features and bug fixes: https://supabase.com/docs/guides/cli/getting-started#updating-the-supabase-cli
up audio/sets/900001/a60_noun2_zoe_6c2ae9c9.m4a
{"uploaded":[{"from":"/Users/kristiansurhanak/Projects/and-again-content/runs/a60_20261007/audio/900001/a60_noun3_zoe_372f1f55.m4a","to":"/audio/sets/900001/a60_noun3_zoe_372f1f55.m4a"}],"downloaded":[],"message":""}
A new version of Supabase CLI is available: v2.118.0 (currently installed v2.116.0)
We recommend updating regularly for new features and bug fixes: https://supabase.com/docs/guides/cli/getting-started#updating-the-supabase-cli
up audio/sets/900001/a60_noun3_zoe_372f1f55.m4a
{"uploaded":[{"from":"/Users/kristiansurhanak/Projects/and-again-content/runs/a60_20261007/audio/900001/a60_phrase1_zoe_100389fa.m4a","to":"/audio/sets/900001/a60_phrase1_zoe_100389fa.m4a"}],"downloaded":[],"message":""}
A new version of Supabase CLI is available: v2.118.0 (currently installed v2.116.0)
We recommend updating regularly for new features and bug fixes: https://supabase.com/docs/guides/cli/getting-started#updating-the-supabase-cli
up audio/sets/900001/a60_phrase1_zoe_100389fa.m4a
{"uploaded":[{"from":"/Users/kristiansurhanak/Projects/and-again-content/runs/a60_20261007/audio/900001/a60_phrase2_zoe_c99349a8.m4a","to":"/audio/sets/900001/a60_phrase2_zoe_c99349a8.m4a"}],"downloaded":[],"message":""}
A new version of Supabase CLI is available: v2.118.0 (currently installed v2.116.0)
We recommend updating regularly for new features and bug fixes: https://supabase.com/docs/guides/cli/getting-started#updating-the-supabase-cli
up audio/sets/900001/a60_phrase2_zoe_c99349a8.m4a
{"uploaded":[{"from":"/Users/kristiansurhanak/Projects/and-again-content/runs/a60_20261007/audio/900001/a60_phrase3_zoe_62559216.m4a","to":"/audio/sets/900001/a60_phrase3_zoe_62559216.m4a"}],"downloaded":[],"message":""}
A new version of Supabase CLI is available: v2.118.0 (currently installed v2.116.0)
We recommend updating regularly for new features and bug fixes: https://supabase.com/docs/guides/cli/getting-started#updating-the-supabase-cli
up audio/sets/900001/a60_phrase3_zoe_62559216.m4a
{"uploaded":[{"from":"/Users/kristiansurhanak/Projects/and-again-content/runs/a60_20261007/audio/900001/a60_story1_zoe_8138fc72.m4a","to":"/audio/sets/900001/a60_story1_zoe_8138fc72.m4a"}],"downloaded":[],"message":""}
A new version of Supabase CLI is available: v2.118.0 (currently installed v2.116.0)
We recommend updating regularly for new features and bug fixes: https://supabase.com/docs/guides/cli/getting-started#updating-the-supabase-cli
up audio/sets/900001/a60_story1_zoe_8138fc72.m4a
{"uploaded":[{"from":"/Users/kristiansurhanak/Projects/and-again-content/runs/a60_20261007/audio/900001/a60_story2_zoe_28dc2a87.m4a","to":"/audio/sets/900001/a60_story2_zoe_28dc2a87.m4a"}],"downloaded":[],"message":""}
A new version of Supabase CLI is available: v2.118.0 (currently installed v2.116.0)
We recommend updating regularly for new features and bug fixes: https://supabase.com/docs/guides/cli/getting-started#updating-the-supabase-cli
up audio/sets/900001/a60_story2_zoe_28dc2a87.m4a
{"uploaded":[{"from":"/Users/kristiansurhanak/Projects/and-again-content/runs/a60_20261007/audio/900001/a60_story3_zoe_00b9bff7.m4a","to":"/audio/sets/900001/a60_story3_zoe_00b9bff7.m4a"}],"downloaded":[],"message":""}
A new version of Supabase CLI is available: v2.118.0 (currently installed v2.116.0)
We recommend updating regularly for new features and bug fixes: https://supabase.com/docs/guides/cli/getting-started#updating-the-supabase-cli
up audio/sets/900001/a60_story3_zoe_00b9bff7.m4a
{"uploaded":[{"from":"/Users/kristiansurhanak/Projects/and-again-content/runs/a60_20261007/audio/900002/a60_caption1_nathan_d76f325e.m4a","to":"/audio/sets/900002/a60_caption1_nathan_d76f325e.m4a"}],"downloaded":[],"message":""}
A new version of Supabase CLI is available: v2.118.0 (currently installed v2.116.0)
We recommend updating regularly for new features and bug fixes: https://supabase.com/docs/guides/cli/getting-started#updating-the-supabase-cli
up audio/sets/900002/a60_caption1_nathan_d76f325e.m4a
{"uploaded":[{"from":"/Users/kristiansurhanak/Projects/and-again-content/runs/a60_20261007/audio/900002/a60_caption2_nathan_b8a80ec9.m4a","to":"/audio/sets/900002/a60_caption2_nathan_b8a80ec9.m4a"}],"downloaded":[],"message":""}
A new version of Supabase CLI is available: v2.118.0 (currently installed v2.116.0)
We recommend updating regularly for new features and bug fixes: https://supabase.com/docs/guides/cli/getting-started#updating-the-supabase-cli
up audio/sets/900002/a60_caption2_nathan_b8a80ec9.m4a
{"uploaded":[{"from":"/Users/kristiansurhanak/Projects/and-again-content/runs/a60_20261007/audio/900002/a60_caption3_nathan_7c8ca671.m4a","to":"/audio/sets/900002/a60_caption3_nathan_7c8ca671.m4a"}],"downloaded":[],"message":""}
A new version of Supabase CLI is available: v2.118.0 (currently installed v2.116.0)
We recommend updating regularly for new features and bug fixes: https://supabase.com/docs/guides/cli/getting-started#updating-the-supabase-cli
up audio/sets/900002/a60_caption3_nathan_7c8ca671.m4a
{"uploaded":[{"from":"/Users/kristiansurhanak/Projects/and-again-content/runs/a60_20261007/audio/900002/a60_noun1_nathan_b7ae8995.m4a","to":"/audio/sets/900002/a60_noun1_nathan_b7ae8995.m4a"}],"downloaded":[],"message":""}
A new version of Supabase CLI is available: v2.118.0 (currently installed v2.116.0)
We recommend updating regularly for new features and bug fixes: https://supabase.com/docs/guides/cli/getting-started#updating-the-supabase-cli
up audio/sets/900002/a60_noun1_nathan_b7ae8995.m4a
{"uploaded":[{"from":"/Users/kristiansurhanak/Projects/and-again-content/runs/a60_20261007/audio/900002/a60_noun2_nathan_b3f63624.m4a","to":"/audio/sets/900002/a60_noun2_nathan_b3f63624.m4a"}],"downloaded":[],"message":""}
A new version of Supabase CLI is available: v2.118.0 (currently installed v2.116.0)
We recommend updating regularly for new features and bug fixes: https://supabase.com/docs/guides/cli/getting-started#updating-the-supabase-cli
up audio/sets/900002/a60_noun2_nathan_b3f63624.m4a
{"uploaded":[{"from":"/Users/kristiansurhanak/Projects/and-again-content/runs/a60_20261007/audio/900002/a60_noun3_nathan_6b9eab19.m4a","to":"/audio/sets/900002/a60_noun3_nathan_6b9eab19.m4a"}],"downloaded":[],"message":""}
A new version of Supabase CLI is available: v2.118.0 (currently installed v2.116.0)
We recommend updating regularly for new features and bug fixes: https://supabase.com/docs/guides/cli/getting-started#updating-the-supabase-cli
up audio/sets/900002/a60_noun3_nathan_6b9eab19.m4a
{"uploaded":[{"from":"/Users/kristiansurhanak/Projects/and-again-content/runs/a60_20261007/audio/900002/a60_phrase1_nathan_4759afe3.m4a","to":"/audio/sets/900002/a60_phrase1_nathan_4759afe3.m4a"}],"downloaded":[],"message":""}
A new version of Supabase CLI is available: v2.118.0 (currently installed v2.116.0)
We recommend updating regularly for new features and bug fixes: https://supabase.com/docs/guides/cli/getting-started#updating-the-supabase-cli
up audio/sets/900002/a60_phrase1_nathan_4759afe3.m4a
{"uploaded":[{"from":"/Users/kristiansurhanak/Projects/and-again-content/runs/a60_20261007/audio/900002/a60_phrase2_nathan_fb1c0160.m4a","to":"/audio/sets/900002/a60_phrase2_nathan_fb1c0160.m4a"}],"downloaded":[],"message":""}
A new version of Supabase CLI is available: v2.118.0 (currently installed v2.116.0)
We recommend updating regularly for new features and bug fixes: https://supabase.com/docs/guides/cli/getting-started#updating-the-supabase-cli
up audio/sets/900002/a60_phrase2_nathan_fb1c0160.m4a
{"uploaded":[{"from":"/Users/kristiansurhanak/Projects/and-again-content/runs/a60_20261007/audio/900002/a60_phrase3_nathan_e510b7a7.m4a","to":"/audio/sets/900002/a60_phrase3_nathan_e510b7a7.m4a"}],"downloaded":[],"message":""}
A new version of Supabase CLI is available: v2.118.0 (currently installed v2.116.0)
We recommend updating regularly for new features and bug fixes: https://supabase.com/docs/guides/cli/getting-started#updating-the-supabase-cli
up audio/sets/900002/a60_phrase3_nathan_e510b7a7.m4a
{"uploaded":[{"from":"/Users/kristiansurhanak/Projects/and-again-content/runs/a60_20261007/audio/900002/a60_story1_nathan_50938552.m4a","to":"/audio/sets/900002/a60_story1_nathan_50938552.m4a"}],"downloaded":[],"message":""}
A new version of Supabase CLI is available: v2.118.0 (currently installed v2.116.0)
We recommend updating regularly for new features and bug fixes: https://supabase.com/docs/guides/cli/getting-started#updating-the-supabase-cli
up audio/sets/900002/a60_story1_nathan_50938552.m4a
{"uploaded":[{"from":"/Users/kristiansurhanak/Projects/and-again-content/runs/a60_20261007/audio/900002/a60_story2_nathan_b4fd74ea.m4a","to":"/audio/sets/900002/a60_story2_nathan_b4fd74ea.m4a"}],"downloaded":[],"message":""}
A new version of Supabase CLI is available: v2.118.0 (currently installed v2.116.0)
We recommend updating regularly for new features and bug fixes: https://supabase.com/docs/guides/cli/getting-started#updating-the-supabase-cli
up audio/sets/900002/a60_story2_nathan_b4fd74ea.m4a
{"uploaded":[{"from":"/Users/kristiansurhanak/Projects/and-again-content/runs/a60_20261007/audio/900002/a60_story3_nathan_7a643e70.m4a","to":"/audio/sets/900002/a60_story3_nathan_7a643e70.m4a"}],"downloaded":[],"message":""}
A new version of Supabase CLI is available: v2.118.0 (currently installed v2.116.0)
We recommend updating regularly for new features and bug fixes: https://supabase.com/docs/guides/cli/getting-started#updating-the-supabase-cli
up audio/sets/900002/a60_story3_nathan_7a643e70.m4a
{"uploaded":[{"from":"/Users/kristiansurhanak/Projects/and-again-content/runs/a60_20261007/upload/pics/classical_a60_car1_355e4b4f.webp","to":"/Thumbnails/lab/a60/classical_a60_car1_355e4b4f.webp"}],"downloaded":[],"message":""}
A new version of Supabase CLI is available: v2.118.0 (currently installed v2.116.0)
We recommend updating regularly for new features and bug fixes: https://supabase.com/docs/guides/cli/getting-started#updating-the-supabase-cli
up Thumbnails/lab/a60/classical_a60_car1_355e4b4f.webp
{"uploaded":[{"from":"/Users/kristiansurhanak/Projects/and-again-content/runs/a60_20261007/upload/pics/classical_a60_car2_cf872d0f.webp","to":"/Thumbnails/lab/a60/classical_a60_car2_cf872d0f.webp"}],"downloaded":[],"message":""}
A new version of Supabase CLI is available: v2.118.0 (currently installed v2.116.0)
We recommend updating regularly for new features and bug fixes: https://supabase.com/docs/guides/cli/getting-started#updating-the-supabase-cli
up Thumbnails/lab/a60/classical_a60_car2_cf872d0f.webp
{"uploaded":[{"from":"/Users/kristiansurhanak/Projects/and-again-content/runs/a60_20261007/upload/pics/classical_a60_car3_0ce26044.webp","to":"/Thumbnails/lab/a60/classical_a60_car3_0ce26044.webp"}],"downloaded":[],"message":""}
A new version of Supabase CLI is available: v2.118.0 (currently installed v2.116.0)
We recommend updating regularly for new features and bug fixes: https://supabase.com/docs/guides/cli/getting-started#updating-the-supabase-cli
up Thumbnails/lab/a60/classical_a60_car3_0ce26044.webp
{"uploaded":[{"from":"/Users/kristiansurhanak/Projects/and-again-content/runs/a60_20261007/upload/pics/classical_a60_pic_3e7d888f.webp","to":"/Thumbnails/lab/a60/classical_a60_pic_3e7d888f.webp"}],"downloaded":[],"message":""}
A new version of Supabase CLI is available: v2.118.0 (currently installed v2.116.0)
We recommend updating regularly for new features and bug fixes: https://supabase.com/docs/guides/cli/getting-started#updating-the-supabase-cli
up Thumbnails/lab/a60/classical_a60_pic_3e7d888f.webp
{"uploaded":[{"from":"/Users/kristiansurhanak/Projects/and-again-content/runs/a60_20261007/upload/pics/classical_a60_thumb_db839902.webp","to":"/Thumbnails/lab/a60/classical_a60_thumb_db839902.webp"}],"downloaded":[],"message":""}
A new version of Supabase CLI is available: v2.118.0 (currently installed v2.116.0)
We recommend updating regularly for new features and bug fixes: https://supabase.com/docs/guides/cli/getting-started#updating-the-supabase-cli
up Thumbnails/lab/a60/classical_a60_thumb_db839902.webp
{"uploaded":[{"from":"/Users/kristiansurhanak/Projects/and-again-content/runs/a60_20261007/upload/pics/select_a60_car1_f4d07ce7.webp","to":"/Thumbnails/lab/a60/select_a60_car1_f4d07ce7.webp"}],"downloaded":[],"message":""}
A new version of Supabase CLI is available: v2.118.0 (currently installed v2.116.0)
We recommend updating regularly for new features and bug fixes: https://supabase.com/docs/guides/cli/getting-started#updating-the-supabase-cli
up Thumbnails/lab/a60/select_a60_car1_f4d07ce7.webp
{"uploaded":[{"from":"/Users/kristiansurhanak/Projects/and-again-content/runs/a60_20261007/upload/pics/select_a60_car2_f42acfd5.webp","to":"/Thumbnails/lab/a60/select_a60_car2_f42acfd5.webp"}],"downloaded":[],"message":""}
A new version of Supabase CLI is available: v2.118.0 (currently installed v2.116.0)
We recommend updating regularly for new features and bug fixes: https://supabase.com/docs/guides/cli/getting-started#updating-the-supabase-cli
up Thumbnails/lab/a60/select_a60_car2_f42acfd5.webp
{"uploaded":[{"from":"/Users/kristiansurhanak/Projects/and-again-content/runs/a60_20261007/upload/pics/select_a60_car3_24e433ae.webp","to":"/Thumbnails/lab/a60/select_a60_car3_24e433ae.webp"}],"downloaded":[],"message":""}
A new version of Supabase CLI is available: v2.118.0 (currently installed v2.116.0)
We recommend updating regularly for new features and bug fixes: https://supabase.com/docs/guides/cli/getting-started#updating-the-supabase-cli
up Thumbnails/lab/a60/select_a60_car3_24e433ae.webp
{"uploaded":[{"from":"/Users/kristiansurhanak/Projects/and-again-content/runs/a60_20261007/upload/pics/select_a60_pic_91b648a4.webp","to":"/Thumbnails/lab/a60/select_a60_pic_91b648a4.webp"}],"downloaded":[],"message":""}
A new version of Supabase CLI is available: v2.118.0 (currently installed v2.116.0)
We recommend updating regularly for new features and bug fixes: https://supabase.com/docs/guides/cli/getting-started#updating-the-supabase-cli
up Thumbnails/lab/a60/select_a60_pic_91b648a4.webp
{"uploaded":[{"from":"/Users/kristiansurhanak/Projects/and-again-content/runs/a60_20261007/upload/pics/select_a60_thumb_1b9f75c5.webp","to":"/Thumbnails/lab/a60/select_a60_thumb_1b9f75c5.webp"}],"downloaded":[],"message":""}
A new version of Supabase CLI is available: v2.118.0 (currently installed v2.116.0)
We recommend updating regularly for new features and bug fixes: https://supabase.com/docs/guides/cli/getting-started#updating-the-supabase-cli
up Thumbnails/lab/a60/select_a60_thumb_1b9f75c5.webp
