Counter({('es', True): 668, ('hu', True): 527, ('tr', True): 270, ('es', False): 118, ('ua', True): 88, ('hu', False): 39, ('tr', False): 7})
 FAIL 433 es gap opens the sentence: the pronoun would need correct_answer re-cased (left untouched) ['Él ... la bolsa de flores al suelo, y ahora toda la nave se ha quedado en silencio.', 'Él ha tirado la bolsa de flores al suelo, y ahora toda la nave se ha quedado en silencio.']
 FAIL 494 es gap opens the sentence: the pronoun would need correct_answer re-cased (left untouched) ['«Vale, yo tiré las palomitas», se rió el chico. - Él ... haberlas tirado por toda la fila.', '«Vale, yo tiré las palomitas», se rió el chico. - Él admitió haberlas tirado por toda la fila.']
 FAIL 969 es gap opens the sentence: the pronoun would need correct_answer re-cased (left untouched) ['... el susto en su cara, ella pagó su mitad de la cuenta con una sonrisa enorme.', 'A pesar de el susto en su cara, ella pagó su mitad de la cuenta con una sonrisa enorme.']
 FAIL 1268 es gap opens the sentence: the pronoun would need correct_answer re-cased (left untouched) ['Él ... más de una hora tumbado en esas sillas de plástico, así que tenía la espalda completamente agarrotada.', 'Él llevaba más de una hora tumbado en esas sillas de plástico, así que tenía la espalda completamente agarrotada.']
 FAIL 1391 es gap opens the sentence: the pronoun would need correct_answer re-cased (left untouched) ['Ella ... colgar el panel terminado en el escaparate del taller.', 'Ella sugirió colgar el panel terminado en el escaparate del taller.']
 FAIL 1615 es gap opens the sentence: the pronoun would need correct_answer re-cased (left untouched) ['Ella ... que una carta no era asunto de nadie más, y entonces la funcionaria cogió su rodillo.', 'Ella solía creer que una carta no era asunto de nadie más, y entonces la funcionaria cogió su rodillo.']
 FAIL 1899 es gap opens the sentence: the pronoun would need correct_answer re-cased (left untouched) ['Él ... los tacos antes de ese partido: dos se soltaron en los primeros diez minutos.', 'Él debería haber revisado los tacos antes de ese partido: dos se soltaron en los primeros diez minutos.']
 FAIL 2039 es gap opens the sentence: the pronoun would need correct_answer re-cased (left untouched) ['Ella ... por su mejor amiga antes incluso de que se le secaran las lágrimas.', 'Ella fue consolada por su mejor amiga antes incluso de que se le secaran las lágrimas.']
 FAIL 2411 es gap opens the sentence: the pronoun would need correct_answer re-cased (left untouched) ['..., él pasó el vestíbulo fronterizo sin pagar ni un euro de multa.', 'Al final, él pasó el vestíbulo fronterizo sin pagar ni un euro de multa.']
 FAIL 2529 es gap opens the sentence: the pronoun would need correct_answer re-cased (left untouched) ['... ellos nunca habían construido nada antes, su silla de cartón aguantó una piedra pesada.', 'Aunque ellos nunca habían construido nada antes, su silla de cartón aguantó una piedra pesada.']
 FAIL 2757 es gap opens the sentence: the pronoun would need correct_answer re-cased (left untouched) ['Ella ... esa presa mojada en el último movimiento: la mano se le fue en cuanto tiró de ella.', 'Ella no debería haber usado esa presa mojada en el último movimiento: la mano se le fue en cuanto tiró de ella.']
 FAIL 2919 es gap opens the sentence: the pronoun would need correct_answer re-cased (left untouched) ['... los carteles de aviso del campamento, ella salió hasta el borde.', 'A pesar de los carteles de aviso del campamento, ella salió hasta el borde.']
 FAIL 3316 es gap opens the sentence: the pronoun would need correct_answer re-cased (left untouched) ['Ella ... detrás de la cortina cuando su amiga por fin levantó la vista del móvil.', 'Ella se estaba cambiando detrás de la cortina cuando su amiga por fin levantó la vista del móvil.']
 FAIL 4004 es gap opens the sentence: the pronoun would need correct_answer re-cased (left untouched) ['Ella ... haber copiado el diseño de internet, y de verdad lo dibujó ella misma.', 'Ella negó haber copiado el diseño de internet, y de verdad lo dibujó ella misma.']
 FAIL 4089 es gap opens the sentence: the pronoun would need correct_answer re-cased (left untouched) ['... el calor, ellos subieron hasta lo alto del prado.', 'A pesar de el calor, ellos subieron hasta lo alto del prado.']
 FAIL 4409 es gap opens the sentence: the pronoun would need correct_answer re-cased (left untouched) ['Ella ... ese pino en su cuarto desde hace semanas, y hoy por fin se lo enseñó.', 'Ella lleva practicando ese pino en su cuarto desde hace semanas, y hoy por fin se lo enseñó.']
 FAIL 4551 es gap opens the sentence: the pronoun would need correct_answer re-cased (left untouched) ['Él ... cerrado la verja anoche - esta mañana los gansos estaban en medio de las coles.', 'Él debería haber cerrado la verja anoche - esta mañana los gansos estaban en medio de las coles.']
 FAIL 4674 es gap opens the sentence: the pronoun would need correct_answer re-cased (left untouched) ['... todo el movimiento de brazos detrás de la cuerda, ella no levantó la vista ni una vez.', 'A pesar de todo el movimiento de brazos detrás de la cuerda, ella no levantó la vista ni una vez.']
 FAIL 4863 es gap opens the sentence: the pronoun would need correct_answer re-cased (left untouched) ['Ella ... la batería externa en casa - el uno por ciento no es la idea de un café tranquilo para nadie.', 'Ella no debería haber dejado la batería externa en casa - el uno por ciento no es la idea de un café tranquilo para nadie.']
 FAIL 4902 es gap opens the sentence: the pronoun would need correct_answer re-cased (left untouched) ['Él ... a la clínica hace semanas en vez de googlear su propia columna a medianoche.', 'Él debería haber ido a la clínica hace semanas en vez de googlear su propia columna a medianoche.']
 FAIL 5188 es gap opens the sentence: the pronoun would need correct_answer re-cased (left untouched) ['Él ... en medio de la cocina cuando entró su novia con dos tazas.', 'Él bostezaba en medio de la cocina cuando entró su novia con dos tazas.']
 FAIL 5753 es gap opens the sentence: the pronoun would need correct_answer re-cased (left untouched) ['Él ... diez minutos mirando el pescado cuando pensó en el bol.', 'Él llevaba diez minutos mirando el pescado cuando pensó en el bol.']
 FAIL 6253 es gap opens the sentence: the pronoun would need correct_answer re-cased (left untouched) ['Ellos ... este viaje durante semanas: mira ese equipaje.', 'Ellos debieron de planear este viaje durante semanas: mira ese equipaje.']
 FAIL 6285 es gap opens the sentence: the pronoun would need correct_answer re-cased (left untouched) ['Él ... la misma pantalla desde hace diez minutos.', 'Él lleva explicando la misma pantalla desde hace diez minutos.']
 FAIL 6443 es gap opens the sentence: the pronoun would need correct_answer re-cased (left untouched) ['Ellas ... esa única mancha durante siglos cuando por fin se difuminó.', 'Ellas llevaban dando toques en esa única mancha durante siglos cuando por fin se difuminó.']
 FAIL 6530 es gap opens the sentence: the pronoun would need correct_answer re-cased (left untouched) ['Él ... girando el globo terráqueo una hora cuando se fundió la bombilla.', 'Él llevaba girando el globo terráqueo una hora cuando se fundió la bombilla.']
 FAIL 6589 es gap opens the sentence: the pronoun would need correct_answer re-cased (left untouched) ['Ellos ... discutiendo por una sola línea horas cuando ella lo selló.', 'Ellos llevaban discutiendo por una sola línea horas cuando ella lo selló.']
 FAIL 6694 es gap opens the sentence: the pronoun would need correct_answer re-cased (left untouched) ['Ellos ... plastificar las páginas de la guía antes del viaje.', 'Ellos mandaron plastificar las páginas de la guía antes del viaje.']
 FAIL 6862 es gap opens the sentence: the pronoun would need correct_answer re-cased (left untouched) ['Ella ... las botas cuando el sol dio en el tejado del refugio.', 'Ella estaba atándose las botas cuando el sol dio en el tejado del refugio.']
 FAIL 7938 es gap opens the sentence: the pronoun would need correct_answer re-cased (left untouched) ['Él ... esa pistola durante meses cuando por fin disparó.', 'Él llevaba construyendo esa pistola durante meses cuando por fin disparó.']
 FAIL 8148 es gap opens the sentence: the pronoun would need correct_answer re-cased (left untouched) ['Ella ... el disparador tres veces mientras él seguía moviéndose.', 'Ella apretó el disparador tres veces mientras él seguía moviéndose.']
 FAIL 8240 es gap opens the sentence: the pronoun would need correct_answer re-cased (left untouched) ['Él ... la última franja cuando los jugadores salieron a entrenar.', 'Él estaba cortando la última franja cuando los jugadores salieron a entrenar.']
 FAIL 8382 es gap opens the sentence: the pronoun would need correct_answer re-cased (left untouched) ['Ellos ... meses entrenando para esta final antes de hoy.', 'Ellos llevaban meses entrenando para esta final antes de hoy.']
 FAIL 8864 es gap opens the sentence: the pronoun would need correct_answer re-cased (left untouched) ['Ella ... para esta altura desde la primera ronda.', 'Ella lleva entrenando para esta altura desde la primera ronda.']
 FAIL 8989 es gap opens the sentence: the pronoun would need correct_answer re-cased (left untouched) ['Ella ... aterrada: mira sus manos en el volante.', 'Ella debió de estar aterrada: mira sus manos en el volante.']
 FAIL 9023 es gap opens the sentence: the pronoun would need correct_answer re-cased (left untouched) ['Él ... durante cuatro horas cuando escribió una sola línea.', 'Él llevaba leyendo durante cuatro horas cuando escribió una sola línea.']
 FAIL 9413 es gap opens the sentence: the pronoun would need correct_answer re-cased (left untouched) ['Él ... queso todos los meses, pero ahora mismo solo sonríe.', 'Él pasa queso todos los meses, pero ahora mismo solo sonríe.']
 FAIL 9705 es gap opens the sentence: the pronoun would need correct_answer re-cased (left untouched) ['Ellos ... firmar este acuerdo hace años: nada se lo impedía.', 'Ellos podrían haber firmar este acuerdo hace años: nada se lo impedía.']
 FAIL 10463 es gap opens the sentence: the pronoun would need correct_answer re-cased (left untouched) ['Ella ... la chaqueta del chándal cuando apareció la primera amiga.', 'Ella estaba subiendo la chaqueta del chándal cuando apareció la primera amiga.']
 FAIL 10542 es gap opens the sentence: the pronoun would need correct_answer re-cased (left untouched) ['Él ... preguntarme primero, pero simplemente se puso el sombrero.', 'Él podría haberme preguntarme primero, pero simplemente se puso el sombrero.']
 FAIL 10743 es gap opens the sentence: the pronoun would need correct_answer re-cased (left untouched) ['Ella ... una espiral, y una ola se la llevó al instante.', 'Ella dibujó una espiral, y una ola se la llevó al instante.']
 FAIL 10939 es gap opens the sentence: the pronoun would need correct_answer re-cased (left untouched) ['Ella ... ya doce piruletas, así que el ramo está casi lleno.', 'Ella ha envuelto ya doce piruletas, así que el ramo está casi lleno.']
 FAIL 10979 es gap opens the sentence: the pronoun would need correct_answer re-cased (left untouched) ['Ella ... sus arrugas de la frente cuando su abuela se asomó de golpe.', 'Ella estaba enseñando sus arrugas de la frente cuando su abuela se asomó de golpe.']
 FAIL 11099 es gap opens the sentence: the pronoun would need correct_answer re-cased (left untouched) ['¡Mira esos bastones! Él ... el avión ahora mismo.', '¡Mira esos bastones! Él va a parar el avión ahora mismo.']
 FAIL 11156 es gap opens the sentence: the pronoun would need correct_answer re-cased (left untouched) ['¡Mira su cara enfadada! Ella ... en un segundo.', '¡Mira su cara enfadada! Ella va a gritar en un segundo.']
 FAIL 11226 es gap opens the sentence: the pronoun would need correct_answer re-cased (left untouched) ['Él ... una manzana en este huerto cada otoño.', 'Él coge una manzana en este huerto cada otoño.']
 FAIL 11478 es gap opens the sentence: the pronoun would need correct_answer re-cased (left untouched) ['Ellos ... un plan gracioso: caminar hacia atrás en el parque.', 'Ellos tienen un plan gracioso: caminar hacia atrás en el parque.']
 FAIL 11517 es gap opens the sentence: the pronoun would need correct_answer re-cased (left untouched) ['¡Mira! Ella ... un sándwich en la bolsa ahora.', '¡Mira! Ella está metiendo un sándwich en la bolsa ahora.']
 FAIL 11580 es gap opens the sentence: the pronoun would need correct_answer re-cased (left untouched) ['¡Mira su boca abierta! Él ... el plátano.', '¡Mira su boca abierta! Él se va a comer el plátano.']
 FAIL 11698 es gap opens the sentence: the pronoun would need correct_answer re-cased (left untouched) ['Tú ... llevar las pilas viejas a una tienda.', 'Tú tienes que llevar las pilas viejas a una tienda.']
 FAIL 11726 es gap opens the sentence: the pronoun would need correct_answer re-cased (left untouched) ['Tú ... construir el castillo más lejos del agua.', 'Tú deberías construir el castillo más lejos del agua.']
 FAIL 12293 es gap opens the sentence: the pronoun would need correct_answer re-cased (left untouched) ['Tú ... desayunar antes de salir de casa.', 'Tú deberías desayunar antes de salir de casa.']
 FAIL 12299 es gap opens the sentence: the pronoun would need correct_answer re-cased (left untouched) ['Él ... azulejos azules con un martillo pesado.', 'Él rompe azulejos azules con un martillo pesado.']
 FAIL 12335 es gap opens the sentence: the pronoun would need correct_answer re-cased (left untouched) ['Ellos ... un taladro, un nivel y cuatro tablas.', 'Ellos tienen un taladro, un nivel y cuatro tablas.']
 FAIL 12412 es gap opens the sentence: the pronoun would need correct_answer re-cased (left untouched) ['Tú ... dejar que el queso se derrita antes de montarla.', 'Tú deberías dejar que el queso se derrita antes de montarla.']
 FAIL 12540 es gap opens the sentence: the pronoun would need correct_answer re-cased (left untouched) ['Él ... esta camisa todos los días, pero ayer llevó otra.', 'Él lleva esta camisa todos los días, pero ayer llevó otra.']
 FAIL 12745 es gap opens the sentence: the pronoun would need correct_answer re-cased (left untouched) ['Tú ... alejar la vela del papel.', 'Tú deberías alejar la vela del papel.']
 FAIL 12882 es gap opens the sentence: the pronoun would need correct_answer re-cased (left untouched) ['Tú ... agarrarte a la barandilla en la escalera.', 'Tú deberías agarrarte a la barandilla en la escalera.']
 FAIL 12909 es gap opens the sentence: the pronoun would need correct_answer re-cased (left untouched) ['Tú ... poner el rascador cerca de la ventana.', 'Tú deberías poner el rascador cerca de la ventana.']
 FAIL 13152 es gap opens the sentence: the pronoun would need correct_answer re-cased (left untouched) ['Tú ... llevar un cargador en la mochila.', 'Tú deberías llevar un cargador en la mochila.']
 FAIL 13242 es gap opens the sentence: the pronoun would need correct_answer re-cased (left untouched) ['Ella ... una tira de chicle rosa.', 'Ella tiene una tira de chicle rosa.']
 FAIL 13329 es gap opens the sentence: the pronoun would need correct_answer re-cased (left untouched) ['No es fácil. ¿Tú ... usar palillos?', 'No es fácil. ¿Tú puedes usar palillos?']
 FAIL 13348 es gap opens the sentence: the pronoun would need correct_answer re-cased (left untouched) ['El dumpling está caliente. Tú ... esperar un minuto.', 'El dumpling está caliente. Tú tienes que esperar un minuto.']
 FAIL 13359 es gap opens the sentence: the pronoun would need correct_answer re-cased (left untouched) ['Los asientos están a oscuras. ¿Tú ... ver la pantalla?', 'Los asientos están a oscuras. ¿Tú puedes ver la pantalla?']
 FAIL 13378 es gap opens the sentence: the pronoun would need correct_answer re-cased (left untouched) ['La película empieza. Tú ... apagar el móvil.', 'La película empieza. Tú tienes que apagar el móvil.']
 FAIL 13943 es gap opens the sentence: the pronoun would need correct_answer re-cased (left untouched) ['Estás cansada. Tú ... hacer una pausa corta.', 'Estás cansada. Tú deberías hacer una pausa corta.']
 FAIL 14073 es gap opens the sentence: the pronoun would need correct_answer re-cased (left untouched) ['El semáforo está en verde. Él ... a cruzar la calle.', 'El semáforo está en verde. Él va a cruzar la calle.']
 FAIL 14158 es gap opens the sentence: the pronoun would need correct_answer re-cased (left untouched) ['La tetera está llena. Ella ... a servir otra taza.', 'La tetera está llena. Ella va a servir otra taza.']
 FAIL 14364 es gap opens the sentence: the pronoun would need correct_answer re-cased (left untouched) ['Tú ... pagar al repartidor antes de que se vaya.', 'Tú tienes que pagar al repartidor antes de que se vaya.']
 FAIL 14600 es gap opens the sentence: the pronoun would need correct_answer re-cased (left untouched) ['¿Yo ... tomar otra bebida, por favor?', '¿Yo puedo tomar otra bebida, por favor?']
 FAIL 14655 es gap opens the sentence: the pronoun would need correct_answer re-cased (left untouched) ['Él ... aparcar en un solo movimiento.', 'Él puede aparcar en un solo movimiento.']
 FAIL 14690 es gap opens the sentence: the pronoun would need correct_answer re-cased (left untouched) ['Él ... caer la manzana y rebotó.', 'Él dejó caer la manzana y rebotó.']
 FAIL 14764 es gap opens the sentence: the pronoun would need correct_answer re-cased (left untouched) ['Ellos ... un trapo y un plumero viejo.', 'Ellos tienen un trapo y un plumero viejo.']
 FAIL 14817 es gap opens the sentence: the pronoun would need correct_answer re-cased (left untouched) ['Tú ... mirar de cerca para encontrar tu ciudad.', 'Tú tienes que mirar de cerca para encontrar tu ciudad.']
 FAIL 14900 es gap opens the sentence: the pronoun would need correct_answer re-cased (left untouched) ['Tú ... romper el huevo en una mesa plana.', 'Tú tienes que romper el huevo en una mesa plana.']
 FAIL 14929 es gap opens the sentence: the pronoun would need correct_answer re-cased (left untouched) ['Tú ... cortar la corriente antes de empezar.', 'Tú tienes que cortar la corriente antes de empezar.']
 FAIL 15116 es gap opens the sentence: the pronoun would need correct_answer re-cased (left untouched) ['Ellos ... mirar todo el cielo de la tarde.', 'Ellos van a mirar todo el cielo de la tarde.']
 FAIL 15220 es gap opens the sentence: the pronoun would need correct_answer re-cased (left untouched) ['Él ... en el sitio durante dos minutos.', 'Él corrió en el sitio durante dos minutos.']
 FAIL 15278 es gap opens the sentence: the pronoun would need correct_answer re-cased (left untouched) ['Yo ... girar este juguete para mis amigos.', 'Yo haré girar este juguete para mis amigos.']
 FAIL 15511 es gap opens the sentence: the pronoun would need correct_answer re-cased (left untouched) ['Él ... el primer trozo y cerró los ojos.', 'Él probó el primer trozo y cerró los ojos.']
 FAIL 15531 es gap opens the sentence: the pronoun would need correct_answer re-cased (left untouched) ['La caña se dobla. ¿Tú ... sujetarla?', 'La caña se dobla. ¿Tú puedes sujetarla?']
 FAIL 15558 es gap opens the sentence: the pronoun would need correct_answer re-cased (left untouched) ['Aquí arriba hace viento. ¿Tú ... ver la bandera?', 'Aquí arriba hace viento. ¿Tú puedes ver la bandera?']
 FAIL 15578 es gap opens the sentence: the pronoun would need correct_answer re-cased (left untouched) ['Tienes las manos frías. Tú ... ponerte las manoplas.', 'Tienes las manos frías. Tú deberías ponerte las manoplas.']
 FAIL 15606 es gap opens the sentence: the pronoun would need correct_answer re-cased (left untouched) ['El pájaro está sobre ti. Tú ... no moverte ahora.', 'El pájaro está sobre ti. Tú deberías no moverte ahora.']
 FAIL 15660 es gap opens the sentence: the pronoun would need correct_answer re-cased (left untouched) ['Las flores están secas. Nosotros ... ponerlas en agua.', 'Las flores están secas. Nosotros tenemos que ponerlas en agua.']
 FAIL 15723 es gap opens the sentence: the pronoun would need correct_answer re-cased (left untouched) ['Él ... un gorro rojo brillante.', 'Él tiene un gorro rojo brillante.']
 FAIL 15745 es gap opens the sentence: the pronoun would need correct_answer re-cased (left untouched) ['No lo ves. Tú ... gritar su nombre.', 'No lo ves. Tú deberías gritar su nombre.']
 FAIL 15752 es gap opens the sentence: the pronoun would need correct_answer re-cased (left untouched) ['El guiso huele genial. ¿Tú ... pasármelo?', 'El guiso huele genial. ¿Tú puedes pasármelo?']
 FAIL 15799 es gap opens the sentence: the pronoun would need correct_answer re-cased (left untouched) ['Se pone el sol. Nosotros ... terminar pronto.', 'Se pone el sol. Nosotros tenemos que terminar pronto.']
 FAIL 15917 es gap opens the sentence: the pronoun would need correct_answer re-cased (left untouched) ['¡Uau! ¿Tú ... ver el aire frío?', '¡Uau! ¿Tú puedes ver el aire frío?']
 FAIL 16097 es gap opens the sentence: the pronoun would need correct_answer re-cased (left untouched) ['¡Mira su cara! Él ... a perder otra vez.', '¡Mira su cara! Él va a perder otra vez.']
 FAIL 16130 es gap opens the sentence: the pronoun would need correct_answer re-cased (left untouched) ['La lechuga está seca. Tú ... regarla ya.', 'La lechuga está seca. Tú tienes que regarla ya.']
 FAIL 16220 es gap opens the sentence: the pronoun would need correct_answer re-cased (left untouched) ['¿Llego tarde? ¿Yo ... subir todavía?', '¿Llego tarde? ¿Yo puedo subir todavía?']
 FAIL 16306 es gap opens the sentence: the pronoun would need correct_answer re-cased (left untouched) ['¿Tú ... saltar hasta dentro del aro?', '¿Tú puedes saltar hasta dentro del aro?']
 FAIL 16583 es gap opens the sentence: the pronoun would need correct_answer re-cased (left untouched) ['¿Tú ... ver al nieto en la puerta?', '¿Tú puedes ver al nieto en la puerta?']
 FAIL 16639 es gap opens the sentence: the pronoun would need correct_answer re-cased (left untouched) ['Él ... verduras en la parrilla todas las noches.', 'Él hace verduras en la parrilla todas las noches.']
 FAIL 16659 es gap opens the sentence: the pronoun would need correct_answer re-cased (left untouched) ['Las barras queman. ¡Tú ... usar las pinzas largas!', 'Las barras queman. ¡Tú debes usar las pinzas largas!']
 FAIL 16710 es gap opens the sentence: the pronoun would need correct_answer re-cased (left untouched) ['¡Mira! Él ... el gimnasio nuevo ahora mismo.', '¡Mira! Él está mirando el gimnasio nuevo ahora mismo.']
 FAIL 16736 es gap opens the sentence: the pronoun would need correct_answer re-cased (left untouched) ['Él ... el cepillo por el nudo grande.', 'Él pasó el cepillo por el nudo grande.']
 FAIL 16846 es gap opens the sentence: the pronoun would need correct_answer re-cased (left untouched) ['¿Tú ... ser feliz sin música? ¡Ella sí!', '¿Tú puedes ser feliz sin música? ¡Ella sí!']
 FAIL 17062 es gap opens the sentence: the pronoun would need correct_answer re-cased (left untouched) ['¡Mira su bate en el aire! Él ... golpear la pelota.', '¡Mira su bate en el aire! Él va a golpear la pelota.']
 FAIL 17187 es gap opens the sentence: the pronoun would need correct_answer re-cased (left untouched) ['¿Tú ... ver el barco? ¡Eso espero!', '¿Tú puedes ver el barco? ¡Eso espero!']
 FAIL 17234 es gap opens the sentence: the pronoun would need correct_answer re-cased (left untouched) ['La estepa es grande. ¡Tú ... llevarte agua!', 'La estepa es grande. ¡Tú tienes que llevarte agua!']
 FAIL 17243 es gap opens the sentence: the pronoun would need correct_answer re-cased (left untouched) ['¿Tú ... sentir el calor que hace hoy?', '¿Tú puedes sentir el calor que hace hoy?']
 FAIL 17262 es gap opens the sentence: the pronoun would need correct_answer re-cased (left untouched) ['Hace mucho calor. ¡Tú ... beber agua cada hora!', 'Hace mucho calor. ¡Tú tienes que beber agua cada hora!']
 FAIL 17315 es gap opens the sentence: the pronoun would need correct_answer re-cased (left untouched) ['¡Mira su cara! Ella ... a llorar en sus brazos.', '¡Mira su cara! Ella va a llorar en sus brazos.']
 FAIL 17330 es gap opens the sentence: the pronoun would need correct_answer re-cased (left untouched) ['¿Tú ... ver las burbujas dentro del hielo?', '¿Tú puedes ver las burbujas dentro del hielo?']
 FAIL 17496 es gap opens the sentence: the pronoun would need correct_answer re-cased (left untouched) ['Él ... una chaqueta abrigada para las tardes frías.', 'Él tiene una chaqueta abrigada para las tardes frías.']
 FAIL 17524 es gap opens the sentence: the pronoun would need correct_answer re-cased (left untouched) ['Él ... la mermelada por toda la rebanada.', 'Él unta la mermelada por toda la rebanada.']
 FAIL 17665 es gap opens the sentence: the pronoun would need correct_answer re-cased (left untouched) ['Él ... la botella de kétchup sobre sus patatas fritas.', 'Él agita la botella de kétchup sobre sus patatas fritas.']
 FAIL 17685 es gap opens the sentence: the pronoun would need correct_answer re-cased (left untouched) ['La botella está atascada. ¡Tú ... golpear más fuerte!', 'La botella está atascada. ¡Tú tienes que golpear más fuerte!']
 FAIL 17741 es gap opens the sentence: the pronoun would need correct_answer re-cased (left untouched) ['¡El saco vuelve! ¡Tú ... apartarte!', '¡El saco vuelve! ¡Tú tienes que apartarte!']
 FAIL 17769 es gap opens the sentence: the pronoun would need correct_answer re-cased (left untouched) ['Tú ... decirlo con un beso, no con un mensaje.', 'Tú deberías decirlo con un beso, no con un mensaje.']
 FAIL 18296 es gap opens the sentence: the pronoun would need correct_answer re-cased (left untouched) ['Tú ... empujar la máquina muy despacio.', 'Tú deberías empujar la máquina muy despacio.']
 FAIL 18457 es gap opens the sentence: the pronoun would need correct_answer re-cased (left untouched) ['Coge su bandeja. Él ... salir del comedor.', 'Coge su bandeja. Él va a salir del comedor.']
 FAIL 18494 es gap opens the sentence: the pronoun would need correct_answer re-cased (left untouched) ['Estás helada. Tú ... quitarte esas botas mojadas.', 'Estás helada. Tú tienes que quitarte esas botas mojadas.']
 FAIL 18607 es gap opens the sentence: the pronoun would need correct_answer re-cased (left untouched) ['Estamos perdidos. Tú ... abrir el mapa ahora.', 'Estamos perdidos. Tú tienes que abrir el mapa ahora.']
 FAIL 18634 es gap opens the sentence: the pronoun would need correct_answer re-cased (left untouched) ['El rotulador está abierto. Tú ... cerrarlo ya.', 'El rotulador está abierto. Tú tienes que cerrarlo ya.']
 FAIL 2411 tr gap opens the sentence: the pronoun would need correct_answer re-cased (left untouched) ['..., o tek euro ceza ödemeden sınır salonundan geçti.', 'Sonunda, o tek euro ceza ödemeden sınır salonundan geçti.']
 FAIL 20786 tr gap opens the sentence: the pronoun would need correct_answer re-cased (left untouched) ['Onlar ... yapıyorlar? Ahşap bir kulübe.', 'Onlar ne yapıyorlar? Ahşap bir kulübe.']
 FAIL 21509 tr gap opens the sentence: the pronoun would need correct_answer re-cased (left untouched) ['O ... kayıyor? Bir park yolunda.', 'O nerede kayıyor? Bir park yolunda.']
 FAIL 21619 tr gap opens the sentence: the pronoun would need correct_answer re-cased (left untouched) ['O ... bağlıyor? Bir demet yeşil ot.', 'O neyi bağlıyor? Bir demet yeşil ot.']
 FAIL 24284 tr gap opens the sentence: the pronoun would need correct_answer re-cased (left untouched) ['Onlar ... esniyorlar? Huş ağaçlı bir parkta.', 'Onlar nerede esniyorlar? Huş ağaçlı bir parkta.']
 FAIL 24512 tr gap opens the sentence: the pronoun would need correct_answer re-cased (left untouched) ['O ... bu kadar şaşırmış? Haber yüzünden.', 'O neden bu kadar şaşırmış? Haber yüzünden.']
 FAIL 26061 tr gap opens the sentence: the pronoun would need correct_answer re-cased (left untouched) ['Onlar ... yürüyüşe çıkıyorlar? Deniz kenarında.', 'Onlar nerede yürüyüşe çıkıyorlar? Deniz kenarında.']
 FAIL 2411 hu gap opens the sentence: the pronoun would need correct_answer re-cased (left untouched) ['..., ő egyetlen euró bírság nélkül jutott át a határcsarnokon.', 'A végén, ő egyetlen euró bírság nélkül jutott át a határcsarnokon.']
 FAIL 2529 hu gap opens the sentence: the pronoun would need correct_answer re-cased (left untouched) ['... ők korábban soha nem építettek semmit, a kartonszékük megtartott egy nehéz követ.', 'Bár ők korábban soha nem építettek semmit, a kartonszékük megtartott egy nehéz követ.']
 FAIL 7607 hu gap opens the sentence: the pronoun would need correct_answer re-cased (left untouched) ['... minket, hogy ne mozgassuk a padot, amíg ő élesre állítja a lencsét.', 'Megkérte minket, hogy ne mozgassuk a padot, amíg ő élesre állítja a lencsét.']
 FAIL 7774 hu gap opens the sentence: the pronoun would need correct_answer re-cased (left untouched) ['... engem, hogy ne mozdítsam a karom, amíg ő alszik.', 'Megkérte engem, hogy ne mozdítsam a karom, amíg ő alszik.']
 FAIL 7816 hu intro: added tokens ['ő', 'volna'] ['Ha nem ... volna szabad a sáv, ő a lakóautó mögött maradt volna.', 'Ha nem lett volna szabad a sáv, ő a lakóautó mögött maradt volna.']
 FAIL 18754 hu gap opens the sentence: the pronoun would need correct_answer re-cased (left untouched) ['... ő megjavítani ma a régi türkiz autót?', 'Tudja ő megjavítani ma a régi türkiz autót?']
 FAIL 19512 hu gap opens the sentence: the pronoun would need correct_answer re-cased (left untouched) ['... te valahol szárazföldet látni ezen az óceánon?', 'Tudsz te valahol szárazföldet látni ezen az óceánon?']
 FAIL 20044 hu gap opens the sentence: the pronoun would need correct_answer re-cased (left untouched) ['... te egy darabban meghámozni egy almát?', 'Tudsz te egy darabban meghámozni egy almát?']
 FAIL 20508 hu gap opens the sentence: the pronoun would need correct_answer re-cased (left untouched) ['... gólt lő ő havonta?', 'Hány gólt lő ő havonta?']
 FAIL 20547 hu gap opens the sentence: the pronoun would need correct_answer re-cased (left untouched) ['... te megtalálni a kulcsaimat abban a zsebben?', 'Tudod te megtalálni a kulcsaimat abban a zsebben?']
 FAIL 20786 hu gap opens the sentence: the pronoun would need correct_answer re-cased (left untouched) ['... építenek ők? Egy fából készült házikót.', 'Mit építenek ők? Egy fából készült házikót.']
 FAIL 21056 hu gap opens the sentence: the pronoun would need correct_answer re-cased (left untouched) ['... te száz métert tíz másodperc alatt lefutni?', 'Tudsz te száz métert tíz másodperc alatt lefutni?']
 FAIL 21476 hu gap opens the sentence: the pronoun would need correct_answer re-cased (left untouched) ['... te egyedül elmozdítani ezt a nehéz sziklát?', 'Tudod te egyedül elmozdítani ezt a nehéz sziklát?']
 FAIL 21509 hu gap opens the sentence: the pronoun would need correct_answer re-cased (left untouched) ['... görkorizik ő? Egy parki ösvényen.', 'Hol görkorizik ő? Egy parki ösvényen.']
 FAIL 21587 hu gap opens the sentence: the pronoun would need correct_answer re-cased (left untouched) ['... te ilyen egyenes sort ültetni?', 'Tudsz te ilyen egyenes sort ültetni?']
 FAIL 21619 hu gap opens the sentence: the pronoun would need correct_answer re-cased (left untouched) ['... köt ő össze? Egy csokor zöld fűszernövényt.', 'Mit köt ő össze? Egy csokor zöld fűszernövényt.']
 FAIL 21711 hu gap opens the sentence: the pronoun would need correct_answer re-cased (left untouched) ['... métert fut ő ma?', 'Hány métert fut ő ma?']
 FAIL 21920 hu gap opens the sentence: the pronoun would need correct_answer re-cased (left untouched) ['... visel ő a lábán? Pántos bőrszandált.', 'Mit visel ő a lábán? Pántos bőrszandált.']
 FAIL 22002 hu gap opens the sentence: the pronoun would need correct_answer re-cased (left untouched) ['... süt ő a serpenyőben? Kolbászt a fjord mellett.', 'Mit süt ő a serpenyőben? Kolbászt a fjord mellett.']
 FAIL 22694 hu gap opens the sentence: the pronoun would need correct_answer re-cased (left untouched) ['... te a hegyen ilyen hangosan kiabálni?', 'Tudsz te a hegyen ilyen hangosan kiabálni?']
 FAIL 22916 hu gap opens the sentence: the pronoun would need correct_answer re-cased (left untouched) ['... te ilyen szorosan megölelni a nővéredet?', 'Tudod te ilyen szorosan megölelni a nővéredet?']
 FAIL 22960 hu gap opens the sentence: the pronoun would need correct_answer re-cased (left untouched) ['... kalapot próbál ő fel?', 'Hány kalapot próbál ő fel?']
 FAIL 24284 hu gap opens the sentence: the pronoun would need correct_answer re-cased (left untouched) ['... nyújtanak ők? Egy nyírfás parkban.', 'Hol nyújtanak ők? Egy nyírfás parkban.']
 FAIL 24368 hu gap opens the sentence: the pronoun would need correct_answer re-cased (left untouched) ['... tantárgyat szereted te? A zenét vagy a kémiát?', 'Melyik tantárgyat szereted te? A zenét vagy a kémiát?']
 FAIL 24603 hu gap opens the sentence: the pronoun would need correct_answer re-cased (left untouched) ['... pólót választ ő? A türkizt.', 'Melyik pólót választ ő? A türkizt.']
 FAIL 24952 hu gap opens the sentence: the pronoun would need correct_answer re-cased (left untouched) ['... ülnek ők? Egy gyertyás asztalnál.', 'Hol ülnek ők? Egy gyertyás asztalnál.']
 FAIL 25727 hu gap opens the sentence: the pronoun would need correct_answer re-cased (left untouched) ['... vesz ő fel először? A meleg fehérneműjét.', 'Mit vesz ő fel először? A meleg fehérneműjét.']
 FAIL 25782 hu gap opens the sentence: the pronoun would need correct_answer re-cased (left untouched) ['... csomagol ő ki először? Az összehajtott ruháit.', 'Mit csomagol ő ki először? Az összehajtott ruháit.']
 FAIL 25894 hu gap opens the sentence: the pronoun would need correct_answer re-cased (left untouched) ['... néznek ők? A sziklás csúcsokat.', 'Mit néznek ők? A sziklás csúcsokat.']
 FAIL 26061 hu gap opens the sentence: the pronoun would need correct_answer re-cased (left untouched) ['... járnak ők sétálni? A tengerparton.', 'Hol járnak ők sétálni? A tengerparton.']
 FAIL 26787 hu gap opens the sentence: the pronoun would need correct_answer re-cased (left untouched) ['... tesz ő a joghurtra? Mézet és zabpelyhet.', 'Mit tesz ő a joghurtra? Mézet és zabpelyhet.']
 FAIL 26924 hu gap opens the sentence: the pronoun would need correct_answer re-cased (left untouched) ['... ér ő el? Az utolsó kirakódarabot.', 'Mit ér ő el? Az utolsó kirakódarabot.']
 FAIL 27140 hu gap opens the sentence: the pronoun would need correct_answer re-cased (left untouched) ['... félnek ők ennyire? Egy álarcos szörny van mögöttük!', 'Miért félnek ők ennyire? Egy álarcos szörny van mögöttük!']
 FAIL 27437 hu gap opens the sentence: the pronoun would need correct_answer re-cased (left untouched) ['... használják ők a karjukat? Mert a karok a testen vannak.', 'Miért használják ők a karjukat? Mert a karok a testen vannak.']
 FAIL 27978 hu gap opens the sentence: the pronoun would need correct_answer re-cased (left untouched) ['... csinál ő a fürdőszobában? Ez rémálom!', 'Mit csinál ő a fürdőszobában? Ez rémálom!']
 FAIL 29171 hu gap opens the sentence: the pronoun would need correct_answer re-cased (left untouched) ['... nem válaszol ő? Ez a kávézó rémálom!', 'Miért nem válaszol ő? Ez a kávézó rémálom!']
 FAIL 29199 hu gap opens the sentence: the pronoun would need correct_answer re-cased (left untouched) ['... használod te a fényképezőgéped? Minden este. Elismerésem.', 'Mikor használod te a fényképezőgéped? Minden este. Elismerésem.']
 FAIL 31293 hu gap opens the sentence: the pronoun would need correct_answer re-cased (left untouched) ['... rajzolja ő a tervet? A tábláján.', 'Hol rajzolja ő a tervet? A tábláján.']
 FAIL 32078 hu gap opens the sentence: the pronoun would need correct_answer re-cased (left untouched) ['... kiabál ő? Mert ez az erőfeszítés maga a kínszenvedés!', 'Miért kiabál ő? Mert ez az erőfeszítés maga a kínszenvedés!']
es to verify 668
ua to verify 88
tr to verify 270
hu to verify 527
