20:41:43 62_shopping_bag_a1 start balance 9056 pending 0 price 2
20:41:45 62_tea_bag_a1 start balance 9056 pending 1 price 2
20:41:48 62_to_drop_a_bag_a1 start balance 9054 pending 2 price 2
20:42:27 62_shopping_bag_a1 done balance 9050 url https://d8j0ntlcm91z4.cloudfront.net/user_3EoP5tRbVakJKKllrlJbLSNiskF/hf_20261005_184146_8fb5535f-57d5-46c9-9960-bb9c6d8cdc87.png
20:42:27 62_tea_bag_a1 done balance 9050 url https://d8j0ntlcm91z4.cloudfront.net/user_3EoP5tRbVakJKKllrlJbLSNiskF/hf_20261005_184148_12f02340-154b-47e1-9d6c-e0db2db8c354.png
20:42:38 62_to_drop_a_bag_a1 done balance 9050 url https://d8j0ntlcm91z4.cloudfront.net/user_3EoP5tRbVakJKKllrlJbLSNiskF/hf_20261005_184152_3046da64-fd82-4f5d-a670-b1d62fd94d5a.png
20:43:39 8039_way_out_a1 start balance 9050 pending 0 price 2
20:43:44 8039_to_block_the_way_a1 start balance 9050 pending 1 price 2
20:43:47 8039_to_lose_your_way_a1 start balance 9050 pending 2 price 2
20:44:51 8039_to_lose_your_way_a1 done balance 9044 url https://d8j0ntlcm91z4.cloudfront.net/user_3EoP5tRbVakJKKllrlJbLSNiskF/hf_20261005_184354_7c0d1a66-533c-44ad-a40f-f3140a648f36.png
20:44:56 8039_to_block_the_way_a1 done balance 9044 url https://d8j0ntlcm91z4.cloudfront.net/user_3EoP5tRbVakJKKllrlJbLSNiskF/hf_20261005_184354_6465edb4-44dc-4b17-80d8-39b445aee2e1.png
20:45:01 8039_way_out_a1 done balance 9044 url https://d8j0ntlcm91z4.cloudfront.net/user_3EoP5tRbVakJKKllrlJbLSNiskF/hf_20261005_184353_1b76edc6-4c2e-4905-a1bb-d73c1a3e3645.png
20:46:07 62_to_drop_a_bag_a2 start balance 9044 pending 0 price 2
20:46:53 62_to_drop_a_bag_a2 done balance 9042 url https://d8j0ntlcm91z4.cloudfront.net/user_3EoP5tRbVakJKKllrlJbLSNiskF/hf_20261005_184613_478b0c3e-a1ff-488b-b565-a06f75389e62.png
20:47:09 8055_water_balloon_a1 start balance 9042 pending 0 price 2
20:47:11 8055_balloon_animal_a1 start balance 9042 pending 1 price 2
20:47:15 8055_to_blow_up_a_balloon_a1 start balance 9040 pending 2 price 2
20:47:18 8055_to_pop_a_balloon_a1 start balance 9038 pending 3 price 2
20:47:53 8055_to_blow_up_a_balloon_a1 done balance 9034 url https://d8j0ntlcm91z4.cloudfront.net/user_3EoP5tRbVakJKKllrlJbLSNiskF/hf_20261005_184720_112e6fce-3628-4aea-8f53-9529fcf933d5.png
20:47:55 8055_balloon_animal_a1 done balance 9034 url https://d8j0ntlcm91z4.cloudfront.net/user_3EoP5tRbVakJKKllrlJbLSNiskF/hf_20261005_184715_71f6abfc-ae00-4e66-ae5e-fcfc0b447156.png
20:48:00 8055_to_pop_a_balloon_a1 done balance 9034 url https://d8j0ntlcm91z4.cloudfront.net/user_3EoP5tRbVakJKKllrlJbLSNiskF/hf_20261005_184721_a63fe511-f52e-482e-a69e-086a11ce402e.png
20:48:05 8055_water_balloon_a1 done balance 9034 url https://d8j0ntlcm91z4.cloudfront.net/user_3EoP5tRbVakJKKllrlJbLSNiskF/hf_20261005_184713_2f9bb09a-95b8-4a17-82a7-e4a4b60a1095.png
20:49:08 8039_way_out_a2 start balance 9034 pending 0 price 2
20:50:37 8039_way_out_a2 done balance 9032 url https://d8j0ntlcm91z4.cloudfront.net/user_3EoP5tRbVakJKKllrlJbLSNiskF/hf_20261005_184913_7caf8be9-fa93-43f7-acb9-550bf270671f.png
20:50:52 8039_to_block_the_way_a2 start balance 9032 pending 0 price 2
20:51:54 8039_to_block_the_way_a2 done balance 9030 url https://d8j0ntlcm91z4.cloudfront.net/user_3EoP5tRbVakJKKllrlJbLSNiskF/hf_20261005_185103_d1632916-843e-425f-94f7-2e812b2fde1e.png
20:52:15 8056_weight_bench_a1 start balance 9030 pending 0 price 2
20:52:19 8056_picnic_bench_a1 start balance 9028 pending 1 price 2
20:52:24 8056_to_paint_a_bench_a1 start balance 9026 pending 2 price 2
20:52:29 8056_to_share_a_bench_a1 start balance 9024 pending 3 price 2
20:52:57 8056_weight_bench_a1 done balance 9022 url https://d8j0ntlcm91z4.cloudfront.net/user_3EoP5tRbVakJKKllrlJbLSNiskF/hf_20261005_185218_398001b9-bfc5-464b-9307-834d8e3db538.png
20:53:00 8056_to_paint_a_bench_a1 done balance 9022 url https://d8j0ntlcm91z4.cloudfront.net/user_3EoP5tRbVakJKKllrlJbLSNiskF/hf_20261005_185227_d0976878-5343-48b0-b606-39c74de7fbd3.png
20:53:04 8056_picnic_bench_a1 done balance 9022 url https://d8j0ntlcm91z4.cloudfront.net/user_3EoP5tRbVakJKKllrlJbLSNiskF/hf_20261005_185222_64920466-bd09-418c-a9c7-79e2b6766688.png
20:53:45 8056_to_share_a_bench_a1 done balance 9022 url https://d8j0ntlcm91z4.cloudfront.net/user_3EoP5tRbVakJKKllrlJbLSNiskF/hf_20261005_185232_92465fff-2302-4f12-a1f6-860961f9e319.png
20:55:43 8056_to_share_a_bench_a2 start balance 9022 pending 0 price 2
20:55:47 432_was_leading_knights_to_a_castle_a1 start balance 9020 pending 1 price 2
20:55:51 432_will_be_leading_robots_on_mars_a1 start balance 9018 pending 2 price 2
20:55:55 432_to_lead_a_horse_a1 start balance 9018 pending 3 price 2
20:55:59 432_to_lead_the_race_a1 start balance 9016 pending 4 price 2
20:56:21 8056_to_share_a_bench_a2 done balance 9012 url https://d8j0ntlcm91z4.cloudfront.net/user_3EoP5tRbVakJKKllrlJbLSNiskF/hf_20261005_185546_a46a4fe6-c00a-4350-b7f8-ac46abdefab2.png
20:56:46 432_will_be_leading_robots_on_mars_a1 done balance 9012 url https://d8j0ntlcm91z4.cloudfront.net/user_3EoP5tRbVakJKKllrlJbLSNiskF/hf_20261005_185554_592e6506-af29-43f2-9e63-52ad7234309d.png
20:56:51 432_to_lead_the_race_a1 done balance 9012 url https://d8j0ntlcm91z4.cloudfront.net/user_3EoP5tRbVakJKKllrlJbLSNiskF/hf_20261005_185602_f618d4b5-9c69-4770-9565-060cfddf37df.png
20:57:07 432_to_lead_a_horse_a1 done balance 9012 url https://d8j0ntlcm91z4.cloudfront.net/user_3EoP5tRbVakJKKllrlJbLSNiskF/hf_20261005_185559_21c41c57-75cc-46c5-bead-74bfb03db418.png
20:57:09 432_was_leading_knights_to_a_castle_a1 done balance 9012 url https://d8j0ntlcm91z4.cloudfront.net/user_3EoP5tRbVakJKKllrlJbLSNiskF/hf_20261005_185551_9f388927-f0a5-47de-b250-9b043ede5a7a.png
21:00:16 432_will_be_leading_robots_on_mars_a2 start balance 9012 pending 0 price 2
21:01:12 432_will_be_leading_robots_on_mars_a2 done balance 9010 url https://d8j0ntlcm91z4.cloudfront.net/user_3EoP5tRbVakJKKllrlJbLSNiskF/hf_20261005_190020_8801b132-374d-4cf5-8d48-6e5fecd9c32a.png
21:01:57 461_dressmaker_s_mannequin_a1 start balance 9010 pending 0 price 2
21:02:02 461_to_carry_a_mannequin_a1 start balance 9010 pending 1 price 2
21:02:09 236_to_swim_with_a_dolphin_a1 start balance 9006 pending 2 price 2
21:02:44 461_dressmaker_s_mannequin_a1 done balance 9004 url https://d8j0ntlcm91z4.cloudfront.net/user_3EoP5tRbVakJKKllrlJbLSNiskF/hf_20261005_190203_d0a9266a-13a6-4497-8013-699bbe59040d.png
21:02:50 461_to_carry_a_mannequin_a1 done balance 9004 url https://d8j0ntlcm91z4.cloudfront.net/user_3EoP5tRbVakJKKllrlJbLSNiskF/hf_20261005_190206_6771da0a-61dd-491c-b97b-7ae6a2a7c1b1.png
21:03:17 236_to_swim_with_a_dolphin_a1 done balance 9004 url https://d8j0ntlcm91z4.cloudfront.net/user_3EoP5tRbVakJKKllrlJbLSNiskF/hf_20261005_190213_99c5bd50-0248-4d6b-963f-959b9454ad78.png
21:03:32 236_pod_of_dolphins_a1 start balance 9004 pending 0 price 2
21:04:14 236_pod_of_dolphins_a1 done balance 9002 url https://d8j0ntlcm91z4.cloudfront.net/user_3EoP5tRbVakJKKllrlJbLSNiskF/hf_20261005_190336_48d75b07-3bb5-42d4-95cc-cb9e0b644c94.png
