[BUILD synthetic] 9 items / 3 sentences   chk {"wrong/auto": 9}   passive {"None": 5, "agentless": 4}   levers {"l2:aspect": 9, "l2:definiteness": 9, "l3:items_with_a_variant": 3, "l3:removed": 4, "l3:shown": 3}
[AG v3] {"abstain_agentless_passive": 1, "errors": 0, "fired_guarded_union": 2, "fired_primary": 2, "fired_v2": 2, "fired_v3": 2, "fired_v3_not_v4": 0, "fired_v4_full": 2, "fired_v4_not_v3": 0, "items": 9}
[FLOORS] all seven hold: {"F1_agent_drops_wrong": 999, "F1a_fronted_wrong": 999, "F1b_misaligned_wrong": 999, "F2_time_frame_wrong": 999, "F3_by_passive_correct": 999, "F4_skp_correct": 999, "F5_missing_article_wrong": 999}
[CAP] selftest:cap: counted in ledger_dev 895 + planned 10 = 905   (hard cap 900)
[CAP] selftest:cap: counted in ledger_dev 899 + planned 1 = 900   (hard cap 900)
[BUILD synthetic] 9 items / 3 sentences   chk {"wrong/auto": 9}   passive {"None": 5, "agentless": 4}   levers {"l2:aspect": 9, "l2:definiteness": 9, "l3:items_with_a_variant": 3, "l3:removed": 4, "l3:shown": 3}
[AG v3] {"abstain_agentless_passive": 1, "errors": 0, "fired_guarded_union": 2, "fired_primary": 2, "fired_v2": 2, "fired_v3": 2, "fired_v3_not_v4": 0, "fired_v4_full": 2, "fired_v4_not_v3": 0, "items": 9}
[FLOORS] all seven hold: {"F1_agent_drops_wrong": 999, "F1a_fronted_wrong": 999, "F1b_misaligned_wrong": 999, "F2_time_frame_wrong": 999, "F3_by_passive_correct": 999, "F4_skp_correct": 999, "F5_missing_article_wrong": 999}
[CAP] selftest:cap: counted in ledger_dev 895 + planned 10 = 905   (hard cap 900)
[CAP] selftest:cap: counted in ledger_dev 899 + planned 1 = 900   (hard cap 900)
[BUILD synthetic] 9 items / 3 sentences   chk {"wrong/auto": 9}   passive {"None": 5, "agentless": 4}   levers {"l2:aspect": 9, "l2:definiteness": 9, "l3:items_with_a_variant": 3, "l3:removed": 4, "l3:shown": 3}
[AG v3] {"abstain_agentless_passive": 1, "errors": 0, "fired_guarded_union": 2, "fired_primary": 2, "fired_v2": 2, "fired_v3": 2, "fired_v3_not_v4": 0, "fired_v4_full": 2, "fired_v4_not_v3": 0, "items": 9}
[FLOORS] all seven hold: {"F1_agent_drops_wrong": 999, "F1a_fronted_wrong": 999, "F1b_misaligned_wrong": 999, "F2_time_frame_wrong": 999, "F3_by_passive_correct": 999, "F4_skp_correct": 999, "F5_missing_article_wrong": 999}
[CAP] selftest:cap: counted in ledger_dev 895 + planned 10 = 905   (hard cap 900)
[CAP] selftest:cap: counted in ledger_dev 899 + planned 1 = 900   (hard cap 900)
[BUILD synthetic] 9 items / 3 sentences   chk {"wrong/auto": 9}   passive {"None": 5, "agentless": 4}   levers {"l2:aspect": 9, "l2:definiteness": 9, "l3:items_with_a_variant": 3, "l3:removed": 4, "l3:shown": 3}
[AG v3] {"abstain_agentless_passive": 1, "errors": 0, "fired_guarded_union": 2, "fired_primary": 2, "fired_v2": 2, "fired_v3": 2, "fired_v3_not_v4": 0, "fired_v4_full": 2, "fired_v4_not_v3": 0, "items": 9}
[FLOORS] all seven hold: {"F1_agent_drops_wrong": 999, "F1a_fronted_wrong": 999, "F1b_misaligned_wrong": 999, "F2_time_frame_wrong": 999, "F3_by_passive_correct": 999, "F4_skp_correct": 999, "F5_missing_article_wrong": 999}
[CAP] selftest:cap: counted in ledger_dev 895 + planned 10 = 905   (hard cap 900)
[CAP] selftest:cap: counted in ledger_dev 899 + planned 1 = 900   (hard cap 900)
[BUILD fresh1u] 900 items / 100 sentences   chk {"correct/match": 157, "wrong/auto": 743}   passive {"None": 660, "agentless": 160, "by": 80}   levers {"l2:aspect": 603, "l2:definiteness": 900, "l2:number": 135, "l3:items_with_a_variant": 810, "l3:removed": 90, "l3:shown": 810}
[AG v3] {"abstain_agentless_passive": 107, "errors": 0, "fired_guarded_union": 117, "fired_primary": 139, "fired_v2": 73, "fired_v3": 117, "fired_v3_not_v4": 0, "fired_v4_full": 139, "fired_v4_not_v3": 22, "items": 900}
[PROMPT] P-FROZEN-1U = P-FROZEN-1P + 1 line at index 10; sys identical; hash 1f7cc411b3e6 -> 673b28c9ae2b
[PREFLIGHT] L2 lock firings under BASE: 144   L3-eligible under LOCKTIP: 739   AG v4 rejects before L3: 137   reach L3: 602
[PREFLIGHT] unique requests 602   reusable 0   PLANNED NEW CALLS 602   counted here 0   failed(200, unparsable) 0
[CAP] preflight: counted in ledger_dev 18 + planned 602 = 620   (hard cap 900)
[PREFLIGHT] PASS - 0 model calls; PREFLIGHT_1U.json + MODULES_1U.txt written
[BUILD fresh1u] 900 items / 100 sentences   chk {"correct/match": 157, "wrong/auto": 743}   passive {"None": 660, "agentless": 160, "by": 80}   levers {"l2:aspect": 603, "l2:definiteness": 900, "l2:number": 135, "l3:items_with_a_variant": 810, "l3:removed": 90, "l3:shown": 810}
[AG v3] {"abstain_agentless_passive": 107, "errors": 0, "fired_guarded_union": 117, "fired_primary": 139, "fired_v2": 73, "fired_v3": 117, "fired_v3_not_v4": 0, "fired_v4_full": 139, "fired_v4_not_v3": 22, "items": 900}
[PROMPT] P-FROZEN-1U = P-FROZEN-1P + 1 line at index 10; sys identical; hash 1f7cc411b3e6 -> 673b28c9ae2b
[PREFLIGHT] L2 lock firings under BASE: 144   L3-eligible under LOCKTIP: 739   AG v4 rejects before L3: 137   reach L3: 602
[PREFLIGHT] unique requests 602   reusable 0   PLANNED NEW CALLS 602   counted here 0   failed(200, unparsable) 0
[CAP] preflight: counted in ledger_dev 98 + planned 602 = 700   (hard cap 900)
[PREFLIGHT] PASS - 0 model calls; PREFLIGHT_1U.json + MODULES_1U.txt written
