16:12:32 START rows 1900 sessions 19 PAR 2 cap 2100000 already_spent 0 prompt_sha 5fa910459c078539
16:13:54 DONE cz_0001_s01_lk exit 0 tok 45362 cum 45362 wall 82.0 rows 100 / 100
16:14:14 DONE cz_0001_s02_lk exit 0 tok 46729 cum 92091 wall 102.0 rows 100 / 100
16:15:43 DONE cz_0001_s04_lk exit 0 tok 45891 cum 137982 wall 89.3 rows 100 / 100
16:15:55 DONE cz_0001_s03_lk exit 0 tok 48032 cum 186014 wall 121.4 rows 100 / 100
16:17:21 DONE cz_0001_s05_lk exit 0 tok 46548 cum 232562 wall 98.1 rows 100 / 100
16:17:24 DONE cz_0001_s06_lk exit 0 tok 45547 cum 278109 wall 89.1 rows 100 / 100
16:19:36 DONE cz_0001_s07_lk exit 0 tok 49953 cum 328062 wall 134.9 rows 100 / 100
16:19:48 DONE cz_0001_s08_lk exit 0 tok 50669 cum 378731 wall 143.9 rows 100 / 100
16:21:26 DONE cz_0001_s09_lk exit 0 tok 47058 cum 425789 wall 109.4 rows 100 / 100
16:21:44 DONE cz_0001_s10_lk exit 0 tok 47819 cum 473608 wall 115.5 rows 100 / 100
16:23:08 DONE cz_0002_s01_lk exit 0 tok 46366 cum 519974 wall 101.7 rows 100 / 100
16:23:19 DONE cz_0002_s02_lk exit 0 tok 46628 cum 566602 wall 95.2 rows 100 / 100
16:24:27 DONE cz_0002_s03_lk exit 0 tok 44814 cum 611416 wall 79.1 rows 100 / 100
16:24:44 DONE cz_0002_s04_lk exit 0 tok 45598 cum 657014 wall 84.9 rows 100 / 100
16:26:18 DONE cz_0002_s06_lk exit 0 tok 46348 cum 703362 wall 93.6 rows 100 / 100
16:26:49 DONE cz_0002_s05_lk exit 0 tok 49797 cum 753159 wall 142.6 rows 100 / 100
16:27:53 DONE cz_0002_s07_lk exit 0 tok 46389 cum 799548 wall 95.4 rows 100 / 100
16:28:37 DONE cz_0002_s08_lk exit 0 tok 47854 cum 847402 wall 107.7 rows 100 / 100
16:29:26 DONE cz_0002_s09_lk exit 0 tok 45958 cum 893360 wall 92.9 rows 100 / 100
16:29:27 MERGE corrected 1900 final 1900 {'class_adjust': 499, 'class_exact': 907, 'class_unusable': 494}
16:29:27 GATE3 {"agv4": 12.4, "reader_nom": 10.53}
16:29:30 END tokens 893360 wall_s 1018.1
16:31:26 START rows 1900 sessions 19 PAR 2 cap 2100000 already_spent 893360 prompt_sha 5fa910459c078539
16:31:26 SKIP-DONE cz_0001_s02_lk 100 rows already on disk (0 tokens)
16:31:26 SKIP-DONE cz_0001_s01_lk 100 rows already on disk (0 tokens)
16:31:26 SKIP-DONE cz_0001_s03_lk 100 rows already on disk (0 tokens)
16:31:26 SKIP-DONE cz_0001_s04_lk 100 rows already on disk (0 tokens)
16:31:26 SKIP-DONE cz_0001_s05_lk 100 rows already on disk (0 tokens)
16:31:26 SKIP-DONE cz_0001_s06_lk 100 rows already on disk (0 tokens)
16:31:26 SKIP-DONE cz_0001_s07_lk 100 rows already on disk (0 tokens)
16:31:26 SKIP-DONE cz_0001_s08_lk 100 rows already on disk (0 tokens)
16:31:26 SKIP-DONE cz_0001_s09_lk 100 rows already on disk (0 tokens)
16:31:26 SKIP-DONE cz_0001_s10_lk 100 rows already on disk (0 tokens)
16:31:26 SKIP-DONE cz_0002_s01_lk 100 rows already on disk (0 tokens)
16:31:26 SKIP-DONE cz_0002_s02_lk 100 rows already on disk (0 tokens)
16:31:26 SKIP-DONE cz_0002_s03_lk 100 rows already on disk (0 tokens)
16:31:26 SKIP-DONE cz_0002_s04_lk 100 rows already on disk (0 tokens)
16:31:26 SKIP-DONE cz_0002_s06_lk 100 rows already on disk (0 tokens)
16:31:26 SKIP-DONE cz_0002_s05_lk 100 rows already on disk (0 tokens)
16:31:26 SKIP-DONE cz_0002_s07_lk 100 rows already on disk (0 tokens)
16:31:26 SKIP-DONE cz_0002_s08_lk 100 rows already on disk (0 tokens)
16:31:26 SKIP-DONE cz_0002_s09_lk 100 rows already on disk (0 tokens)
16:31:26 MERGE corrected 1900 final 1900 {'class_adjust': 499, 'class_exact': 907, 'class_unusable': 494}
16:31:26 GIT-NOTE ['translation-offline/phase2e/out/lk_corrected_cz.jsonl', 'translation-offline/phase2e/out/annotations_cz_final.jsonl'] _2e_cz.stdout3.txt
	translation-offline/phase2e/run_2e_lk.stdout2.txt

keine Änderungen zum Commit vorgemerkt (benutzen Sie "git add" und/oder "git commit -a")
16:31:26 GATE3 {"agv4": 12.4, "reader_nom": 10.53}
16:31:29 END tokens 893360 wall_s 3.8
16:33:10 START rows 1900 sessions 19 PAR 2 cap 2100000 already_spent 893360 prompt_sha 5fa910459c078539
16:33:10 SKIP-DONE cz_0001_s02_lk 100 rows already on disk (0 tokens)
16:33:10 SKIP-DONE cz_0001_s01_lk 100 rows already on disk (0 tokens)
16:33:10 SKIP-DONE cz_0001_s03_lk 100 rows already on disk (0 tokens)
16:33:10 SKIP-DONE cz_0001_s04_lk 100 rows already on disk (0 tokens)
16:33:10 SKIP-DONE cz_0001_s05_lk 100 rows already on disk (0 tokens)
16:33:10 SKIP-DONE cz_0001_s06_lk 100 rows already on disk (0 tokens)
16:33:11 SKIP-DONE cz_0001_s07_lk 100 rows already on disk (0 tokens)
16:33:11 SKIP-DONE cz_0001_s08_lk 100 rows already on disk (0 tokens)
16:33:11 SKIP-DONE cz_0001_s09_lk 100 rows already on disk (0 tokens)
16:33:11 SKIP-DONE cz_0001_s10_lk 100 rows already on disk (0 tokens)
16:33:11 SKIP-DONE cz_0002_s01_lk 100 rows already on disk (0 tokens)
16:33:11 SKIP-DONE cz_0002_s02_lk 100 rows already on disk (0 tokens)
16:33:11 SKIP-DONE cz_0002_s03_lk 100 rows already on disk (0 tokens)
16:33:11 SKIP-DONE cz_0002_s05_lk 100 rows already on disk (0 tokens)
16:33:11 SKIP-DONE cz_0002_s04_lk 100 rows already on disk (0 tokens)
16:33:11 SKIP-DONE cz_0002_s06_lk 100 rows already on disk (0 tokens)
16:33:11 SKIP-DONE cz_0002_s07_lk 100 rows already on disk (0 tokens)
16:33:11 SKIP-DONE cz_0002_s08_lk 100 rows already on disk (0 tokens)
16:33:11 SKIP-DONE cz_0002_s09_lk 100 rows already on disk (0 tokens)
16:33:11 MERGE corrected 1900 final 1900 {'class_adjust': 499, 'class_exact': 907, 'class_unusable': 494}
16:33:11 GIT-NOTE ['translation-offline/phase2e/out/lk_corrected_cz.jsonl', 'translation-offline/phase2e/out/annotations_cz_final.jsonl'] _2e_lk.stdout2.txt
	translation-offline/phase2e/run_2e_lk.stdout3.txt

keine Änderungen zum Commit vorgemerkt (benutzen Sie "git add" und/oder "git commit -a")
16:33:11 GATE3 {"agv4": 12.4, "reader_nom": 10.53}
16:33:14 END tokens 893360 wall_s 4.0
17:52:55 START rows 2800 sessions 28 PAR 2 cap 2100000 already_spent 893360 prompt_sha 5fa910459c078539
17:52:55 SKIP-DONE cz_0001_s02_lk 100 rows already on disk (0 tokens)
17:52:55 SKIP-DONE cz_0001_s01_lk 100 rows already on disk (0 tokens)
17:52:55 SKIP-DONE cz_0001_s04_lk 100 rows already on disk (0 tokens)
17:52:55 SKIP-DONE cz_0001_s03_lk 100 rows already on disk (0 tokens)
17:52:55 SKIP-DONE cz_0001_s05_lk 100 rows already on disk (0 tokens)
17:52:55 SKIP-DONE cz_0001_s06_lk 100 rows already on disk (0 tokens)
17:52:55 SKIP-DONE cz_0001_s07_lk 100 rows already on disk (0 tokens)
17:52:55 SKIP-DONE cz_0001_s08_lk 100 rows already on disk (0 tokens)
17:52:55 SKIP-DONE cz_0001_s10_lk 100 rows already on disk (0 tokens)
17:52:55 SKIP-DONE cz_0001_s09_lk 100 rows already on disk (0 tokens)
17:52:55 SKIP-DONE cz_0002_s01_lk 100 rows already on disk (0 tokens)
17:52:55 SKIP-DONE cz_0002_s02_lk 100 rows already on disk (0 tokens)
17:52:55 SKIP-DONE cz_0002_s03_lk 100 rows already on disk (0 tokens)
17:52:55 SKIP-DONE cz_0002_s04_lk 100 rows already on disk (0 tokens)
17:52:55 SKIP-DONE cz_0002_s06_lk 100 rows already on disk (0 tokens)
17:52:55 SKIP-DONE cz_0002_s05_lk 100 rows already on disk (0 tokens)
17:52:55 SKIP-DONE cz_0002_s07_lk 100 rows already on disk (0 tokens)
17:52:55 SKIP-DONE cz_0002_s08_lk 100 rows already on disk (0 tokens)
17:52:56 SKIP-DONE cz_0002_s09_lk 100 rows already on disk (0 tokens)
17:53:53 DONE cz_0003_s02_lk exit 0 tok 42224 cum 935584 wall 57.2 rows 0 / 100
17:53:53 DEFECT session cz_0003_s02_lk returned no parsable rows (exit 0)
17:54:23 DONE cz_0003_s01_lk exit 0 tok 46073 cum 981657 wall 87.9 rows 100 / 100
17:55:07 DONE cz_0003_s04_lk exit 0 tok 41526 cum 1023183 wall 43.9 rows 100 / 100
17:55:40 DONE cz_0003_s03_lk exit 0 tok 47587 cum 1070770 wall 107.4 rows 100 / 100
17:56:28 DONE cz_0003_s05_lk exit 0 tok 44750 cum 1115520 wall 80.9 rows 100 / 100
17:57:44 DONE cz_0003_s06_lk exit 0 tok 49079 cum 1164599 wall 123.3 rows 100 / 100
17:57:57 DONE cz_0003_s07_lk exit 0 tok 45972 cum 1210571 wall 88.1 rows 100 / 100
17:59:16 DONE cz_0003_s08_lk exit 0 tok 46070 cum 1256641 wall 91.9 rows 100 / 100
17:59:42 DONE cz_0003_s09_lk exit 0 tok 47003 cum 1303644 wall 105.3 rows 100 / 100
17:59:42 MERGE corrected 2800 final 2800 {'class_adjust': 674, 'class_exact': 1284, 'class_unusable': 742, 'no_model_row': 100}
17:59:42 GATE3 {"agv4": 10.4, "reader_nom": 5.56}
17:59:45 END tokens 1303644 wall_s 409.9
