2026-09-20 14:42:05 DEFECT prior session NOT adoptable -> treated as MISSING and re-run: phase2d/cz_0001_s07_v (rows is not a list (unparsable result))
2026-09-20 14:42:05 ADOPT 66 finished Czech sessions COPIED (read only) from {'phase2d': 66} | 0 tokens each -> cz_0001_s01_rw,cz_0001_s01_v,cz_0001_s02_rw,cz_0001_s02_v,cz_0001_s03_rw,cz_0001_s03_v,cz_0001_s04_rw,cz_0001_s04_v,cz_0001_s05_rw,cz_0001_s05_v,cz_0001_s06_rw,cz_0001_s06_v,cz_0001_s07_rw,cz_0001_s08_rw,cz_0001_s08_v,cz_0001_s09_rw,cz_0001_s09_v,cz_0001_s10_rw,cz_0001_s10_v,cz_0002_s01_rw,cz_0002_s01_v,cz_0002_s02_rw,cz_0002_s02_v,cz_0002_s03_rw,cz_0002_s03_v,cz_0002_s04_rw,cz_0002_s05_rw,cz_0002_s05_v,cz_0002_s06_rw,cz_0002_s06_v,cz_0002_s07_rw,cz_0002_s07_v,cz_0002_s08_rw,cz_0002_s08_v,cz_0002_s09_rw,cz_0002_s09_v,cz_0002_s10_rw,cz_0002_s10_v,cz_0003_s01_rw,cz_0003_s01_v,cz_0003_s02_rw,cz_0003_s02_v,cz_0003_s03_rw,cz_0003_s03_v,cz_0003_s04_rw,cz_0003_s05_rw,cz_0003_s05_v,cz_0003_s06_rw,cz_0003_s06_v,cz_0003_s07_rw,cz_0003_s07_v,cz_0003_s08_rw,cz_0003_s08_v,cz_0003_s09_rw,cz_0003_s09_v,cz_0003_s10_rw,cz_0003_s10_v,cz_0004_s01_rw,cz_0004_s01_v,cz_0004_s02_rw,cz_0004_s02_v,cz_0004_s03_rw,cz_0004_s03_v,cz_0004_s05_rw,cz_0004_s05_v,cz_0004_s06_v
2026-09-20 14:42:05 ADOPT-REJECTED 1 session file(s) NOT adoptable, will be re-run: phase2d/cz_0001_s07_v: rows is not a list (unparsable result)
2026-09-20 14:42:05 ALT index 1434 members 3764 surface 975 phrases 288 candidates
2026-09-20 14:42:05 START LIVE batches ['cz_0001', 'cz_0002', 'cz_0003', 'cz_0004', 'cz_0005'] rows 4064 cap 1400000 already_spent 0 par 2 prompt_sha {'v_cz': '4f9d486477084793', 'rw': 'a113461f4bdbd418'} lk_needs_dedicated_pass True adopted 66 only None
2026-09-20 14:42:05 PLAN {"batches": [{"batch": "cz_0001", "rows": 1000, "v_sessions": 10, "v_done": 9, "rw_done": 10, "v_left": 1}, {"batch": "cz_0002", "rows": 1000, "v_sessions": 10, "v_done": 9, "rw_done": 10, "v_left": 1}, {"batch": "cz_0003", "rows": 1000, "v_sessions": 10, "v_done": 9, "rw_done": 10, "v_left": 1}, {"batch": "cz_0004", "rows": 1000, "v_sessions": 10, "v_done": 5, "rw_done": 4, "v_left": 5}, {"batch": "cz_0005", "rows": 64, "v_sessions": 1, "v_done": 0, "rw_done": 0, "v_left": 1}], "rows_left_v": 864, "v_sessions_left": 9, "adopted_sessions": 66, "cz_healthy_tok_per_sentence": 1379.0, "projected_tokens_v_rows": 1191456, "measured_2c_per_slot_tok_per_s": 239.3, "n_2c_sessions_measured": 82, "projected_wall_h_at_par_2": 0.69}
2026-09-20 14:42:05 BATCH cz_0001 cz 1000 rows, 20 sessions total, 19 already complete (0 tokens): cz_0001_s01_v,cz_0001_s01_rw,cz_0001_s02_v,cz_0001_s02_rw,cz_0001_s03_v,cz_0001_s03_rw,cz_0001_s04_v,cz_0001_s04_rw,cz_0001_s05_v,cz_0001_s05_rw,cz_0001_s06_v,cz_0001_s06_rw,cz_0001_s07_rw,cz_0001_s08_v,cz_0001_s08_rw,cz_0001_s09_v,cz_0001_s09_rw,cz_0001_s10_v,cz_0001_s10_rw | 1 to run now, par 2
2026-09-20 14:42:05 SKIP-DONE cz_0001_s01_v already complete on disk, 0 tokens
2026-09-20 14:42:05 SKIP-DONE cz_0001_s01_rw already complete on disk, 0 tokens
2026-09-20 14:42:05 SKIP-DONE cz_0001_s02_v already complete on disk, 0 tokens
2026-09-20 14:42:05 SKIP-DONE cz_0001_s02_rw already complete on disk, 0 tokens
2026-09-20 14:42:05 SKIP-DONE cz_0001_s03_v already complete on disk, 0 tokens
2026-09-20 14:42:05 SKIP-DONE cz_0001_s03_rw already complete on disk, 0 tokens
2026-09-20 14:42:05 SKIP-DONE cz_0001_s04_v already complete on disk, 0 tokens
2026-09-20 14:42:05 SKIP-DONE cz_0001_s04_rw already complete on disk, 0 tokens
2026-09-20 14:42:05 SKIP-DONE cz_0001_s05_v already complete on disk, 0 tokens
2026-09-20 14:42:05 SKIP-DONE cz_0001_s05_rw already complete on disk, 0 tokens
2026-09-20 14:42:05 SKIP-DONE cz_0001_s06_v already complete on disk, 0 tokens
2026-09-20 14:42:05 SKIP-DONE cz_0001_s06_rw already complete on disk, 0 tokens
2026-09-20 14:42:05 SKIP-DONE cz_0001_s07_rw already complete on disk, 0 tokens
2026-09-20 14:42:05 SKIP-DONE cz_0001_s08_v already complete on disk, 0 tokens
2026-09-20 14:42:05 SKIP-DONE cz_0001_s08_rw already complete on disk, 0 tokens
2026-09-20 14:42:05 SKIP-DONE cz_0001_s09_v already complete on disk, 0 tokens
2026-09-20 14:42:05 SKIP-DONE cz_0001_s09_rw already complete on disk, 0 tokens
2026-09-20 14:42:05 SKIP-DONE cz_0001_s10_v already complete on disk, 0 tokens
2026-09-20 14:42:05 SKIP-DONE cz_0001_s10_rw already complete on disk, 0 tokens
2026-09-20 14:43:05 THROUGHPUT rate 0.0 tok/s low_streak 0 cum_tok 0 inflight 1
2026-09-20 14:44:05 THROUGHPUT rate 0.0 tok/s low_streak 1 cum_tok 0 inflight 1
2026-09-20 14:45:05 THROUGHPUT rate 0.0 tok/s low_streak 2 cum_tok 0 inflight 1
2026-09-20 14:46:05 THROUGHPUT rate 0.0 tok/s low_streak 3 cum_tok 0 inflight 1
2026-09-20 14:47:05 THROUGHPUT rate 0.0 tok/s low_streak 4 cum_tok 0 inflight 1
2026-09-20 14:48:05 THROUGHPUT rate 0.0 tok/s low_streak 5 cum_tok 0 inflight 1
2026-09-20 14:49:05 THROUGHPUT rate 0.0 tok/s low_streak 6 cum_tok 0 inflight 1
2026-09-20 14:49:30 DONE cz_0001_s07_v v exit 0 tok 90322 cum 90322 wall 445.6 rows 100 / 100 missing {}
2026-09-20 14:49:31 GATE3 cz_0001 {"agv4": {"counts": {"AGREE": 46, "ERROR": 4}, "ERROR_of_decided_pct": 8.0, "bar": 12.0}, "reader_nom": {"counts": {"AGREE": 27, "CONSERVATIVE": 21, "ERROR": 2}, "ERROR_of_decided_pct": 6.9, "bar": 12.0}, "g4_DIAGNOSTIC_ONLY": {"counts": {"AGREE": 39, "ERROR": 11}, "ERROR_of_decided_pct": 22.0, "note": "never gates: built over AG v2/v3; 2B settled it as the reflexive si/sa/se pattern"}, "lk_adjust_rate_pct": 11.3}
2026-09-20 14:49:31 UPLOAD-FORMATS upload_candidate_A_cz_0001.xlsx 285734 upload_candidate_B_cz_0001.csv 474809
2026-09-20 14:49:31 BATCH-DONE cz_0001 rows_written 1000 of 1000 wall_s 446.2 cum_tok 90322 complete True
2026-09-20 14:49:31 PROJECTION cz_0001 {"rows_paid": 100, "rows_left": 3064, "tok_per_row": 903.2, "s_per_row": 4.46, "cum_tokens": 90322, "projected_total_tokens": 2857788, "projected_total_s": 14123.6, "projected_total_h": 3.92}
2026-09-20 14:49:31 STOP projection_budget after batch cz_0001: {"rows_paid": 100, "rows_left": 3064, "tok_per_row": 903.2, "s_per_row": 4.46, "cum_tokens": 90322, "projected_total_tokens": 2857788, "projected_total_s": 14123.6, "projected_total_h": 3.92} projects 2857788 tokens, over the --cap 1400000 remaining budget. Everything complete is committed.
2026-09-20 14:50:47 DEFECT prior session NOT adoptable -> treated as MISSING and re-run: phase2d/cz_0001_s07_v (rows is not a list (unparsable result))
2026-09-20 14:50:47 ADOPT 66 finished Czech sessions COPIED (read only) from {'phase2d': 66} | 0 tokens each -> cz_0001_s01_rw,cz_0001_s01_v,cz_0001_s02_rw,cz_0001_s02_v,cz_0001_s03_rw,cz_0001_s03_v,cz_0001_s04_rw,cz_0001_s04_v,cz_0001_s05_rw,cz_0001_s05_v,cz_0001_s06_rw,cz_0001_s06_v,cz_0001_s07_rw,cz_0001_s08_rw,cz_0001_s08_v,cz_0001_s09_rw,cz_0001_s09_v,cz_0001_s10_rw,cz_0001_s10_v,cz_0002_s01_rw,cz_0002_s01_v,cz_0002_s02_rw,cz_0002_s02_v,cz_0002_s03_rw,cz_0002_s03_v,cz_0002_s04_rw,cz_0002_s05_rw,cz_0002_s05_v,cz_0002_s06_rw,cz_0002_s06_v,cz_0002_s07_rw,cz_0002_s07_v,cz_0002_s08_rw,cz_0002_s08_v,cz_0002_s09_rw,cz_0002_s09_v,cz_0002_s10_rw,cz_0002_s10_v,cz_0003_s01_rw,cz_0003_s01_v,cz_0003_s02_rw,cz_0003_s02_v,cz_0003_s03_rw,cz_0003_s03_v,cz_0003_s04_rw,cz_0003_s05_rw,cz_0003_s05_v,cz_0003_s06_rw,cz_0003_s06_v,cz_0003_s07_rw,cz_0003_s07_v,cz_0003_s08_rw,cz_0003_s08_v,cz_0003_s09_rw,cz_0003_s09_v,cz_0003_s10_rw,cz_0003_s10_v,cz_0004_s01_rw,cz_0004_s01_v,cz_0004_s02_rw,cz_0004_s02_v,cz_0004_s03_rw,cz_0004_s03_v,cz_0004_s05_rw,cz_0004_s05_v,cz_0004_s06_v
2026-09-20 14:50:47 ADOPT-REJECTED 1 session file(s) NOT adoptable, will be re-run: phase2d/cz_0001_s07_v: rows is not a list (unparsable result)
2026-09-20 14:50:47 GIT-NOTE ['translation-offline/phase2e/ledger_2e_cz.json', 'translation-offline/phase2e/out/sessions/cz_0001_s01_rw.json', 'translation-offline/phase2e/out/sessions/cz_0001_s01_v.json'] n_2d_cz.stdout.txt 	translation-offline/phase2e/run_2e_cz.stdout2.txt  keine Änderungen zum Commit vorgemerkt (benutzen Sie "git add" und/oder "git commit -a") 
2026-09-20 14:50:47 ALT index 1434 members 3764 surface 975 phrases 288 candidates
2026-09-20 14:50:47 START LIVE batches ['cz_0001', 'cz_0002', 'cz_0003', 'cz_0004', 'cz_0005'] rows 4064 cap 1400000 already_spent 90322 par 2 prompt_sha {'v_cz': '4f9d486477084793', 'rw': 'a113461f4bdbd418'} lk_needs_dedicated_pass True adopted 66 only None
2026-09-20 14:50:47 PLAN {"batches": [{"batch": "cz_0001", "rows": 1000, "v_sessions": 10, "v_done": 9, "rw_done": 10, "v_left": 1}, {"batch": "cz_0002", "rows": 1000, "v_sessions": 10, "v_done": 9, "rw_done": 10, "v_left": 1}, {"batch": "cz_0003", "rows": 1000, "v_sessions": 10, "v_done": 9, "rw_done": 10, "v_left": 1}, {"batch": "cz_0004", "rows": 1000, "v_sessions": 10, "v_done": 5, "rw_done": 4, "v_left": 5}, {"batch": "cz_0005", "rows": 64, "v_sessions": 1, "v_done": 0, "rw_done": 0, "v_left": 1}], "rows_left_v": 864, "v_sessions_left": 9, "adopted_sessions": 66, "cz_healthy_tok_per_sentence": 1379.0, "projected_tokens_v_rows": 1191456, "measured_2c_per_slot_tok_per_s": 239.3, "n_2c_sessions_measured": 82, "projected_wall_h_at_par_2": 0.69}
2026-09-20 14:50:47 SKIP-BATCH cz_0001 already complete (DONE marker + annotations file)
2026-09-20 14:50:47 BATCH cz_0002 cz 1000 rows, 20 sessions total, 19 already complete (0 tokens): cz_0002_s01_v,cz_0002_s01_rw,cz_0002_s02_v,cz_0002_s02_rw,cz_0002_s03_v,cz_0002_s03_rw,cz_0002_s04_rw,cz_0002_s05_v,cz_0002_s05_rw,cz_0002_s06_v,cz_0002_s06_rw,cz_0002_s07_v,cz_0002_s07_rw,cz_0002_s08_v,cz_0002_s08_rw,cz_0002_s09_v,cz_0002_s09_rw,cz_0002_s10_v,cz_0002_s10_rw | 1 to run now, par 2
2026-09-20 14:50:47 SKIP-DONE cz_0002_s01_v already complete on disk, 0 tokens
2026-09-20 14:50:47 SKIP-DONE cz_0002_s01_rw already complete on disk, 0 tokens
2026-09-20 14:50:47 SKIP-DONE cz_0002_s02_v already complete on disk, 0 tokens
2026-09-20 14:50:47 SKIP-DONE cz_0002_s02_rw already complete on disk, 0 tokens
2026-09-20 14:50:47 SKIP-DONE cz_0002_s03_v already complete on disk, 0 tokens
2026-09-20 14:50:47 SKIP-DONE cz_0002_s03_rw already complete on disk, 0 tokens
2026-09-20 14:50:47 SKIP-DONE cz_0002_s04_rw already complete on disk, 0 tokens
2026-09-20 14:50:47 SKIP-DONE cz_0002_s05_v already complete on disk, 0 tokens
2026-09-20 14:50:47 SKIP-DONE cz_0002_s05_rw already complete on disk, 0 tokens
2026-09-20 14:50:47 SKIP-DONE cz_0002_s06_v already complete on disk, 0 tokens
2026-09-20 14:50:47 SKIP-DONE cz_0002_s06_rw already complete on disk, 0 tokens
2026-09-20 14:50:47 SKIP-DONE cz_0002_s07_v already complete on disk, 0 tokens
2026-09-20 14:50:47 SKIP-DONE cz_0002_s07_rw already complete on disk, 0 tokens
2026-09-20 14:50:47 SKIP-DONE cz_0002_s08_v already complete on disk, 0 tokens
2026-09-20 14:50:47 SKIP-DONE cz_0002_s08_rw already complete on disk, 0 tokens
2026-09-20 14:50:47 SKIP-DONE cz_0002_s09_v already complete on disk, 0 tokens
2026-09-20 14:50:47 SKIP-DONE cz_0002_s09_rw already complete on disk, 0 tokens
2026-09-20 14:50:47 SKIP-DONE cz_0002_s10_v already complete on disk, 0 tokens
2026-09-20 14:50:47 SKIP-DONE cz_0002_s10_rw already complete on disk, 0 tokens
2026-09-20 14:51:47 THROUGHPUT rate 0.0 tok/s low_streak 0 cum_tok 90322 inflight 1
2026-09-20 14:52:47 THROUGHPUT rate 0.0 tok/s low_streak 1 cum_tok 90322 inflight 1
2026-09-20 14:53:47 THROUGHPUT rate 0.0 tok/s low_streak 2 cum_tok 90322 inflight 1
2026-09-20 14:54:47 THROUGHPUT rate 0.0 tok/s low_streak 3 cum_tok 90322 inflight 1
2026-09-20 14:55:47 THROUGHPUT rate 0.0 tok/s low_streak 4 cum_tok 90322 inflight 1
2026-09-20 14:56:47 THROUGHPUT rate 0.0 tok/s low_streak 5 cum_tok 90322 inflight 1
2026-09-20 14:57:47 THROUGHPUT rate 0.0 tok/s low_streak 6 cum_tok 90322 inflight 1
2026-09-20 14:58:42 RETRY cz_0002_s04_v v attempt 1 of 5 reason 429 sleep 87.1s counted:false
2026-09-20 14:58:47 THROUGHPUT rate 0.0 tok/s low_streak 7 cum_tok 90322 inflight 1
2026-09-20 14:59:47 THROUGHPUT rate 0.0 tok/s low_streak 8 cum_tok 90322 inflight 1
2026-09-20 15:00:47 THROUGHPUT rate 0.0 tok/s low_streak 9 cum_tok 90322 inflight 1
2026-09-20 15:01:47 THROUGHPUT rate 0.0 tok/s low_streak 10 cum_tok 90322 inflight 1
2026-09-20 15:02:47 THROUGHPUT rate 0.0 tok/s low_streak 11 cum_tok 90322 inflight 1
2026-09-20 15:03:47 THROUGHPUT rate 0.0 tok/s low_streak 12 cum_tok 90322 inflight 1
2026-09-20 15:04:47 THROUGHPUT rate 0.0 tok/s low_streak 13 cum_tok 90322 inflight 1
2026-09-20 15:05:47 THROUGHPUT rate 0.0 tok/s low_streak 14 cum_tok 90322 inflight 1
2026-09-20 15:06:47 THROUGHPUT rate 0.0 tok/s low_streak 15 cum_tok 90322 inflight 1
2026-09-20 15:07:47 THROUGHPUT rate 0.0 tok/s low_streak 16 cum_tok 90322 inflight 1
2026-09-20 15:08:47 THROUGHPUT rate 0.0 tok/s low_streak 17 cum_tok 90322 inflight 1
2026-09-20 15:09:47 THROUGHPUT rate 0.0 tok/s low_streak 18 cum_tok 90322 inflight 1
2026-09-20 15:10:09 RETRY cz_0002_s04_v v attempt 2 of 5 reason 429 sleep 147.6s counted:false
2026-09-20 15:10:47 THROUGHPUT rate 0.0 tok/s low_streak 19 cum_tok 90322 inflight 1
2026-09-20 15:11:47 THROUGHPUT rate 0.0 tok/s low_streak 20 cum_tok 90322 inflight 1
2026-09-20 15:11:47 SOFT-STOP throughput_guard measured throughput 0.0 tok/s stayed under 60 tok/s for 20 consecutive minutes (trailing 300 s window).

2C ran five hours at 25 tok/s because nothing checked; this run stops spawning instead. In-flight sessions finish or hit the circuit breaker, everything complete is committed, resume with the same command. - no further sessions will be spawned; in-flight sessions may finish
2026-09-20 15:20:07 RETRY cz_0002_s04_v v attempt 3 of 5 reason 429 sleep 256.4s counted:false
2026-09-20 15:32:33 RETRY cz_0002_s04_v v attempt 4 of 5 reason 429 sleep 507.0s counted:false
2026-09-20 15:48:29 RETRY cz_0002_s04_v v attempt 5 of 5 reason 429 sleep 961.5s counted:false
2026-09-20 16:12:28 GIVEUP cz_0002_s04_v v retries_exhausted after 5 retries (429) tok 555531 wall 4900.7 - moving on, the run never hangs
2026-09-20 16:12:28 INCOMPLETE cz_0002 1 session(s) missing: cz_0002_s04_v | rows lost 100 ['5365-5464'] | rows written anyway 900
2026-09-20 16:12:28 DEFECT batch cz_0002 incomplete: sessions cz_0002_s04_v missing; 100 rows (5365-5464) not written, 900 rows written
2026-09-20 16:12:28 GATE3 cz_0002 {"agv4": {"counts": {"AGREE": 46, "ERROR": 4}, "ERROR_of_decided_pct": 8.0, "bar": 12.0}, "reader_nom": {"counts": {"AGREE": 36, "CONSERVATIVE": 11, "ERROR": 3}, "ERROR_of_decided_pct": 7.69, "bar": 12.0}, "g4_DIAGNOSTIC_ONLY": {"counts": {"AGREE": 37, "ERROR": 13}, "ERROR_of_decided_pct": 26.0, "note": "never gates: built over AG v2/v3; 2B settled it as the reflexive si/sa/se pattern"}, "lk_adjust_rate_pct": 16.33}
2026-09-20 16:12:28 BATCH-DONE cz_0002 rows_written 900 of 1000 wall_s 4901.2 cum_tok 645853 complete False
2026-09-20 16:12:28 PROJECTION cz_0002 no rows paid for in this process (all sessions adopted); gate not applicable
2026-09-20 16:12:28 END tokens 645853 wall_s 4901.4 batches_done 0 retries 6 giveups 1 stopped_early True
2026-09-20 16:35:41 DEFECT prior session NOT adoptable -> treated as MISSING and re-run: phase2d/cz_0001_s07_v (rows is not a list (unparsable result))
2026-09-20 16:35:41 ADOPT 66 finished Czech sessions COPIED (read only) from {'phase2d': 66} | 0 tokens each -> cz_0001_s01_rw,cz_0001_s01_v,cz_0001_s02_rw,cz_0001_s02_v,cz_0001_s03_rw,cz_0001_s03_v,cz_0001_s04_rw,cz_0001_s04_v,cz_0001_s05_rw,cz_0001_s05_v,cz_0001_s06_rw,cz_0001_s06_v,cz_0001_s07_rw,cz_0001_s08_rw,cz_0001_s08_v,cz_0001_s09_rw,cz_0001_s09_v,cz_0001_s10_rw,cz_0001_s10_v,cz_0002_s01_rw,cz_0002_s01_v,cz_0002_s02_rw,cz_0002_s02_v,cz_0002_s03_rw,cz_0002_s03_v,cz_0002_s04_rw,cz_0002_s05_rw,cz_0002_s05_v,cz_0002_s06_rw,cz_0002_s06_v,cz_0002_s07_rw,cz_0002_s07_v,cz_0002_s08_rw,cz_0002_s08_v,cz_0002_s09_rw,cz_0002_s09_v,cz_0002_s10_rw,cz_0002_s10_v,cz_0003_s01_rw,cz_0003_s01_v,cz_0003_s02_rw,cz_0003_s02_v,cz_0003_s03_rw,cz_0003_s03_v,cz_0003_s04_rw,cz_0003_s05_rw,cz_0003_s05_v,cz_0003_s06_rw,cz_0003_s06_v,cz_0003_s07_rw,cz_0003_s07_v,cz_0003_s08_rw,cz_0003_s08_v,cz_0003_s09_rw,cz_0003_s09_v,cz_0003_s10_rw,cz_0003_s10_v,cz_0004_s01_rw,cz_0004_s01_v,cz_0004_s02_rw,cz_0004_s02_v,cz_0004_s03_rw,cz_0004_s03_v,cz_0004_s05_rw,cz_0004_s05_v,cz_0004_s06_v
2026-09-20 16:35:41 ADOPT-REJECTED 1 session file(s) NOT adoptable, will be re-run: phase2d/cz_0001_s07_v: rows is not a list (unparsable result)
2026-09-20 16:35:42 GIT-NOTE ['translation-offline/phase2e/ledger_2e_cz.json', 'translation-offline/phase2e/out/sessions/cz_0001_s01_rw.json', 'translation-offline/phase2e/out/sessions/cz_0001_s01_v.json'] _2e_lk.stdout2.txt 	translation-offline/phase2e/run_2e_lk.stdout3.txt  keine Änderungen zum Commit vorgemerkt (benutzen Sie "git add" und/oder "git commit -a") 
2026-09-20 16:35:42 ALT index 1434 members 3764 surface 975 phrases 288 candidates
2026-09-20 16:35:42 START LIVE batches ['cz_0003', 'cz_0004', 'cz_0005'] rows 2064 cap 1800000 already_spent 645853 par 2 prompt_sha {'v_cz': '4f9d486477084793', 'rw': 'a113461f4bdbd418'} lk_needs_dedicated_pass True adopted 66 only None
2026-09-20 16:35:42 PLAN {"batches": [{"batch": "cz_0003", "rows": 1000, "v_sessions": 10, "v_done": 9, "rw_done": 10, "v_left": 1}, {"batch": "cz_0004", "rows": 1000, "v_sessions": 10, "v_done": 5, "rw_done": 4, "v_left": 5}, {"batch": "cz_0005", "rows": 64, "v_sessions": 1, "v_done": 0, "rw_done": 0, "v_left": 1}], "rows_left_v": 664, "v_sessions_left": 7, "adopted_sessions": 66, "cz_healthy_tok_per_sentence": 1379.0, "projected_tokens_v_rows": 915656, "measured_2c_per_slot_tok_per_s": 239.3, "n_2c_sessions_measured": 82, "projected_wall_h_at_par_2": 0.53}
2026-09-20 16:35:42 BATCH cz_0003 cz 1000 rows, 20 sessions total, 19 already complete (0 tokens): cz_0003_s01_v,cz_0003_s01_rw,cz_0003_s02_v,cz_0003_s02_rw,cz_0003_s03_v,cz_0003_s03_rw,cz_0003_s04_rw,cz_0003_s05_v,cz_0003_s05_rw,cz_0003_s06_v,cz_0003_s06_rw,cz_0003_s07_v,cz_0003_s07_rw,cz_0003_s08_v,cz_0003_s08_rw,cz_0003_s09_v,cz_0003_s09_rw,cz_0003_s10_v,cz_0003_s10_rw | 1 to run now, par 2
2026-09-20 16:35:42 SKIP-DONE cz_0003_s01_v already complete on disk, 0 tokens
2026-09-20 16:35:42 SKIP-DONE cz_0003_s01_rw already complete on disk, 0 tokens
2026-09-20 16:35:42 SKIP-DONE cz_0003_s02_v already complete on disk, 0 tokens
2026-09-20 16:35:42 SKIP-DONE cz_0003_s02_rw already complete on disk, 0 tokens
2026-09-20 16:35:42 SKIP-DONE cz_0003_s03_v already complete on disk, 0 tokens
2026-09-20 16:35:42 SKIP-DONE cz_0003_s03_rw already complete on disk, 0 tokens
2026-09-20 16:35:42 SKIP-DONE cz_0003_s04_rw already complete on disk, 0 tokens
2026-09-20 16:35:42 SKIP-DONE cz_0003_s05_v already complete on disk, 0 tokens
2026-09-20 16:35:42 SKIP-DONE cz_0003_s05_rw already complete on disk, 0 tokens
2026-09-20 16:35:42 SKIP-DONE cz_0003_s06_v already complete on disk, 0 tokens
2026-09-20 16:35:42 SKIP-DONE cz_0003_s06_rw already complete on disk, 0 tokens
2026-09-20 16:35:42 SKIP-DONE cz_0003_s07_v already complete on disk, 0 tokens
2026-09-20 16:35:42 SKIP-DONE cz_0003_s07_rw already complete on disk, 0 tokens
2026-09-20 16:35:42 SKIP-DONE cz_0003_s08_v already complete on disk, 0 tokens
2026-09-20 16:35:42 SKIP-DONE cz_0003_s08_rw already complete on disk, 0 tokens
2026-09-20 16:35:42 SKIP-DONE cz_0003_s09_v already complete on disk, 0 tokens
2026-09-20 16:35:42 SKIP-DONE cz_0003_s09_rw already complete on disk, 0 tokens
2026-09-20 16:35:42 SKIP-DONE cz_0003_s10_v already complete on disk, 0 tokens
2026-09-20 16:35:42 SKIP-DONE cz_0003_s10_rw already complete on disk, 0 tokens
2026-09-20 16:36:42 THROUGHPUT rate 0.0 tok/s low_streak 0 cum_tok 645853 inflight 1
2026-09-20 16:37:42 THROUGHPUT rate 0.0 tok/s low_streak 1 cum_tok 645853 inflight 1
2026-09-20 16:38:42 THROUGHPUT rate 0.0 tok/s low_streak 2 cum_tok 645853 inflight 1
2026-09-20 16:39:42 THROUGHPUT rate 0.0 tok/s low_streak 3 cum_tok 645853 inflight 1
2026-09-20 16:40:42 THROUGHPUT rate 0.0 tok/s low_streak 4 cum_tok 645853 inflight 1
2026-09-20 16:41:42 THROUGHPUT rate 0.0 tok/s low_streak 5 cum_tok 645853 inflight 1
2026-09-20 16:42:42 THROUGHPUT rate 0.0 tok/s low_streak 6 cum_tok 645853 inflight 1
2026-09-20 16:43:30 RETRY cz_0003_s04_v v attempt 1 of 5 reason 429 sleep 75.4s counted:false
2026-09-20 16:43:42 THROUGHPUT rate 0.0 tok/s low_streak 7 cum_tok 645853 inflight 1
2026-09-20 16:44:42 THROUGHPUT rate 0.0 tok/s low_streak 8 cum_tok 645853 inflight 1
2026-09-20 16:45:42 THROUGHPUT rate 0.0 tok/s low_streak 9 cum_tok 645853 inflight 1
2026-09-20 16:46:42 THROUGHPUT rate 0.0 tok/s low_streak 10 cum_tok 645853 inflight 1
2026-09-20 16:47:42 THROUGHPUT rate 0.0 tok/s low_streak 11 cum_tok 645853 inflight 1
2026-09-20 16:48:42 THROUGHPUT rate 0.0 tok/s low_streak 12 cum_tok 645853 inflight 1
2026-09-20 16:49:42 THROUGHPUT rate 0.0 tok/s low_streak 13 cum_tok 645853 inflight 1
2026-09-20 16:50:42 THROUGHPUT rate 0.0 tok/s low_streak 14 cum_tok 645853 inflight 1
2026-09-20 16:51:42 THROUGHPUT rate 0.0 tok/s low_streak 15 cum_tok 645853 inflight 1
2026-09-20 16:52:42 THROUGHPUT rate 0.0 tok/s low_streak 16 cum_tok 645853 inflight 1
2026-09-20 16:53:03 RETRY cz_0003_s04_v v attempt 2 of 5 reason 429 sleep 126.6s counted:false
2026-09-20 16:53:42 THROUGHPUT rate 0.0 tok/s low_streak 17 cum_tok 645853 inflight 1
2026-09-20 16:54:42 THROUGHPUT rate 0.0 tok/s low_streak 18 cum_tok 645853 inflight 1
2026-09-20 16:55:42 THROUGHPUT rate 0.0 tok/s low_streak 19 cum_tok 645853 inflight 1
2026-09-20 16:56:42 THROUGHPUT rate 0.0 tok/s low_streak 20 cum_tok 645853 inflight 1
2026-09-20 16:57:42 THROUGHPUT rate 0.0 tok/s low_streak 21 cum_tok 645853 inflight 1
2026-09-20 16:58:42 THROUGHPUT rate 0.0 tok/s low_streak 22 cum_tok 645853 inflight 1
2026-09-20 16:59:42 THROUGHPUT rate 0.0 tok/s low_streak 23 cum_tok 645853 inflight 1
2026-09-20 17:00:42 THROUGHPUT rate 0.0 tok/s low_streak 24 cum_tok 645853 inflight 1
2026-09-20 17:01:42 THROUGHPUT rate 0.0 tok/s low_streak 25 cum_tok 645853 inflight 1
2026-09-20 17:02:06 RETRY cz_0003_s04_v v attempt 3 of 5 reason 429 sleep 246.9s counted:false
2026-09-20 17:02:42 THROUGHPUT rate 0.0 tok/s low_streak 26 cum_tok 645853 inflight 1
2026-09-20 17:03:42 THROUGHPUT rate 0.0 tok/s low_streak 27 cum_tok 645853 inflight 1
2026-09-20 17:04:42 THROUGHPUT rate 0.0 tok/s low_streak 28 cum_tok 645853 inflight 1
2026-09-20 17:05:42 THROUGHPUT rate 0.0 tok/s low_streak 29 cum_tok 645853 inflight 1
2026-09-20 17:06:42 THROUGHPUT rate 0.0 tok/s low_streak 30 cum_tok 645853 inflight 1
2026-09-20 17:07:42 THROUGHPUT rate 0.0 tok/s low_streak 31 cum_tok 645853 inflight 1
2026-09-20 17:08:42 THROUGHPUT rate 0.0 tok/s low_streak 32 cum_tok 645853 inflight 1
2026-09-20 17:09:42 THROUGHPUT rate 0.0 tok/s low_streak 33 cum_tok 645853 inflight 1
2026-09-20 17:10:42 THROUGHPUT rate 0.0 tok/s low_streak 34 cum_tok 645853 inflight 1
2026-09-20 17:11:42 THROUGHPUT rate 0.0 tok/s low_streak 35 cum_tok 645853 inflight 1
2026-09-20 17:12:42 THROUGHPUT rate 0.0 tok/s low_streak 36 cum_tok 645853 inflight 1
2026-09-20 17:13:05 RETRY cz_0003_s04_v v attempt 4 of 5 reason 429 sleep 505.3s counted:false
2026-09-20 17:13:42 THROUGHPUT rate 0.0 tok/s low_streak 37 cum_tok 645853 inflight 1
2026-09-20 17:14:42 THROUGHPUT rate 0.0 tok/s low_streak 38 cum_tok 645853 inflight 1
2026-09-20 17:15:42 THROUGHPUT rate 0.0 tok/s low_streak 39 cum_tok 645853 inflight 1
2026-09-20 17:16:42 THROUGHPUT rate 0.0 tok/s low_streak 40 cum_tok 645853 inflight 1
2026-09-20 17:17:42 THROUGHPUT rate 0.0 tok/s low_streak 41 cum_tok 645853 inflight 1
2026-09-20 17:18:42 THROUGHPUT rate 0.0 tok/s low_streak 42 cum_tok 645853 inflight 1
2026-09-20 17:19:42 THROUGHPUT rate 0.0 tok/s low_streak 43 cum_tok 645853 inflight 1
2026-09-20 17:20:42 THROUGHPUT rate 0.0 tok/s low_streak 44 cum_tok 645853 inflight 1
2026-09-20 17:21:42 THROUGHPUT rate 0.0 tok/s low_streak 45 cum_tok 645853 inflight 1
2026-09-20 17:21:42 SOFT-STOP throughput_guard measured throughput 0.0 tok/s stayed under 60 tok/s for 45 consecutive minutes (trailing 300 s window).

2C ran five hours at 25 tok/s because nothing checked; this run stops spawning instead. In-flight sessions finish or hit the circuit breaker, everything complete is committed, resume with the same command. - no further sessions will be spawned; in-flight sessions may finish
2026-09-20 17:28:47 RETRY cz_0003_s04_v v attempt 5 of 5 reason 429 sleep 984.8s counted:false
2026-09-20 17:52:35 GIVEUP cz_0003_s04_v v retries_exhausted after 5 retries (429) tok 527721 wall 4613.5 - moving on, the run never hangs
2026-09-20 17:52:35 INCOMPLETE cz_0003 1 session(s) missing: cz_0003_s04_v | rows lost 100 ['6365-6464'] | rows written anyway 900
2026-09-20 17:52:35 DEFECT batch cz_0003 incomplete: sessions cz_0003_s04_v missing; 100 rows (6365-6464) not written, 900 rows written
2026-09-20 17:52:36 GATE3 cz_0003 {"agv4": {"counts": {"AGREE": 47, "ERROR": 3}, "ERROR_of_decided_pct": 6.0, "bar": 12.0}, "reader_nom": {"counts": {"AGREE": 28, "CONSERVATIVE": 19, "ERROR": 3}, "ERROR_of_decided_pct": 9.68, "bar": 12.0}, "g4_DIAGNOSTIC_ONLY": {"counts": {"ERROR": 15, "AGREE": 35}, "ERROR_of_decided_pct": 30.0, "note": "never gates: built over AG v2/v3; 2B settled it as the reflexive si/sa/se pattern"}, "lk_adjust_rate_pct": 10.11}
2026-09-20 17:52:36 BATCH-DONE cz_0003 rows_written 900 of 1000 wall_s 4614.0 cum_tok 1173574 complete False
2026-09-20 17:52:36 PROJECTION cz_0003 no rows paid for in this process (all sessions adopted); gate not applicable
2026-09-20 17:52:36 END tokens 1173574 wall_s 4614.2 batches_done 0 retries 6 giveups 1 stopped_early True
