2026-09-20 14:39:17 SELFTEST PASS should_retry:429_in_stdout 
2026-09-20 14:39:17 SELFTEST PASS should_retry:429_in_stderr 
2026-09-20 14:39:17 SELFTEST PASS should_retry:nonzero_exit 
2026-09-20 14:39:17 SELFTEST PASS should_retry:clean_run_not_retried 
2026-09-20 14:39:17 SELFTEST PASS backoff:60/120/240_plus_jitter [69.7, 124.5, 259.5, 482.2, 976.1]
2026-09-20 14:39:17 SELFTEST PASS backoff:at_most_5_retries_2E 
2026-09-20 14:39:17 SELFTEST PASS cb:floors_before_any_mean (900.0, 200000.0)
2026-09-20 14:39:17 SELFTEST PASS cb:3x_mean_wall_900s wall_cap=900
2026-09-20 14:39:17 SELFTEST PASS cb:3x_mean_tokens_285k tok_cap=285000
2026-09-20 14:39:17 SELFTEST PASS cb:scales_above_floor wall=2700 tok=480000
2026-09-20 14:39:17 SELFTEST PASS cb:2C_runaway_impossible 2C's 18,839 s / 436,644 tok session is killed at 900 s and is over the 285000 tok ceiling
2026-09-20 14:39:17 SELFTEST PASS guard:trips_at_20_low_minutes low=20, tripped at minute 21 (sample 1 has no trailing window yet)
2026-09-20 14:39:17 SELFTEST PASS guard:healthy_run_never_trips rate=100.0 tok/s
2026-09-20 14:39:17 SELFTEST PASS guard:recovery_resets_streak 13 -> 0
2026-09-20 14:39:17 SELFTEST PASS projection:tokens {"rows_paid": 700, "rows_left": 3364, "tok_per_row": 1380.0, "s_per_row": 10.0, "cum_tokens": 966000, "projected_total_tokens": 5608320, "projected_total_s": 40640.0, "projected_total_h": 11.29}
2026-09-20 14:39:17 SELFTEST PASS projection:stops_over_4h 11.29 h
2026-09-20 14:39:17 SELFTEST PASS projection:stops_over_cap 
2026-09-20 14:39:17 SELFTEST PASS projection:passes_when_fast {"rows_paid": 700, "rows_left": 3364, "tok_per_row": 1000.0, "s_per_row": 2.86, "cum_tokens": 700000, "projected_total_tokens": 4064000, "projected_total_s": 11611.4, "projected_total_h": 3.23}
2026-09-20 14:39:17 SELFTEST PASS projection:no_paid_rows_no_gate 
2026-09-20 14:39:17 SELFTEST PASS par_is_2 
2026-09-20 14:39:17 SELFTEST PASS lk_prompt_unchanged_vs_2C 
2026-09-20 14:39:17 SELFTEST PASS lk_needs_dedicated_pass_true 
2026-09-20 14:39:17 SELFTEST PASS gate3_bar_12 
2026-09-20 14:39:17 SELFTEST PASS N_is_100 
2026-09-20 14:39:17 SELFTEST PASS czech_only 
2026-09-20 14:39:17 GATE3 SELFTEST {"agv4": {"counts": {"AGREE": 30, "ERROR": 20}, "ERROR_of_decided_pct": 40.0, "bar": 12.0}, "reader_nom": {"counts": {"AGREE": 50}, "ERROR_of_decided_pct": 0.0, "bar": 12.0}, "g4_DIAGNOSTIC_ONLY": {"counts": {"AGREE": 30, "ERROR": 20}, "ERROR_of_decided_pct": 40.0, "note": "never gates: built over AG v2/v3; 2B settled it as the reflexive si/sa/se pattern"}, "lk_adjust_rate_pct": 20.0}
2026-09-20 14:39:17 SELFTEST PASS gate3:fires_above_12pct_bar {'AGREE': 30, 'ERROR': 20}
2026-09-20 14:39:17 SELFTEST PASS gate3:reader_nom_leg_scored {'AGREE': 50}
2026-09-20 14:39:17 SELFTEST PASS gate3:g4_diagnostic_only 
2026-09-20 14:39:17 SELFTEST PASS gate3:lk_needs_dedicated_pass_recorded 
2026-09-20 14:39:17 SELFTEST all checks passed, 0 model tokens
2026-09-20 14:39:17 DEFECT prior session NOT adoptable -> treated as MISSING and re-run: phase2e/cz_0001_s07_v (rows is not a list (unparsable result))
2026-09-20 14:39:17 ADOPT 66 finished Czech sessions COPIED (read only) from {'phase2e': 66} | 0 tokens each -> cz_0001_s01_rw,cz_0001_s01_v,cz_0001_s02_rw,cz_0001_s02_v,cz_0001_s03_rw,cz_0001_s03_v,cz_0001_s04_rw,cz_0001_s04_v,cz_0001_s05_rw,cz_0001_s05_v,cz_0001_s06_rw,cz_0001_s06_v,cz_0001_s07_rw,cz_0001_s08_rw,cz_0001_s08_v,cz_0001_s09_rw,cz_0001_s09_v,cz_0001_s10_rw,cz_0001_s10_v,cz_0002_s01_rw,cz_0002_s01_v,cz_0002_s02_rw,cz_0002_s02_v,cz_0002_s03_rw,cz_0002_s03_v,cz_0002_s04_rw,cz_0002_s05_rw,cz_0002_s05_v,cz_0002_s06_rw,cz_0002_s06_v,cz_0002_s07_rw,cz_0002_s07_v,cz_0002_s08_rw,cz_0002_s08_v,cz_0002_s09_rw,cz_0002_s09_v,cz_0002_s10_rw,cz_0002_s10_v,cz_0003_s01_rw,cz_0003_s01_v,cz_0003_s02_rw,cz_0003_s02_v,cz_0003_s03_rw,cz_0003_s03_v,cz_0003_s04_rw,cz_0003_s05_rw,cz_0003_s05_v,cz_0003_s06_rw,cz_0003_s06_v,cz_0003_s07_rw,cz_0003_s07_v,cz_0003_s08_rw,cz_0003_s08_v,cz_0003_s09_rw,cz_0003_s09_v,cz_0003_s10_rw,cz_0003_s10_v,cz_0004_s01_rw,cz_0004_s01_v,cz_0004_s02_rw,cz_0004_s02_v,cz_0004_s03_rw,cz_0004_s03_v,cz_0004_s05_rw,cz_0004_s05_v,cz_0004_s06_v
2026-09-20 14:39:17 ADOPT-REJECTED 1 session file(s) NOT adoptable, will be re-run: phase2e/cz_0001_s07_v: rows is not a list (unparsable result)
2026-09-20 14:39:17 ALT index 1434 members 3764 surface 975 phrases 288 candidates
2026-09-20 14:39:17 START dry batches ['cz_0001', 'cz_0002', 'cz_0003', 'cz_0004', 'cz_0005'] rows 4064 cap 6000000 already_spent 0 par 2 prompt_sha {'v_cz': '4f9d486477084793', 'rw': 'a113461f4bdbd418'} lk_needs_dedicated_pass True adopted 66 only None
2026-09-20 14:39:17 PLAN {"batches": [{"batch": "cz_0001", "rows": 1000, "v_sessions": 10, "v_done": 9, "rw_done": 10, "v_left": 1}, {"batch": "cz_0002", "rows": 1000, "v_sessions": 10, "v_done": 9, "rw_done": 10, "v_left": 1}, {"batch": "cz_0003", "rows": 1000, "v_sessions": 10, "v_done": 9, "rw_done": 10, "v_left": 1}, {"batch": "cz_0004", "rows": 1000, "v_sessions": 10, "v_done": 5, "rw_done": 4, "v_left": 5}, {"batch": "cz_0005", "rows": 64, "v_sessions": 1, "v_done": 0, "rw_done": 0, "v_left": 1}], "rows_left_v": 864, "v_sessions_left": 9, "adopted_sessions": 66, "cz_healthy_tok_per_sentence": 1379.0, "projected_tokens_v_rows": 1191456, "measured_2c_per_slot_tok_per_s": 239.3, "n_2c_sessions_measured": 82, "projected_wall_h_at_par_2": 0.69}
2026-09-20 14:39:17 BATCH cz_0001 cz 1000 rows, 20 sessions total, 19 already complete (0 tokens): cz_0001_s01_v,cz_0001_s01_rw,cz_0001_s02_v,cz_0001_s02_rw,cz_0001_s03_v,cz_0001_s03_rw,cz_0001_s04_v,cz_0001_s04_rw,cz_0001_s05_v,cz_0001_s05_rw,cz_0001_s06_v,cz_0001_s06_rw,cz_0001_s07_rw,cz_0001_s08_v,cz_0001_s08_rw,cz_0001_s09_v,cz_0001_s09_rw,cz_0001_s10_v,cz_0001_s10_rw | 1 to run now, par 2
2026-09-20 14:39:17 SKIP-DONE cz_0001_s01_v already complete on disk, 0 tokens
2026-09-20 14:39:17 SKIP-DONE cz_0001_s01_rw already complete on disk, 0 tokens
2026-09-20 14:39:17 SKIP-DONE cz_0001_s02_v already complete on disk, 0 tokens
2026-09-20 14:39:17 SKIP-DONE cz_0001_s02_rw already complete on disk, 0 tokens
2026-09-20 14:39:17 SKIP-DONE cz_0001_s03_v already complete on disk, 0 tokens
2026-09-20 14:39:17 SKIP-DONE cz_0001_s03_rw already complete on disk, 0 tokens
2026-09-20 14:39:17 SKIP-DONE cz_0001_s04_v already complete on disk, 0 tokens
2026-09-20 14:39:17 SKIP-DONE cz_0001_s04_rw already complete on disk, 0 tokens
2026-09-20 14:39:17 SKIP-DONE cz_0001_s05_v already complete on disk, 0 tokens
2026-09-20 14:39:17 SKIP-DONE cz_0001_s05_rw already complete on disk, 0 tokens
2026-09-20 14:39:17 SKIP-DONE cz_0001_s06_v already complete on disk, 0 tokens
2026-09-20 14:39:17 SKIP-DONE cz_0001_s06_rw already complete on disk, 0 tokens
2026-09-20 14:39:17 SKIP-DONE cz_0001_s07_rw already complete on disk, 0 tokens
2026-09-20 14:39:17 SKIP-DONE cz_0001_s08_v already complete on disk, 0 tokens
2026-09-20 14:39:17 SKIP-DONE cz_0001_s08_rw already complete on disk, 0 tokens
2026-09-20 14:39:17 SKIP-DONE cz_0001_s09_v already complete on disk, 0 tokens
2026-09-20 14:39:17 SKIP-DONE cz_0001_s09_rw already complete on disk, 0 tokens
2026-09-20 14:39:17 SKIP-DONE cz_0001_s10_v already complete on disk, 0 tokens
2026-09-20 14:39:17 SKIP-DONE cz_0001_s10_rw already complete on disk, 0 tokens
2026-09-20 14:39:17 DRY cz_0001_s07_v v 100 rows prompt_chars 30299
2026-09-20 14:39:17 GATE3 cz_0001 {"agv4": {"counts": {"AGREE": 50}, "ERROR_of_decided_pct": 0.0, "bar": 12.0}, "reader_nom": {"counts": {"AGREE": 27, "CONSERVATIVE": 22, "ERROR": 1}, "ERROR_of_decided_pct": 3.57, "bar": 12.0}, "g4_DIAGNOSTIC_ONLY": {"counts": {"AGREE": 43, "ERROR": 7}, "ERROR_of_decided_pct": 14.0, "note": "never gates: built over AG v2/v3; 2B settled it as the reflexive si/sa/se pattern"}, "lk_adjust_rate_pct": 12.6}
2026-09-20 14:39:17 UPLOAD-FORMATS upload_candidate_A_cz_0001.xlsx 284597 upload_candidate_B_cz_0001.csv 472553
2026-09-20 14:39:17 BATCH-DONE cz_0001 rows_written 1000 of 1000 wall_s 0.3 cum_tok 0 complete True
2026-09-20 14:39:17 PROJECTION cz_0001 no rows paid for in this process (all sessions adopted); gate not applicable
2026-09-20 14:39:17 BATCH cz_0002 cz 1000 rows, 20 sessions total, 19 already complete (0 tokens): cz_0002_s01_v,cz_0002_s01_rw,cz_0002_s02_v,cz_0002_s02_rw,cz_0002_s03_v,cz_0002_s03_rw,cz_0002_s04_rw,cz_0002_s05_v,cz_0002_s05_rw,cz_0002_s06_v,cz_0002_s06_rw,cz_0002_s07_v,cz_0002_s07_rw,cz_0002_s08_v,cz_0002_s08_rw,cz_0002_s09_v,cz_0002_s09_rw,cz_0002_s10_v,cz_0002_s10_rw | 1 to run now, par 2
2026-09-20 14:39:17 SKIP-DONE cz_0002_s01_v already complete on disk, 0 tokens
2026-09-20 14:39:17 SKIP-DONE cz_0002_s01_rw already complete on disk, 0 tokens
2026-09-20 14:39:17 SKIP-DONE cz_0002_s02_v already complete on disk, 0 tokens
2026-09-20 14:39:17 SKIP-DONE cz_0002_s02_rw already complete on disk, 0 tokens
2026-09-20 14:39:17 SKIP-DONE cz_0002_s03_v already complete on disk, 0 tokens
2026-09-20 14:39:17 SKIP-DONE cz_0002_s03_rw already complete on disk, 0 tokens
2026-09-20 14:39:17 SKIP-DONE cz_0002_s04_rw already complete on disk, 0 tokens
2026-09-20 14:39:17 SKIP-DONE cz_0002_s05_v already complete on disk, 0 tokens
2026-09-20 14:39:17 SKIP-DONE cz_0002_s05_rw already complete on disk, 0 tokens
2026-09-20 14:39:17 SKIP-DONE cz_0002_s06_v already complete on disk, 0 tokens
2026-09-20 14:39:17 SKIP-DONE cz_0002_s06_rw already complete on disk, 0 tokens
2026-09-20 14:39:17 SKIP-DONE cz_0002_s07_v already complete on disk, 0 tokens
2026-09-20 14:39:17 SKIP-DONE cz_0002_s07_rw already complete on disk, 0 tokens
2026-09-20 14:39:17 SKIP-DONE cz_0002_s08_v already complete on disk, 0 tokens
2026-09-20 14:39:17 SKIP-DONE cz_0002_s08_rw already complete on disk, 0 tokens
2026-09-20 14:39:17 SKIP-DONE cz_0002_s09_v already complete on disk, 0 tokens
2026-09-20 14:39:17 SKIP-DONE cz_0002_s09_rw already complete on disk, 0 tokens
2026-09-20 14:39:17 SKIP-DONE cz_0002_s10_v already complete on disk, 0 tokens
2026-09-20 14:39:17 SKIP-DONE cz_0002_s10_rw already complete on disk, 0 tokens
2026-09-20 14:39:17 DRY cz_0002_s04_v v 100 rows prompt_chars 30218
2026-09-20 14:39:17 GATE3 cz_0002 {"agv4": {"counts": {"AGREE": 43, "ERROR": 7}, "ERROR_of_decided_pct": 14.0, "bar": 12.0}, "reader_nom": {"counts": {"AGREE": 31, "CONSERVATIVE": 17, "ERROR": 2}, "ERROR_of_decided_pct": 6.06, "bar": 12.0}, "g4_DIAGNOSTIC_ONLY": {"counts": {"AGREE": 36, "ERROR": 14}, "ERROR_of_decided_pct": 28.0, "note": "never gates: built over AG v2/v3; 2B settled it as the reflexive si/sa/se pattern"}, "lk_adjust_rate_pct": 17.2}
2026-09-20 14:39:17 STOP gate3_agv4_cz_0002 GATE 3 failed on batch cz_0002 (cz): agv4 ERROR-of-decided 14.00 % > 12.0 % bar.

Counts: {'AGREE': 43, 'ERROR': 7}
The batch's annotations are written and committed; the run stopped before the next batch.
g4 (diagnostic only, never gates): {'counts': {'AGREE': 36, 'ERROR': 14}, 'ERROR_of_decided_pct': 28.0, 'note': 'never gates: built over AG v2/v3; 2B settled it as the reflexive si/sa/se pattern'}
