[00:31:04] PART2_RESULT.md present after 0 min
[00:31:04] budget gate: part2_counted 0 + 250 = 250, within the 900 phase cap; this probe may spend at most 320 counted calls (declared budget 250, local ceiling 320) -> PROCEED
[00:31:04] selection: 60 sentences, stratification {'A1': 15, 'B2': 15, 'B1': 15, 'A2': 15} (pool {'A1': 1174, 'A2': 1220, 'B1': 885, 'B2': 785})
[00:31:04] setup: 1U runner/loader/scorer copied to /Users/kristiansurhanak/Projects/and-again-content/translation-offline/phase2f/p3/probe/run (runner patched: stack_1w, ledger + floors repointed, cap 250)
[00:31:04] spawned headless session writer_part1_try1 (pid 6491)
[00:31:04] spawned headless session writer_part2_try1 (pid 6492)
[00:31:04] spawned headless session writer_part3_try1 (pid 6493)
[00:31:04] spawned headless session writer_part4_try1 (pid 6494)
[00:33:00] session writer_part1_try1 done: exit 0 is_error False out_tok 11694
[00:33:02] session writer_part2_try1 done: exit 0 is_error False out_tok 11071
[00:33:06] session writer_part3_try1 done: exit 0 is_error False out_tok 12157
[00:33:26] session writer_part4_try1 done: exit 0 is_error False out_tok 12365
[00:33:26] items: 360 (180 correct, 180 wrong)
[00:33:26] packets: 396 qids in 4 parts, 36 duplicate controls
[00:33:26] spawned headless session judge_part1_try1 (pid 6773)
[00:33:26] spawned headless session judge_part2_try1 (pid 6774)
[00:33:26] spawned headless session judge_part3_try1 (pid 6775)
[00:33:26] spawned headless session judge_part4_try1 (pid 6776)
[00:35:20] session judge_part1_try1 done: exit 0 is_error False out_tok 12860
[00:35:36] session judge_part2_try1 done: exit 0 is_error False out_tok 10773
[00:35:44] session judge_part3_try1 done: exit 0 is_error False out_tok 14206
[00:35:44] session judge_part4_try1 done: exit 0 is_error False out_tok 12405
[00:35:44] labels: {'correct': 182, 'wrong': 178} ; judge noise 0.0
[00:35:44] $ python3 /Users/kristiansurhanak/Projects/and-again-content/translation-offline/phase2f/p3/probe/run/runner_1u.py --preflight --data-dir /Users/kristiansurhanak/Projects/and-again-content/translation-offline/phase2f/p3/probe/data -> exit 0
[BUILD fresh1u] 360 items / 60 sentences   chk {"correct/match": 14, "wrong/auto": 346}   passive {"None": 360}   levers {"l2:aspect": 282, "l2:definiteness": 314, "l2:number": 66, "l3:items_with_a_variant": 18, "l3:removed": 18, "l3:shown": 18}
[AG v3] {"abstain_agentless_passive": 15, "errors": 0, "fired_guarded_union": 13, "fired_primary": 13, "fired_v2": 11, "fired_v3": 13, "fired_v3_not_v4": 0, "fired_v4_full": 13, "fired_v4_not_v3": 0, "items": 360}
[PROMPT] P-FROZEN-1U = P-FROZEN-1P + 1 line at index 9; sys identical; hash c5e81de44573 -> 8675518d8658
[PREFLIGHT] L2 lock firings under BASE: 96   L3-eligible under LOCKTIP: 325   AG v4 rejects before L3: 13   reach L3: 312
[PREFLIGHT] unique requests 312   reusable 0   PLANNED NEW CALLS 312   counted here 0   failed(200, unparsable) 0
[CAP] preflight: counted in ledger_dev 0 + planned 312 = 312   (hard cap 320)
[PREFLIGHT] PASS - 0 model calls; PREFLIGHT_1U.json + MODULES_1U.txt written

[00:35:44] $ git add -A translation-offline/phase2f -> exit 0

[00:35:44] $ git diff --cached --quiet -- translation-offline/phase2f -> exit 1

