2026-09-21 07:51:08 ADOPT 73 finished Czech sessions COPIED (read only) from {'phase2f': 73} | 0 tokens each -> cz_0001_s01_rw,cz_0001_s01_v,cz_0001_s02_rw,cz_0001_s02_v,cz_0001_s03_rw,cz_0001_s03_v,cz_0001_s04_rw,cz_0001_s04_v,cz_0001_s05_rw,cz_0001_s05_v,cz_0001_s06_rw,cz_0001_s06_v,cz_0001_s07_rw,cz_0001_s07_v,cz_0001_s08_rw,cz_0001_s08_v,cz_0001_s09_rw,cz_0001_s09_v,cz_0001_s10_rw,cz_0001_s10_v,cz_0002_s01_rw,cz_0002_s01_v,cz_0002_s02_rw,cz_0002_s02_v,cz_0002_s03_rw,cz_0002_s03_v,cz_0002_s04_rw,cz_0002_s04_v_h1,cz_0002_s05_rw,cz_0002_s05_v,cz_0002_s06_rw,cz_0002_s06_v,cz_0002_s07_rw,cz_0002_s07_v,cz_0002_s08_rw,cz_0002_s08_v,cz_0002_s09_rw,cz_0002_s09_v,cz_0002_s10_rw,cz_0002_s10_v,cz_0003_s01_rw,cz_0003_s01_v,cz_0003_s02_rw,cz_0003_s02_v,cz_0003_s03_rw,cz_0003_s03_v,cz_0003_s04_rw,cz_0003_s05_rw,cz_0003_s05_v,cz_0003_s06_rw,cz_0003_s06_v,cz_0003_s07_rw,cz_0003_s07_v,cz_0003_s08_rw,cz_0003_s08_v,cz_0003_s09_rw,cz_0003_s09_v,cz_0003_s10_rw,cz_0003_s10_v,cz_0004_s01_rw,cz_0004_s01_v,cz_0004_s02_rw,cz_0004_s02_v,cz_0004_s03_rw,cz_0004_s03_v,cz_0004_s05_rw,cz_0004_s05_v,cz_0004_s06_rw,cz_0004_s06_v,cz_0004_s07_rw,cz_0004_s07_v,cz_0004_s08_rw,cz_0004_s08_v
2026-09-21 07:51:08 ALT index 1434 members 3764 surface 975 phrases 288 candidates
2026-09-21 07:51:08 START LIVE batches ['cz_0001', 'cz_0002', 'cz_0003', 'cz_0004', 'cz_0005'] rows 4064 cap 2900000 already_spent 0 par 2 prompt_sha {'v_cz': '4f9d486477084793', 'rw': 'a113461f4bdbd418'} lk_needs_dedicated_pass True adopted 73 only None
2026-09-21 07:51:08 PLAN {"batches": [{"batch": "cz_0001", "rows": 1000, "v_sessions": 10, "v_done": 10, "rw_done": 10, "v_left": 0}, {"batch": "cz_0002", "rows": 1000, "v_sessions": 10, "v_done": 9, "rw_done": 10, "v_left": 1}, {"batch": "cz_0003", "rows": 1000, "v_sessions": 10, "v_done": 9, "rw_done": 10, "v_left": 1}, {"batch": "cz_0004", "rows": 1000, "v_sessions": 10, "v_done": 7, "rw_done": 7, "v_left": 3}, {"batch": "cz_0005", "rows": 64, "v_sessions": 1, "v_done": 0, "rw_done": 0, "v_left": 1}], "rows_left_v": 564, "v_sessions_left": 6, "adopted_sessions": 73, "cz_healthy_tok_per_sentence": 1379.0, "projected_tokens_v_rows": 777756, "measured_2c_per_slot_tok_per_s": 239.3, "n_2c_sessions_measured": 82, "projected_wall_h_at_par_2": 0.45}
2026-09-21 07:51:09 BATCH cz_0001 cz 1000 rows, 20 sessions total, 20 already complete (0 tokens): cz_0001_s01_v,cz_0001_s01_rw,cz_0001_s02_v,cz_0001_s02_rw,cz_0001_s03_v,cz_0001_s03_rw,cz_0001_s04_v,cz_0001_s04_rw,cz_0001_s05_v,cz_0001_s05_rw,cz_0001_s06_v,cz_0001_s06_rw,cz_0001_s07_v,cz_0001_s07_rw,cz_0001_s08_v,cz_0001_s08_rw,cz_0001_s09_v,cz_0001_s09_rw,cz_0001_s10_v,cz_0001_s10_rw | 0 to run now, par 2
2026-09-21 07:51:09 SKIP-DONE cz_0001_s01_v already complete on disk, 0 tokens
2026-09-21 07:51:09 SKIP-DONE cz_0001_s01_rw already complete on disk, 0 tokens
2026-09-21 07:51:09 SKIP-DONE cz_0001_s02_v already complete on disk, 0 tokens
2026-09-21 07:51:09 SKIP-DONE cz_0001_s02_rw already complete on disk, 0 tokens
2026-09-21 07:51:09 SKIP-DONE cz_0001_s03_v already complete on disk, 0 tokens
2026-09-21 07:51:09 SKIP-DONE cz_0001_s03_rw already complete on disk, 0 tokens
2026-09-21 07:51:09 SKIP-DONE cz_0001_s04_v already complete on disk, 0 tokens
2026-09-21 07:51:09 SKIP-DONE cz_0001_s04_rw already complete on disk, 0 tokens
2026-09-21 07:51:09 SKIP-DONE cz_0001_s05_v already complete on disk, 0 tokens
2026-09-21 07:51:09 SKIP-DONE cz_0001_s05_rw already complete on disk, 0 tokens
2026-09-21 07:51:09 SKIP-DONE cz_0001_s06_v already complete on disk, 0 tokens
2026-09-21 07:51:09 SKIP-DONE cz_0001_s06_rw already complete on disk, 0 tokens
2026-09-21 07:51:09 SKIP-DONE cz_0001_s07_v already complete on disk, 0 tokens
2026-09-21 07:51:09 SKIP-DONE cz_0001_s07_rw already complete on disk, 0 tokens
2026-09-21 07:51:09 SKIP-DONE cz_0001_s08_v already complete on disk, 0 tokens
2026-09-21 07:51:09 SKIP-DONE cz_0001_s08_rw already complete on disk, 0 tokens
2026-09-21 07:51:09 SKIP-DONE cz_0001_s09_v already complete on disk, 0 tokens
2026-09-21 07:51:09 SKIP-DONE cz_0001_s09_rw already complete on disk, 0 tokens
2026-09-21 07:51:09 SKIP-DONE cz_0001_s10_v already complete on disk, 0 tokens
2026-09-21 07:51:09 SKIP-DONE cz_0001_s10_rw already complete on disk, 0 tokens
2026-09-21 07:51:09 GATE3 cz_0001_all_rows_DIAGNOSTIC {"agv4": {"counts": {"AGREE": 45, "ERROR": 5}, "ERROR_of_decided_pct": 10.0, "bar": 12.0}, "reader_nom": {"counts": {"AGREE": 22, "CONSERVATIVE": 25, "ERROR": 3}, "ERROR_of_decided_pct": 12.0, "bar": 12.0}, "g4_DIAGNOSTIC_ONLY": {"counts": {"AGREE": 39, "ERROR": 11}, "ERROR_of_decided_pct": 22.0, "note": "never gates: built over AG v2/v3; 2B settled it as the reflexive si/sa/se pattern"}, "lk_adjust_rate_pct": 11.3}
2026-09-21 07:51:09 GATE3-SKIP cz_0001 no row of this batch is new in 2G; all of them were gated in 2E/2F
2026-09-21 07:51:09 BATCH-DONE cz_0001 rows_written 1000 of 1000 wall_s 0.4 cum_tok 0 complete True
2026-09-21 07:51:09 PROJECTION cz_0001 no rows paid for in this process (all sessions adopted); gate not applicable
2026-09-21 07:51:09 BATCH cz_0002 cz 1000 rows, 24 sessions total, 19 already complete (0 tokens): cz_0002_s01_v,cz_0002_s01_rw,cz_0002_s02_v,cz_0002_s02_rw,cz_0002_s03_v,cz_0002_s03_rw,cz_0002_s04_rw,cz_0002_s05_v,cz_0002_s05_rw,cz_0002_s06_v,cz_0002_s06_rw,cz_0002_s07_v,cz_0002_s07_rw,cz_0002_s08_v,cz_0002_s08_rw,cz_0002_s09_v,cz_0002_s09_rw,cz_0002_s10_v,cz_0002_s10_rw | 5 to run now, par 2
2026-09-21 07:51:09 SKIP-DONE cz_0002_s01_v already complete on disk, 0 tokens
2026-09-21 07:51:09 SKIP-DONE cz_0002_s01_rw already complete on disk, 0 tokens
2026-09-21 07:51:09 SKIP-DONE cz_0002_s02_v already complete on disk, 0 tokens
2026-09-21 07:51:09 SKIP-DONE cz_0002_s02_rw already complete on disk, 0 tokens
2026-09-21 07:51:09 SKIP-DONE cz_0002_s03_v already complete on disk, 0 tokens
2026-09-21 07:51:09 SKIP-DONE cz_0002_s03_rw already complete on disk, 0 tokens
2026-09-21 07:51:09 SKIP-DONE cz_0002_s04_rw already complete on disk, 0 tokens
2026-09-21 07:51:09 SKIP-DONE cz_0002_s05_v already complete on disk, 0 tokens
2026-09-21 07:51:09 SKIP-DONE cz_0002_s05_rw already complete on disk, 0 tokens
2026-09-21 07:51:09 SKIP-DONE cz_0002_s06_v already complete on disk, 0 tokens
2026-09-21 07:51:09 SKIP-DONE cz_0002_s06_rw already complete on disk, 0 tokens
2026-09-21 07:51:09 SKIP-DONE cz_0002_s07_v already complete on disk, 0 tokens
2026-09-21 07:51:09 SKIP-DONE cz_0002_s07_rw already complete on disk, 0 tokens
2026-09-21 07:51:09 SKIP-DONE cz_0002_s08_v already complete on disk, 0 tokens
2026-09-21 07:51:09 SKIP-DONE cz_0002_s08_rw already complete on disk, 0 tokens
2026-09-21 07:51:09 SKIP-DONE cz_0002_s09_v already complete on disk, 0 tokens
2026-09-21 07:51:09 SKIP-DONE cz_0002_s09_rw already complete on disk, 0 tokens
2026-09-21 07:51:09 SKIP-DONE cz_0002_s10_v already complete on disk, 0 tokens
2026-09-21 07:51:09 SKIP-DONE cz_0002_s10_rw already complete on disk, 0 tokens
2026-09-21 07:51:35 RETRY cz_0002_s04_v_p07 v attempt 1 of 2 reason 429 sleep 81.4s counted:false
2026-09-21 07:51:43 DONE cz_0002_s04_v_p06 v exit 0 tok 36160 cum 36160 wall 34.4 rows 10 / 10 missing {}
2026-09-21 07:52:16 DONE cz_0002_s04_v_p08 v exit 0 tok 35880 cum 72040 wall 32.3 rows 10 / 10 missing {}
2026-09-21 07:52:51 DONE cz_0002_s04_v_p09 v exit 0 tok 36270 cum 108310 wall 35.1 rows 10 / 10 missing {}
2026-09-21 07:53:29 RETRY cz_0002_s04_v_p07 v attempt 2 of 2 reason 429 sleep 145.5s counted:false
2026-09-21 07:53:32 DONE cz_0002_s04_v_p10 v exit 0 tok 36923 cum 145233 wall 40.6 rows 10 / 10 missing {}
2026-09-21 07:56:28 GIVEUP cz_0002_s04_v_p07 v retries_exhausted after 2 retries (429) tok 107555 wall 319.4 - moving on, the run never hangs
2026-09-21 07:56:29 INCOMPLETE cz_0002 1 session(s) missing: cz_0002_s04_v_p07 | rows lost 10 ['5425-5434'] | rows written anyway 990
2026-09-21 07:56:29 DEFECT batch cz_0002 incomplete: sessions cz_0002_s04_v_p07 missing; 10 rows (5425-5434) not written, 990 rows written
2026-09-21 07:56:29 GATE3 cz_0002_all_rows_DIAGNOSTIC {"agv4": {"counts": {"AGREE": 44, "ERROR": 4, "UNDECIDED": 2}, "ERROR_of_decided_pct": 8.33, "bar": 12.0}, "reader_nom": {"counts": {"AGREE": 27, "CONSERVATIVE": 21, "ERROR": 2}, "ERROR_of_decided_pct": 6.9, "bar": 12.0}, "g4_DIAGNOSTIC_ONLY": {"counts": {"AGREE": 39, "ERROR": 9, "UNDECIDED": 2}, "ERROR_of_decided_pct": 18.75, "note": "never gates: built over AG v2/v3; 2B settled it as the reflexive si/sa/se pattern"}, "lk_adjust_rate_pct": 15.96}
2026-09-21 07:56:29 GATE3 cz_0002 {"agv4": {"counts": {"ERROR": 4, "AGREE": 36}, "ERROR_of_decided_pct": 10.0, "bar": 12.0}, "reader_nom": {"counts": {"AGREE": 24, "CONSERVATIVE": 14, "ERROR": 2}, "ERROR_of_decided_pct": 7.69, "bar": 12.0}, "g4_DIAGNOSTIC_ONLY": {"counts": {"ERROR": 9, "AGREE": 31}, "ERROR_of_decided_pct": 22.5, "note": "never gates: built over AG v2/v3; 2B settled it as the reflexive si/sa/se pattern"}, "lk_adjust_rate_pct": 7.5}
2026-09-21 07:56:29 BATCH-DONE cz_0002 rows_written 990 of 1000 wall_s 319.9 cum_tok 252788 complete False
2026-09-21 07:56:29 PROJECTION cz_0002 {"method": "2G session-based: remaining full v sessions and rw sessions x running per-kind mean", "rows_paid": 40, "cum_tokens": 252788, "mean_v_tok": 95000, "mean_rw_tok": 60000, "projected_total_tokens": 933588, "projected_total_s": 1416.5, "projected_total_h": 0.39, "unpaid_rows_left": 464, "rw_sessions_left": 4, "all_rows_left": 2064}
2026-09-21 07:56:29 BATCH cz_0003 cz 1000 rows, 29 sessions total, 19 already complete (0 tokens): cz_0003_s01_v,cz_0003_s01_rw,cz_0003_s02_v,cz_0003_s02_rw,cz_0003_s03_v,cz_0003_s03_rw,cz_0003_s04_rw,cz_0003_s05_v,cz_0003_s05_rw,cz_0003_s06_v,cz_0003_s06_rw,cz_0003_s07_v,cz_0003_s07_rw,cz_0003_s08_v,cz_0003_s08_rw,cz_0003_s09_v,cz_0003_s09_rw,cz_0003_s10_v,cz_0003_s10_rw | 10 to run now, par 2
2026-09-21 07:56:29 SKIP-DONE cz_0003_s01_v already complete on disk, 0 tokens
2026-09-21 07:56:29 SKIP-DONE cz_0003_s01_rw already complete on disk, 0 tokens
2026-09-21 07:56:29 SKIP-DONE cz_0003_s02_v already complete on disk, 0 tokens
2026-09-21 07:56:29 SKIP-DONE cz_0003_s02_rw already complete on disk, 0 tokens
2026-09-21 07:56:29 SKIP-DONE cz_0003_s03_v already complete on disk, 0 tokens
2026-09-21 07:56:29 SKIP-DONE cz_0003_s03_rw already complete on disk, 0 tokens
2026-09-21 07:56:29 SKIP-DONE cz_0003_s04_rw already complete on disk, 0 tokens
2026-09-21 07:56:29 SKIP-DONE cz_0003_s05_v already complete on disk, 0 tokens
2026-09-21 07:56:29 SKIP-DONE cz_0003_s05_rw already complete on disk, 0 tokens
2026-09-21 07:56:29 SKIP-DONE cz_0003_s06_v already complete on disk, 0 tokens
2026-09-21 07:56:29 SKIP-DONE cz_0003_s06_rw already complete on disk, 0 tokens
2026-09-21 07:56:29 SKIP-DONE cz_0003_s07_v already complete on disk, 0 tokens
2026-09-21 07:56:29 SKIP-DONE cz_0003_s07_rw already complete on disk, 0 tokens
2026-09-21 07:56:29 SKIP-DONE cz_0003_s08_v already complete on disk, 0 tokens
2026-09-21 07:56:29 SKIP-DONE cz_0003_s08_rw already complete on disk, 0 tokens
2026-09-21 07:56:29 SKIP-DONE cz_0003_s09_v already complete on disk, 0 tokens
2026-09-21 07:56:29 SKIP-DONE cz_0003_s09_rw already complete on disk, 0 tokens
2026-09-21 07:56:29 SKIP-DONE cz_0003_s10_v already complete on disk, 0 tokens
2026-09-21 07:56:29 SKIP-DONE cz_0003_s10_rw already complete on disk, 0 tokens
2026-09-21 07:56:59 DONE cz_0003_s04_v_p02 v exit 0 tok 35638 cum 288426 wall 30.4 rows 10 / 10 missing {}
2026-09-21 07:57:06 DONE cz_0003_s04_v_p01 v exit 0 tok 36609 cum 325035 wall 36.8 rows 10 / 10 missing {}
2026-09-21 07:57:30 DONE cz_0003_s04_v_p03 v exit 0 tok 35624 cum 360659 wall 30.2 rows 10 / 10 missing {}
2026-09-21 07:57:38 DONE cz_0003_s04_v_p04 v exit 0 tok 36198 cum 396857 wall 32.4 rows 10 / 10 missing {}
2026-09-21 07:58:04 DONE cz_0003_s04_v_p05 v exit 0 tok 36148 cum 433005 wall 34.8 rows 10 / 10 missing {}
2026-09-21 07:58:17 DONE cz_0003_s04_v_p06 v exit 0 tok 36639 cum 469644 wall 38.8 rows 10 / 10 missing {}
2026-09-21 07:58:48 DONE cz_0003_s04_v_p08 v exit 0 tok 35668 cum 505312 wall 31.1 rows 10 / 10 missing {}
2026-09-21 07:58:53 RETRY cz_0003_s04_v_p07 v attempt 1 of 2 reason 429 sleep 72.5s counted:false
2026-09-21 07:59:26 RETRY cz_0003_s04_v_p09 v attempt 1 of 2 reason 429 sleep 82.2s counted:false
2026-09-21 08:00:48 RETRY cz_0003_s04_v_p07 v attempt 2 of 2 reason 429 sleep 149.1s counted:false
2026-09-21 08:01:20 DONE cz_0003_s04_v_p09 v exit 0 tok 35894 cum 577778 wall 31.6 rows 10 / 10 missing {}
2026-09-21 08:01:52 DONE cz_0003_s04_v_p10 v exit 0 tok 35930 cum 613708 wall 31.9 rows 10 / 10 missing {}
2026-09-21 08:03:57 GIVEUP cz_0003_s04_v_p07 v retries_exhausted after 2 retries (429) tok 110779 wall 352.4 - moving on, the run never hangs
2026-09-21 08:03:57 INCOMPLETE cz_0003 1 session(s) missing: cz_0003_s04_v_p07 | rows lost 10 ['6425-6434'] | rows written anyway 990
2026-09-21 08:03:57 DEFECT batch cz_0003 incomplete: sessions cz_0003_s04_v_p07 missing; 10 rows (6425-6434) not written, 990 rows written
2026-09-21 08:03:57 GATE3 cz_0003_all_rows_DIAGNOSTIC {"agv4": {"counts": {"AGREE": 45, "ERROR": 5}, "ERROR_of_decided_pct": 10.0, "bar": 12.0}, "reader_nom": {"counts": {"CONSERVATIVE": 18, "AGREE": 30, "ERROR": 2}, "ERROR_of_decided_pct": 6.25, "bar": 12.0}, "g4_DIAGNOSTIC_ONLY": {"counts": {"ERROR": 14, "AGREE": 36}, "ERROR_of_decided_pct": 28.0, "note": "never gates: built over AG v2/v3; 2B settled it as the reflexive si/sa/se pattern"}, "lk_adjust_rate_pct": 11.11}
2026-09-21 08:03:57 GATE3 cz_0003 {"agv4": {"counts": {"AGREE": 45, "ERROR": 5}, "ERROR_of_decided_pct": 10.0, "bar": 12.0}, "reader_nom": {"counts": {"AGREE": 26, "CONSERVATIVE": 17, "ERROR": 7}, "ERROR_of_decided_pct": 21.21, "bar": 12.0}, "g4_DIAGNOSTIC_ONLY": {"counts": {"ERROR": 12, "AGREE": 38}, "ERROR_of_decided_pct": 24.0, "note": "never gates: built over AG v2/v3; 2B settled it as the reflexive si/sa/se pattern"}, "lk_adjust_rate_pct": 21.11}
