2026-09-21 07:51:06 SELFTEST PASS should_retry:429_in_stdout 
2026-09-21 07:51:06 SELFTEST PASS should_retry:429_in_stderr 
2026-09-21 07:51:06 SELFTEST PASS should_retry:nonzero_exit 
2026-09-21 07:51:06 SELFTEST PASS should_retry:clean_run_not_retried 
2026-09-21 07:51:06 SELFTEST PASS backoff:60/120/240_plus_jitter [69.7, 124.5, 259.5]
2026-09-21 07:51:06 SELFTEST PASS backoff:at_most_3_retries_2F MAX_RETRY=3
2026-09-21 07:51:06 SELFTEST PASS cb:floors_before_any_mean (900.0, 200000.0)
2026-09-21 07:51:06 SELFTEST PASS cb:3x_mean_wall_900s wall_cap=900
2026-09-21 07:51:06 SELFTEST PASS cb:3x_mean_tokens_285k tok_cap=285000
2026-09-21 07:51:06 SELFTEST PASS cb:scales_above_floor wall=2700 tok=480000
2026-09-21 07:51:06 SELFTEST PASS cb:2C_runaway_impossible 2C's 18,839 s / 436,644 tok session is killed at 900 s and is over the 285000 tok ceiling
2026-09-21 07:51:06 SELFTEST PASS projection:tokens {"rows_paid": 700, "rows_left": 3364, "tok_per_row": 1380.0, "s_per_row": 10.0, "cum_tokens": 966000, "projected_total_tokens": 5608320, "projected_total_s": 40640.0, "projected_total_h": 11.29}
2026-09-21 07:51:06 SELFTEST PASS projection:stops_over_4h 11.29 h
2026-09-21 07:51:06 SELFTEST PASS projection:stops_over_cap 
2026-09-21 07:51:06 SELFTEST PASS projection:passes_when_fast {"rows_paid": 700, "rows_left": 3364, "tok_per_row": 1000.0, "s_per_row": 2.86, "cum_tokens": 700000, "projected_total_tokens": 4064000, "projected_total_s": 11611.4, "projected_total_h": 3.23}
2026-09-21 07:51:06 SELFTEST PASS projection:no_paid_rows_no_gate 
2026-09-21 07:51:06 SELFTEST PASS par_is_2 
2026-09-21 07:51:06 SELFTEST PASS lk_prompt_unchanged_vs_2C 
2026-09-21 07:51:06 SELFTEST PASS lk_needs_dedicated_pass_true 
2026-09-21 07:51:06 SELFTEST PASS gate3_bar_12 
2026-09-21 07:51:06 SELFTEST PASS N_is_100 
2026-09-21 07:51:06 SELFTEST PASS 2g:guard_removed 
2026-09-21 07:51:06 SELFTEST PASS 2g:usage_re_hits 
2026-09-21 07:51:06 SELFTEST PASS 2g:usage_re_ignores_rate_429 
2026-09-21 07:51:06 SELFTEST PASS 2g:piece_rules 
2026-09-21 07:51:06 SELFTEST PASS czech_only 
2026-09-21 07:51:06 GATE3 SELFTEST {"agv4": {"counts": {"AGREE": 30, "ERROR": 20}, "ERROR_of_decided_pct": 40.0, "bar": 12.0}, "reader_nom": {"counts": {"AGREE": 50}, "ERROR_of_decided_pct": 0.0, "bar": 12.0}, "g4_DIAGNOSTIC_ONLY": {"counts": {"AGREE": 30, "ERROR": 20}, "ERROR_of_decided_pct": 40.0, "note": "never gates: built over AG v2/v3; 2B settled it as the reflexive si/sa/se pattern"}, "lk_adjust_rate_pct": 20.0}
2026-09-21 07:51:06 SELFTEST PASS gate3:fires_above_12pct_bar {'AGREE': 30, 'ERROR': 20}
2026-09-21 07:51:06 SELFTEST PASS gate3:reader_nom_leg_scored {'AGREE': 50}
2026-09-21 07:51:06 SELFTEST PASS gate3:g4_diagnostic_only 
2026-09-21 07:51:06 SELFTEST PASS gate3:lk_needs_dedicated_pass_recorded 
2026-09-21 07:51:06 SELFTEST all checks passed, 0 model tokens
2026-09-21 07:51:06 ADOPT 73 finished Czech sessions COPIED (read only) from {'phase2f': 73} | 0 tokens each -> cz_0001_s01_rw,cz_0001_s01_v,cz_0001_s02_rw,cz_0001_s02_v,cz_0001_s03_rw,cz_0001_s03_v,cz_0001_s04_rw,cz_0001_s04_v,cz_0001_s05_rw,cz_0001_s05_v,cz_0001_s06_rw,cz_0001_s06_v,cz_0001_s07_rw,cz_0001_s07_v,cz_0001_s08_rw,cz_0001_s08_v,cz_0001_s09_rw,cz_0001_s09_v,cz_0001_s10_rw,cz_0001_s10_v,cz_0002_s01_rw,cz_0002_s01_v,cz_0002_s02_rw,cz_0002_s02_v,cz_0002_s03_rw,cz_0002_s03_v,cz_0002_s04_rw,cz_0002_s04_v_h1,cz_0002_s05_rw,cz_0002_s05_v,cz_0002_s06_rw,cz_0002_s06_v,cz_0002_s07_rw,cz_0002_s07_v,cz_0002_s08_rw,cz_0002_s08_v,cz_0002_s09_rw,cz_0002_s09_v,cz_0002_s10_rw,cz_0002_s10_v,cz_0003_s01_rw,cz_0003_s01_v,cz_0003_s02_rw,cz_0003_s02_v,cz_0003_s03_rw,cz_0003_s03_v,cz_0003_s04_rw,cz_0003_s05_rw,cz_0003_s05_v,cz_0003_s06_rw,cz_0003_s06_v,cz_0003_s07_rw,cz_0003_s07_v,cz_0003_s08_rw,cz_0003_s08_v,cz_0003_s09_rw,cz_0003_s09_v,cz_0003_s10_rw,cz_0003_s10_v,cz_0004_s01_rw,cz_0004_s01_v,cz_0004_s02_rw,cz_0004_s02_v,cz_0004_s03_rw,cz_0004_s03_v,cz_0004_s05_rw,cz_0004_s05_v,cz_0004_s06_rw,cz_0004_s06_v,cz_0004_s07_rw,cz_0004_s07_v,cz_0004_s08_rw,cz_0004_s08_v
2026-09-21 07:51:06 ALT index 1434 members 3764 surface 975 phrases 288 candidates
2026-09-21 07:51:06 START dry batches ['cz_0001', 'cz_0002', 'cz_0003', 'cz_0004', 'cz_0005'] rows 4064 cap 6000000 already_spent 0 par 2 prompt_sha {'v_cz': '4f9d486477084793', 'rw': 'a113461f4bdbd418'} lk_needs_dedicated_pass True adopted 73 only None
2026-09-21 07:51:06 PLAN {"batches": [{"batch": "cz_0001", "rows": 1000, "v_sessions": 10, "v_done": 10, "rw_done": 10, "v_left": 0}, {"batch": "cz_0002", "rows": 1000, "v_sessions": 10, "v_done": 9, "rw_done": 10, "v_left": 1}, {"batch": "cz_0003", "rows": 1000, "v_sessions": 10, "v_done": 9, "rw_done": 10, "v_left": 1}, {"batch": "cz_0004", "rows": 1000, "v_sessions": 10, "v_done": 7, "rw_done": 7, "v_left": 3}, {"batch": "cz_0005", "rows": 64, "v_sessions": 1, "v_done": 0, "rw_done": 0, "v_left": 1}], "rows_left_v": 564, "v_sessions_left": 6, "adopted_sessions": 73, "cz_healthy_tok_per_sentence": 1379.0, "projected_tokens_v_rows": 777756, "measured_2c_per_slot_tok_per_s": 239.3, "n_2c_sessions_measured": 82, "projected_wall_h_at_par_2": 0.45}
2026-09-21 07:51:06 BATCH cz_0001 cz 1000 rows, 20 sessions total, 20 already complete (0 tokens): cz_0001_s01_v,cz_0001_s01_rw,cz_0001_s02_v,cz_0001_s02_rw,cz_0001_s03_v,cz_0001_s03_rw,cz_0001_s04_v,cz_0001_s04_rw,cz_0001_s05_v,cz_0001_s05_rw,cz_0001_s06_v,cz_0001_s06_rw,cz_0001_s07_v,cz_0001_s07_rw,cz_0001_s08_v,cz_0001_s08_rw,cz_0001_s09_v,cz_0001_s09_rw,cz_0001_s10_v,cz_0001_s10_rw | 0 to run now, par 2
2026-09-21 07:51:06 SKIP-DONE cz_0001_s01_v already complete on disk, 0 tokens
2026-09-21 07:51:06 SKIP-DONE cz_0001_s01_rw already complete on disk, 0 tokens
2026-09-21 07:51:06 SKIP-DONE cz_0001_s02_v already complete on disk, 0 tokens
2026-09-21 07:51:06 SKIP-DONE cz_0001_s02_rw already complete on disk, 0 tokens
2026-09-21 07:51:06 SKIP-DONE cz_0001_s03_v already complete on disk, 0 tokens
2026-09-21 07:51:06 SKIP-DONE cz_0001_s03_rw already complete on disk, 0 tokens
2026-09-21 07:51:06 SKIP-DONE cz_0001_s04_v already complete on disk, 0 tokens
2026-09-21 07:51:06 SKIP-DONE cz_0001_s04_rw already complete on disk, 0 tokens
2026-09-21 07:51:06 SKIP-DONE cz_0001_s05_v already complete on disk, 0 tokens
2026-09-21 07:51:06 SKIP-DONE cz_0001_s05_rw already complete on disk, 0 tokens
2026-09-21 07:51:06 SKIP-DONE cz_0001_s06_v already complete on disk, 0 tokens
2026-09-21 07:51:06 SKIP-DONE cz_0001_s06_rw already complete on disk, 0 tokens
2026-09-21 07:51:06 SKIP-DONE cz_0001_s07_v already complete on disk, 0 tokens
2026-09-21 07:51:06 SKIP-DONE cz_0001_s07_rw already complete on disk, 0 tokens
2026-09-21 07:51:06 SKIP-DONE cz_0001_s08_v already complete on disk, 0 tokens
2026-09-21 07:51:06 SKIP-DONE cz_0001_s08_rw already complete on disk, 0 tokens
2026-09-21 07:51:06 SKIP-DONE cz_0001_s09_v already complete on disk, 0 tokens
2026-09-21 07:51:06 SKIP-DONE cz_0001_s09_rw already complete on disk, 0 tokens
2026-09-21 07:51:06 SKIP-DONE cz_0001_s10_v already complete on disk, 0 tokens
2026-09-21 07:51:06 SKIP-DONE cz_0001_s10_rw already complete on disk, 0 tokens
2026-09-21 07:51:06 GATE3 cz_0001_all_rows_DIAGNOSTIC {"agv4": {"counts": {"AGREE": 45, "ERROR": 5}, "ERROR_of_decided_pct": 10.0, "bar": 12.0}, "reader_nom": {"counts": {"AGREE": 22, "CONSERVATIVE": 25, "ERROR": 3}, "ERROR_of_decided_pct": 12.0, "bar": 12.0}, "g4_DIAGNOSTIC_ONLY": {"counts": {"AGREE": 39, "ERROR": 11}, "ERROR_of_decided_pct": 22.0, "note": "never gates: built over AG v2/v3; 2B settled it as the reflexive si/sa/se pattern"}, "lk_adjust_rate_pct": 11.3}
2026-09-21 07:51:06 GATE3-SKIP cz_0001 no row of this batch is new in 2G; all of them were gated in 2E/2F
2026-09-21 07:51:06 BATCH-DONE cz_0001 rows_written 1000 of 1000 wall_s 0.3 cum_tok 0 complete True
2026-09-21 07:51:06 PROJECTION cz_0001 no rows paid for in this process (all sessions adopted); gate not applicable
2026-09-21 07:51:07 BATCH cz_0002 cz 1000 rows, 24 sessions total, 19 already complete (0 tokens): cz_0002_s01_v,cz_0002_s01_rw,cz_0002_s02_v,cz_0002_s02_rw,cz_0002_s03_v,cz_0002_s03_rw,cz_0002_s04_rw,cz_0002_s05_v,cz_0002_s05_rw,cz_0002_s06_v,cz_0002_s06_rw,cz_0002_s07_v,cz_0002_s07_rw,cz_0002_s08_v,cz_0002_s08_rw,cz_0002_s09_v,cz_0002_s09_rw,cz_0002_s10_v,cz_0002_s10_rw | 5 to run now, par 2
2026-09-21 07:51:07 SKIP-DONE cz_0002_s01_v already complete on disk, 0 tokens
2026-09-21 07:51:07 SKIP-DONE cz_0002_s01_rw already complete on disk, 0 tokens
2026-09-21 07:51:07 SKIP-DONE cz_0002_s02_v already complete on disk, 0 tokens
2026-09-21 07:51:07 SKIP-DONE cz_0002_s02_rw already complete on disk, 0 tokens
2026-09-21 07:51:07 SKIP-DONE cz_0002_s03_v already complete on disk, 0 tokens
2026-09-21 07:51:07 SKIP-DONE cz_0002_s03_rw already complete on disk, 0 tokens
2026-09-21 07:51:07 SKIP-DONE cz_0002_s04_rw already complete on disk, 0 tokens
2026-09-21 07:51:07 SKIP-DONE cz_0002_s05_v already complete on disk, 0 tokens
2026-09-21 07:51:07 SKIP-DONE cz_0002_s05_rw already complete on disk, 0 tokens
2026-09-21 07:51:07 SKIP-DONE cz_0002_s06_v already complete on disk, 0 tokens
2026-09-21 07:51:07 SKIP-DONE cz_0002_s06_rw already complete on disk, 0 tokens
2026-09-21 07:51:07 SKIP-DONE cz_0002_s07_v already complete on disk, 0 tokens
2026-09-21 07:51:07 SKIP-DONE cz_0002_s07_rw already complete on disk, 0 tokens
2026-09-21 07:51:07 SKIP-DONE cz_0002_s08_v already complete on disk, 0 tokens
2026-09-21 07:51:07 SKIP-DONE cz_0002_s08_rw already complete on disk, 0 tokens
2026-09-21 07:51:07 SKIP-DONE cz_0002_s09_v already complete on disk, 0 tokens
2026-09-21 07:51:07 SKIP-DONE cz_0002_s09_rw already complete on disk, 0 tokens
2026-09-21 07:51:07 SKIP-DONE cz_0002_s10_v already complete on disk, 0 tokens
2026-09-21 07:51:07 SKIP-DONE cz_0002_s10_rw already complete on disk, 0 tokens
2026-09-21 07:51:07 DRY cz_0002_s04_v_p07 v 10 rows prompt_chars 5792
2026-09-21 07:51:07 DRY cz_0002_s04_v_p06 v 10 rows prompt_chars 5881
2026-09-21 07:51:07 DRY cz_0002_s04_v_p08 v 10 rows prompt_chars 5782
2026-09-21 07:51:07 DRY cz_0002_s04_v_p09 v 10 rows prompt_chars 5802
2026-09-21 07:51:07 DRY cz_0002_s04_v_p10 v 10 rows prompt_chars 5974
2026-09-21 07:51:07 GATE3 cz_0002_all_rows_DIAGNOSTIC {"agv4": {"counts": {"AGREE": 42, "ERROR": 6, "UNDECIDED": 2}, "ERROR_of_decided_pct": 12.5, "bar": 12.0}, "reader_nom": {"counts": {"AGREE": 27, "CONSERVATIVE": 22, "ERROR": 1}, "ERROR_of_decided_pct": 3.57, "bar": 12.0}, "g4_DIAGNOSTIC_ONLY": {"counts": {"AGREE": 38, "ERROR": 10, "UNDECIDED": 2}, "ERROR_of_decided_pct": 20.83, "note": "never gates: built over AG v2/v3; 2B settled it as the reflexive si/sa/se pattern"}, "lk_adjust_rate_pct": 16.84}
2026-09-21 07:51:07 GATE3 cz_0002 {"agv4": {"counts": {"AGREE": 50}, "ERROR_of_decided_pct": 0.0, "bar": 12.0}, "reader_nom": {"counts": {"CONSERVATIVE": 44, "AGREE": 6}, "ERROR_of_decided_pct": 0.0, "bar": 12.0}, "g4_DIAGNOSTIC_ONLY": {"counts": {"AGREE": 41, "ERROR": 9}, "ERROR_of_decided_pct": 18.0, "note": "never gates: built over AG v2/v3; 2B settled it as the reflexive si/sa/se pattern"}, "lk_adjust_rate_pct": 26.0}
2026-09-21 07:51:07 BATCH-DONE cz_0002 rows_written 1000 of 1000 wall_s 0.3 cum_tok 0 complete True
2026-09-21 07:51:07 PROJECTION cz_0002 no rows paid for in this process (all sessions adopted); gate not applicable
2026-09-21 07:51:07 BATCH cz_0003 cz 1000 rows, 29 sessions total, 19 already complete (0 tokens): cz_0003_s01_v,cz_0003_s01_rw,cz_0003_s02_v,cz_0003_s02_rw,cz_0003_s03_v,cz_0003_s03_rw,cz_0003_s04_rw,cz_0003_s05_v,cz_0003_s05_rw,cz_0003_s06_v,cz_0003_s06_rw,cz_0003_s07_v,cz_0003_s07_rw,cz_0003_s08_v,cz_0003_s08_rw,cz_0003_s09_v,cz_0003_s09_rw,cz_0003_s10_v,cz_0003_s10_rw | 10 to run now, par 2
2026-09-21 07:51:07 SKIP-DONE cz_0003_s01_v already complete on disk, 0 tokens
2026-09-21 07:51:07 SKIP-DONE cz_0003_s01_rw already complete on disk, 0 tokens
2026-09-21 07:51:07 SKIP-DONE cz_0003_s02_v already complete on disk, 0 tokens
2026-09-21 07:51:07 SKIP-DONE cz_0003_s02_rw already complete on disk, 0 tokens
2026-09-21 07:51:07 SKIP-DONE cz_0003_s03_v already complete on disk, 0 tokens
2026-09-21 07:51:07 SKIP-DONE cz_0003_s03_rw already complete on disk, 0 tokens
2026-09-21 07:51:07 SKIP-DONE cz_0003_s04_rw already complete on disk, 0 tokens
2026-09-21 07:51:07 SKIP-DONE cz_0003_s05_v already complete on disk, 0 tokens
2026-09-21 07:51:07 SKIP-DONE cz_0003_s05_rw already complete on disk, 0 tokens
2026-09-21 07:51:07 SKIP-DONE cz_0003_s06_v already complete on disk, 0 tokens
2026-09-21 07:51:07 SKIP-DONE cz_0003_s06_rw already complete on disk, 0 tokens
2026-09-21 07:51:07 SKIP-DONE cz_0003_s07_v already complete on disk, 0 tokens
2026-09-21 07:51:07 SKIP-DONE cz_0003_s07_rw already complete on disk, 0 tokens
2026-09-21 07:51:07 SKIP-DONE cz_0003_s08_v already complete on disk, 0 tokens
2026-09-21 07:51:07 SKIP-DONE cz_0003_s08_rw already complete on disk, 0 tokens
2026-09-21 07:51:07 SKIP-DONE cz_0003_s09_v already complete on disk, 0 tokens
2026-09-21 07:51:07 SKIP-DONE cz_0003_s09_rw already complete on disk, 0 tokens
2026-09-21 07:51:07 SKIP-DONE cz_0003_s10_v already complete on disk, 0 tokens
2026-09-21 07:51:07 SKIP-DONE cz_0003_s10_rw already complete on disk, 0 tokens
2026-09-21 07:51:07 DRY cz_0003_s04_v_p01 v 10 rows prompt_chars 5970
2026-09-21 07:51:07 DRY cz_0003_s04_v_p02 v 10 rows prompt_chars 6101
2026-09-21 07:51:07 DRY cz_0003_s04_v_p04 v 10 rows prompt_chars 5936
2026-09-21 07:51:07 DRY cz_0003_s04_v_p03 v 10 rows prompt_chars 5693
2026-09-21 07:51:07 DRY cz_0003_s04_v_p05 v 10 rows prompt_chars 5834
2026-09-21 07:51:07 DRY cz_0003_s04_v_p06 v 10 rows prompt_chars 5880
2026-09-21 07:51:07 DRY cz_0003_s04_v_p07 v 10 rows prompt_chars 5896
2026-09-21 07:51:07 DRY cz_0003_s04_v_p08 v 10 rows prompt_chars 5827
2026-09-21 07:51:07 DRY cz_0003_s04_v_p09 v 10 rows prompt_chars 5744
2026-09-21 07:51:07 DRY cz_0003_s04_v_p10 v 10 rows prompt_chars 5787
2026-09-21 07:51:07 GATE3 cz_0003_all_rows_DIAGNOSTIC {"agv4": {"counts": {"ERROR": 3, "AGREE": 47}, "ERROR_of_decided_pct": 6.0, "bar": 12.0}, "reader_nom": {"counts": {"AGREE": 25, "CONSERVATIVE": 22, "ERROR": 3}, "ERROR_of_decided_pct": 10.71, "bar": 12.0}, "g4_DIAGNOSTIC_ONLY": {"counts": {"ERROR": 12, "AGREE": 38}, "ERROR_of_decided_pct": 24.0, "note": "never gates: built over AG v2/v3; 2B settled it as the reflexive si/sa/se pattern"}, "lk_adjust_rate_pct": 11.6}
2026-09-21 07:51:07 GATE3 cz_0003 {"agv4": {"counts": {"AGREE": 50}, "ERROR_of_decided_pct": 0.0, "bar": 12.0}, "reader_nom": {"counts": {"CONSERVATIVE": 35, "AGREE": 15}, "ERROR_of_decided_pct": 0.0, "bar": 12.0}, "g4_DIAGNOSTIC_ONLY": {"counts": {"ERROR": 7, "AGREE": 43}, "ERROR_of_decided_pct": 14.0, "note": "never gates: built over AG v2/v3; 2B settled it as the reflexive si/sa/se pattern"}, "lk_adjust_rate_pct": 25.0}
2026-09-21 07:51:07 BATCH-DONE cz_0003 rows_written 1000 of 1000 wall_s 0.3 cum_tok 0 complete True
2026-09-21 07:51:07 PROJECTION cz_0003 no rows paid for in this process (all sessions adopted); gate not applicable
2026-09-21 07:51:07 BATCH cz_0004 cz 1000 rows, 29 sessions total, 14 already complete (0 tokens): cz_0004_s01_v,cz_0004_s01_rw,cz_0004_s02_v,cz_0004_s02_rw,cz_0004_s03_v,cz_0004_s03_rw,cz_0004_s05_v,cz_0004_s05_rw,cz_0004_s06_v,cz_0004_s06_rw,cz_0004_s07_v,cz_0004_s07_rw,cz_0004_s08_v,cz_0004_s08_rw | 15 to run now, par 2
2026-09-21 07:51:07 SKIP-DONE cz_0004_s01_v already complete on disk, 0 tokens
2026-09-21 07:51:07 SKIP-DONE cz_0004_s01_rw already complete on disk, 0 tokens
2026-09-21 07:51:07 SKIP-DONE cz_0004_s02_v already complete on disk, 0 tokens
2026-09-21 07:51:07 SKIP-DONE cz_0004_s02_rw already complete on disk, 0 tokens
2026-09-21 07:51:07 SKIP-DONE cz_0004_s03_v already complete on disk, 0 tokens
2026-09-21 07:51:07 SKIP-DONE cz_0004_s03_rw already complete on disk, 0 tokens
2026-09-21 07:51:07 SKIP-DONE cz_0004_s05_v already complete on disk, 0 tokens
2026-09-21 07:51:07 SKIP-DONE cz_0004_s05_rw already complete on disk, 0 tokens
2026-09-21 07:51:07 SKIP-DONE cz_0004_s06_v already complete on disk, 0 tokens
2026-09-21 07:51:07 SKIP-DONE cz_0004_s06_rw already complete on disk, 0 tokens
2026-09-21 07:51:07 SKIP-DONE cz_0004_s07_v already complete on disk, 0 tokens
2026-09-21 07:51:07 SKIP-DONE cz_0004_s07_rw already complete on disk, 0 tokens
2026-09-21 07:51:07 SKIP-DONE cz_0004_s08_v already complete on disk, 0 tokens
2026-09-21 07:51:07 SKIP-DONE cz_0004_s08_rw already complete on disk, 0 tokens
2026-09-21 07:51:07 DRY cz_0004_s04_v_p02 v 10 rows prompt_chars 6048
2026-09-21 07:51:07 DRY cz_0004_s04_v_p01 v 10 rows prompt_chars 6058
2026-09-21 07:51:07 DRY cz_0004_s04_v_p03 v 10 rows prompt_chars 5840
2026-09-21 07:51:07 DRY cz_0004_s04_v_p04 v 10 rows prompt_chars 5887
2026-09-21 07:51:07 DRY cz_0004_s04_v_p05 v 10 rows prompt_chars 5825
2026-09-21 07:51:07 DRY cz_0004_s04_v_p07 v 10 rows prompt_chars 5945
2026-09-21 07:51:07 DRY cz_0004_s04_v_p06 v 10 rows prompt_chars 6015
2026-09-21 07:51:07 DRY cz_0004_s04_v_p08 v 10 rows prompt_chars 5741
2026-09-21 07:51:07 DRY cz_0004_s04_v_p09 v 10 rows prompt_chars 6050
2026-09-21 07:51:07 DRY cz_0004_s04_v_p10 v 10 rows prompt_chars 6004
2026-09-21 07:51:07 DRY cz_0004_s04_rw rw 47 rows prompt_chars 8744
2026-09-21 07:51:07 DRY cz_0004_s09_rw rw 42 rows prompt_chars 7892
2026-09-21 07:51:07 DRY cz_0004_s09_v v 100 rows prompt_chars 31222
2026-09-21 07:51:07 DRY cz_0004_s10_rw rw 46 rows prompt_chars 8508
2026-09-21 07:51:07 DRY cz_0004_s10_v v 100 rows prompt_chars 31667
2026-09-21 07:51:07 GATE3 cz_0004_all_rows_DIAGNOSTIC {"agv4": {"counts": {"AGREE": 43, "ERROR": 7}, "ERROR_of_decided_pct": 14.0, "bar": 12.0}, "reader_nom": {"counts": {"CONSERVATIVE": 22, "AGREE": 28}, "ERROR_of_decided_pct": 0.0, "bar": 12.0}, "g4_DIAGNOSTIC_ONLY": {"counts": {"ERROR": 13, "AGREE": 37}, "ERROR_of_decided_pct": 26.0, "note": "never gates: built over AG v2/v3; 2B settled it as the reflexive si/sa/se pattern"}, "lk_adjust_rate_pct": 20.2}
2026-09-21 07:51:07 GATE3 cz_0004 {"agv4": {"counts": {"AGREE": 46, "ERROR": 4}, "ERROR_of_decided_pct": 8.0, "bar": 12.0}, "reader_nom": {"counts": {"CONSERVATIVE": 28, "AGREE": 20, "ERROR": 2}, "ERROR_of_decided_pct": 9.09, "bar": 12.0}, "g4_DIAGNOSTIC_ONLY": {"counts": {"AGREE": 38, "ERROR": 12}, "ERROR_of_decided_pct": 24.0, "note": "never gates: built over AG v2/v3; 2B settled it as the reflexive si/sa/se pattern"}, "lk_adjust_rate_pct": 20.2}
2026-09-21 07:51:07 BATCH-DONE cz_0004 rows_written 1000 of 1000 wall_s 0.3 cum_tok 0 complete True
2026-09-21 07:51:07 PROJECTION cz_0004 no rows paid for in this process (all sessions adopted); gate not applicable
2026-09-21 07:51:07 BATCH cz_0005 cz 64 rows, 2 sessions total, 0 already complete (0 tokens): - | 2 to run now, par 2
2026-09-21 07:51:07 DRY cz_0005_s01_rw rw 22 rows prompt_chars 4377
2026-09-21 07:51:07 DRY cz_0005_s01_v v 64 rows prompt_chars 20361
2026-09-21 07:51:07 GATE3 cz_0005_all_rows_DIAGNOSTIC {"agv4": {"counts": {"AGREE": 50}, "ERROR_of_decided_pct": 0.0, "bar": 12.0}, "reader_nom": {"counts": {"CONSERVATIVE": 37, "AGREE": 13}, "ERROR_of_decided_pct": 0.0, "bar": 12.0}, "g4_DIAGNOSTIC_ONLY": {"counts": {"AGREE": 46, "ERROR": 4}, "ERROR_of_decided_pct": 8.0, "note": "never gates: built over AG v2/v3; 2B settled it as the reflexive si/sa/se pattern"}, "lk_adjust_rate_pct": 25.0}
2026-09-21 07:51:07 GATE3 cz_0005 {"agv4": {"counts": {"AGREE": 50}, "ERROR_of_decided_pct": 0.0, "bar": 12.0}, "reader_nom": {"counts": {"CONSERVATIVE": 38, "AGREE": 12}, "ERROR_of_decided_pct": 0.0, "bar": 12.0}, "g4_DIAGNOSTIC_ONLY": {"counts": {"AGREE": 44, "ERROR": 6}, "ERROR_of_decided_pct": 12.0, "note": "never gates: built over AG v2/v3; 2B settled it as the reflexive si/sa/se pattern"}, "lk_adjust_rate_pct": 25.0}
2026-09-21 07:51:07 BATCH-DONE cz_0005 rows_written 64 of 64 wall_s 0.0 cum_tok 0 complete True
2026-09-21 07:51:07 PROJECTION cz_0005 no rows paid for in this process (all sessions adopted); gate not applicable
2026-09-21 07:51:07 PIECES {"SUCCESS": 25}
2026-09-21 07:51:07 END tokens 0 wall_s 1.3 batches_done 5 retries 0 giveups 0 stopped_early False
