17:39:55 duchess balance 9100 spent 0 price 2
17:39:57 young balance 9100 spent 0 price 2
17:40:02 bow balance 9100 spent 0 price 2
17:40:05 serve balance 9098 spent 2 price 2
17:40:10 photo balance 9096 spent 4 price 2
17:40:39 duchess done balance 9090 url https://d8j0ntlcm91z4.cloudfront.net/user_3EoP5tRbVakJKKllrlJbLSNiskF/hf_20261005_154002_63f8b1e8-0db8-4d42-a3d5-711f19a8ffae_min.webp
17:40:51 bow done balance 9090 url https://d8j0ntlcm91z4.cloudfront.net/user_3EoP5tRbVakJKKllrlJbLSNiskF/hf_20261005_154015_160f24e1-6274-441a-81c5-5f43d9399fcf_min.webp
17:40:57 serve done balance 9090 url https://d8j0ntlcm91z4.cloudfront.net/user_3EoP5tRbVakJKKllrlJbLSNiskF/hf_20261005_154021_8b8b47d7-8ecf-4dca-8259-5b6c26eacefd_min.webp
17:41:20 photo done balance 9090 url https://d8j0ntlcm91z4.cloudfront.net/user_3EoP5tRbVakJKKllrlJbLSNiskF/hf_20261005_154020_e989d1d6-b459-4be1-871a-873463b581de_min.webp
17:48:15 young job 8654ead1 recovered (CLI lost the response)
17:51:39 young2 balance 9090 spent 10 price 2
17:51:43 duchess2 balance 9090 spent 10 price 2
17:51:47 bow2 balance 9088 spent 12 price 2
17:51:52 serve2 balance 9084 spent 16 price 2
17:51:57 photo2 balance 9084 spent 16 price 2
17:52:26 young2 done balance 9082 url https://d8j0ntlcm91z4.cloudfront.net/user_3EoP5tRbVakJKKllrlJbLSNiskF/hf_20261005_155146_841b2055-6e36-4230-84cb-bbfedec329cd_min.webp
17:52:27 duchess2 done balance 9082 url https://d8j0ntlcm91z4.cloudfront.net/user_3EoP5tRbVakJKKllrlJbLSNiskF/hf_20261005_155148_e4a96355-08f7-40d1-9af9-2866e4452c81_min.webp
17:52:41 bow2 done balance 9082 url https://d8j0ntlcm91z4.cloudfront.net/user_3EoP5tRbVakJKKllrlJbLSNiskF/hf_20261005_155151_dba8bdc5-e2fe-4466-b464-fd137da2aa4b_min.webp
17:52:42 photo2 done balance 9082 url https://d8j0ntlcm91z4.cloudfront.net/user_3EoP5tRbVakJKKllrlJbLSNiskF/hf_20261005_155202_6ae8b806-9e90-41f5-9e94-f16a42c82489_min.webp
17:53:25 serve2b balance 9082 spent 18 price 2
17:54:56 serve3 balance 9082 spent 18 price 2
17:55:47 serve3 done balance 9080 url https://d8j0ntlcm91z4.cloudfront.net/user_3EoP5tRbVakJKKllrlJbLSNiskF/hf_20261005_155500_61f6c18a-d217-4459-9446-eb59d54cf371.png
17:58:53 young3 balance 9080 spent 20 price 2
17:58:58 duchess3 balance 9080 spent 20 price 2
17:59:01 serve4 balance 9080 spent 20 price 2
17:59:07 photo3 balance 9078 spent 22 price 2
17:59:10 bow3 balance 9078 spent 22 price 2
17:59:46 young3 done balance 9074 url https://d8j0ntlcm91z4.cloudfront.net/user_3EoP5tRbVakJKKllrlJbLSNiskF/hf_20261005_155905_7bfe344a-f55a-4a54-a3fa-4742d4dcb940.png
18:00:07 duchess3 done balance 9072 url https://d8j0ntlcm91z4.cloudfront.net/user_3EoP5tRbVakJKKllrlJbLSNiskF/hf_20261005_155919_dc94e8d3-20f4-43f8-ab95-a9595c4b3ec8.png
18:00:47 bow3 done balance 9070 url https://d8j0ntlcm91z4.cloudfront.net/user_3EoP5tRbVakJKKllrlJbLSNiskF/hf_20261005_155917_374c61b0-3e92-4e5b-884f-72f9e4da134a.png
18:01:18 photo3 done balance 9070 url https://d8j0ntlcm91z4.cloudfront.net/user_3EoP5tRbVakJKKllrlJbLSNiskF/hf_20261005_160011_70aa003a-6bf5-4afc-a302-ba038113bd5f.png
18:01:27 serve4 done balance 9070 url https://d8j0ntlcm91z4.cloudfront.net/user_3EoP5tRbVakJKKllrlJbLSNiskF/hf_20261005_155948_99bf004e-9faa-4e62-8438-afadd98ce6c8.png
18:03:26 bow4 balance 9070 spent 30 price 2
18:04:41 bow5 balance 9070 spent 30 price 2
18:06:56 bow5 done balance 9068 url https://d8j0ntlcm91z4.cloudfront.net/user_3EoP5tRbVakJKKllrlJbLSNiskF/hf_20261005_160451_6e699ab5-890e-4e7b-8a26-e4e2960624cd.png
18:07:18 photo4 balance 9068 spent 32 price 2
18:09:10 photo4 balance 9068 spent 32 price 2
18:11:25 photo4 balance 9068 spent 32 price 2
18:12:47 photo4 done balance 9066 url https://d8j0ntlcm91z4.cloudfront.net/user_3EoP5tRbVakJKKllrlJbLSNiskF/hf_20261005_161152_f05f88cb-66dc-4531-8ba5-e4c709532275.png
18:14:43 bow6 balance 9066 spent 34 price 2
18:14:47 photo6 balance 9066 spent 34 price 2
18:16:01 bow6 done balance 9064 url https://d8j0ntlcm91z4.cloudfront.net/user_3EoP5tRbVakJKKllrlJbLSNiskF/hf_20261005_161448_572b3b63-82b4-4b74-abbe-3fa9b9e144be.png
18:16:22 photo7 balance 9064 spent 36 price 2
18:17:20 photo7 done balance 9062 url https://d8j0ntlcm91z4.cloudfront.net/user_3EoP5tRbVakJKKllrlJbLSNiskF/hf_20261005_161631_8484d7f1-e4e9-4595-858d-8bf9271bba28.png
18:19:58 bow7 balance 9062 spent 38 price 2
18:20:02 photo8 balance 9062 spent 38 price 2
18:20:50 bow7 done balance 9060 url https://d8j0ntlcm91z4.cloudfront.net/user_3EoP5tRbVakJKKllrlJbLSNiskF/hf_20261005_162004_33626ace-7c7b-4511-9ac0-342992b19212.png
18:21:33 photo8b balance 9060 spent 40 price 2
18:22:32 photo8b done balance 9058 url https://d8j0ntlcm91z4.cloudfront.net/user_3EoP5tRbVakJKKllrlJbLSNiskF/hf_20261005_162146_4be54423-f5ab-4f12-bdba-edd107cd3fe3.png
18:33:18 bow8 balance 9058 spent 42 price 2
18:34:58 bow8 done balance 9056 url https://d8j0ntlcm91z4.cloudfront.net/user_3EoP5tRbVakJKKllrlJbLSNiskF/hf_20261005_163325_7259b0b8-2e9d-4118-9733-e54c5a3c146a.png
