=== 2026-09-21T11:52:02+00:00 prepare rc=0
F4FIX sweep load: 1 dicts, 0 cells
F4V3FIX sweep load: 1 modules, 0 refs
[BUILD fresh1u] 900 items / 100 sentences   chk {"correct/match": 23, "wrong/auto": 877}   passive {"None": 900}   levers {"l2:aspect": 756, "l2:definiteness": 754, "l2:number": 171, "l3:items_with_a_variant": 108, "l3:removed": 9, "l3:shown": 108}
[AG v3] {"abstain_agentless_passive": 40, "errors": 0, "fired_guarded_union": 8, "fired_primary": 8, "fired_v2": 15, "fired_v3": 8, "fired_v3_not_v4": 0, "fired_v4_full": 8, "fired_v4_not_v3": 0, "items": 900}
F4FIX sweep post_build: 0 dicts, 0 cells
F4V3FIX sweep post_build: 0 modules, 0 refs
F4FIX sweep run_pipeline: 0 dicts, 0 cells
F4V3FIX sweep run_pipeline: 0 modules, 0 refs

=== 2026-09-21T11:52:02+00:00 finish rc=0
F4FIX sweep load: 1 dicts, 0 cells
F4V3FIX sweep load: 1 modules, 0 refs
[BUILD fresh1u] 900 items / 100 sentences   chk {"correct/match": 23, "wrong/auto": 877}   passive {"None": 900}   levers {"l2:aspect": 756, "l2:definiteness": 754, "l2:number": 171, "l3:items_with_a_variant": 108, "l3:removed": 9, "l3:shown": 108}
[AG v3] {"abstain_agentless_passive": 40, "errors": 0, "fired_guarded_union": 8, "fired_primary": 8, "fired_v2": 15, "fired_v3": 8, "fired_v3_not_v4": 0, "fired_v4_full": 8, "fired_v4_not_v3": 0, "items": 900}
F4FIX sweep post_build: 0 dicts, 0 cells
F4V3FIX sweep post_build: 0 modules, 0 refs
F4FIX sweep run_pipeline: 0 dicts, 0 cells
F4V3FIX sweep run_pipeline: 0 modules, 0 refs
F4FIX sweep load: 0 dicts, 0 cells
F4V3FIX sweep load: 0 modules, 0 refs
F4FIX sweep run_pipeline: 0 dicts, 0 cells
F4V3FIX sweep run_pipeline: 0 modules, 0 refs

