[BUILD fresh1u] 900 items / 100 sentences   chk {"correct/match": 155, "wrong/auto": 745}   passive {"None": 660, "agentless": 160, "by": 80}   levers {"l2:aspect": 630, "l2:definiteness": 900, "l2:number": 153, "l3:items_with_a_variant": 837, "l3:removed": 63, "l3:shown": 837}
[AG v3] {"abstain_agentless_passive": 119, "errors": 0, "fired_guarded_union": 115, "fired_primary": 144, "fired_v2": 92, "fired_v3": 110, "fired_v3_not_v4": 0, "fired_v4_full": 142, "fired_v4_not_v3": 34, "items": 900}
[PROMPT] P-FROZEN-1U = P-FROZEN-1P + 1 line at index 9; sys identical; hash 81a21eff8840 -> 77c3cd5246d9
[PREFLIGHT] L2 lock firings under BASE: 137   L3-eligible under LOCKTIP: 743   AG v4 rejects before L3: 143   reach L3: 600
[PREFLIGHT] unique requests 600   reusable 0   PLANNED NEW CALLS 600   counted here 0   failed(200, unparsable) 0
[CAP] preflight: counted in ledger_dev 0 + planned 600 = 600   (hard cap 800)
[PREFLIGHT] PASS - 0 model calls; PREFLIGHT_1U.json + MODULES_1U.txt written
[BUILD fresh1u] 900 items / 100 sentences   chk {"correct/match": 155, "wrong/auto": 745}   passive {"None": 660, "agentless": 160, "by": 80}   levers {"l2:aspect": 630, "l2:definiteness": 900, "l2:number": 153, "l3:items_with_a_variant": 837, "l3:removed": 63, "l3:shown": 837}
[AG v3] {"abstain_agentless_passive": 119, "errors": 0, "fired_guarded_union": 115, "fired_primary": 144, "fired_v2": 92, "fired_v3": 110, "fired_v3_not_v4": 0, "fired_v4_full": 142, "fired_v4_not_v3": 34, "items": 900}
[PROMPT] P-FROZEN-1U = P-FROZEN-1P + 1 line at index 9; sys identical; hash 81a21eff8840 -> 77c3cd5246d9
[PREFLIGHT] L2 lock firings under BASE: 137   L3-eligible under LOCKTIP: 743   AG v4 rejects before L3: 143   reach L3: 600
[PREFLIGHT] unique requests 600   reusable 0   PLANNED NEW CALLS 600   counted here 0   failed(200, unparsable) 0
[CAP] preflight: counted in ledger_dev 0 + planned 600 = 600   (hard cap 800)
[PREFLIGHT] PASS - 0 model calls; PREFLIGHT_1U.json + MODULES_1U.txt written
[BUILD fresh1u] 900 items / 100 sentences   chk {"correct/match": 155, "wrong/auto": 745}   passive {"None": 660, "agentless": 160, "by": 80}   levers {"l2:aspect": 630, "l2:definiteness": 900, "l2:number": 153, "l3:items_with_a_variant": 837, "l3:removed": 63, "l3:shown": 837}
[AG v3] {"abstain_agentless_passive": 119, "errors": 0, "fired_guarded_union": 115, "fired_primary": 144, "fired_v2": 92, "fired_v3": 110, "fired_v3_not_v4": 0, "fired_v4_full": 142, "fired_v4_not_v3": 34, "items": 900}
[PROMPT] P-FROZEN-1U = P-FROZEN-1P + 1 line at index 9; sys identical; hash 81a21eff8840 -> 77c3cd5246d9
[PREFLIGHT] L2 lock firings under BASE: 137   L3-eligible under LOCKTIP: 743   AG v4 rejects before L3: 143   reach L3: 600
[PREFLIGHT] unique requests 600   reusable 0   PLANNED NEW CALLS 600   counted here 0   failed(200, unparsable) 0
[CAP] preflight: counted in ledger_dev 0 + planned 600 = 600   (hard cap 800)
[PREFLIGHT] PASS - 0 model calls; PREFLIGHT_1U.json + MODULES_1U.txt written
[FREEZE] 37 python files identical to commit 79f76f12cb3cb0751703e17d83c8c539ebdf11ae
[FLOORS] all seven hold: {"F1_agent_drops_wrong": 160, "F1a_fronted_wrong": 64, "F1b_misaligned_wrong": 48, "F2_time_frame_wrong": 119, "F3_by_passive_correct": 80, "F4_skp_correct": 72, "F5_missing_article_wrong": 97}
[BUILD fresh1u] 900 items / 100 sentences   chk {"correct/match": 155, "wrong/auto": 745}   passive {"None": 660, "agentless": 160, "by": 80}   levers {"l2:aspect": 630, "l2:definiteness": 900, "l2:number": 153, "l3:items_with_a_variant": 837, "l3:removed": 63, "l3:shown": 837}
[AG v3] {"abstain_agentless_passive": 119, "errors": 0, "fired_guarded_union": 115, "fired_primary": 144, "fired_v2": 92, "fired_v3": 110, "fired_v3_not_v4": 0, "fired_v4_full": 142, "fired_v4_not_v3": 34, "items": 900}
[PROMPT] P-FROZEN-1U = P-FROZEN-1P + 1 line at index 9; sys identical; hash 81a21eff8840 -> 77c3cd5246d9
[PREFLIGHT] L2 lock firings under BASE: 137   L3-eligible under LOCKTIP: 743   AG v4 rejects before L3: 143   reach L3: 600
[PREFLIGHT] unique requests 600   reusable 0   PLANNED NEW CALLS 600   counted here 0   failed(200, unparsable) 0
[CAP] preflight: counted in ledger_dev 0 + planned 600 = 600   (hard cap 800)
[CALLS] http200 600 (empty replies 0)  transport-dead 0  skipped after the wall 0
-- FINAL_RUN_DONE written: /Users/kristiansurhanak/Projects/and-again-content/translation-offline/phase1w/a4/run/FINAL_RUN_DONE
