{
 "fields": {
  "agent_nom": {
   "sk": 45,
   "cz": 43
  },
  "person": {
   "sk": 71,
   "cz": 68
  },
  "number": {
   "sk": 74,
   "cz": 68
  },
  "gender": {
   "sk": 43,
   "cz": 24
  },
  "tf": {
   "sk": 75,
   "cz": 46
  },
  "tense_open": {
   "sk": 92,
   "cz": 87
  },
  "perfective_present": {
   "sk": 81,
   "cz": 53
  },
  "voice_sk": {
   "sk": 51,
   "cz": 48
  }
 },
 "voice_sk_dist": {
  "sk:active_agent": 44,
  "sk:None": 49,
  "sk:impersonal": 1,
  "sk:active_prodrop": 5,
  "sk:passive": 1,
  "cz:active_agent": 43,
  "cz:None": 52,
  "cz:active_prodrop": 5
 },
 "rewrite": {
  "sk:A1:U": 13,
  "sk:A1:ABSTAIN": 12,
  "sk:A2:U": 12,
  "sk:A2:ABSTAIN": 11,
  "sk:A2:R": 2,
  "sk:B1:U": 12,
  "sk:B1:ABSTAIN": 10,
  "sk:B1:R": 3,
  "sk:B2:ABSTAIN": 13,
  "sk:B2:U": 9,
  "sk:B2:R": 3,
  "cz:A1:U": 14,
  "cz:A1:ABSTAIN": 9,
  "cz:A1:R": 2,
  "cz:A2:ABSTAIN": 14,
  "cz:A2:U": 8,
  "cz:A2:R": 3,
  "cz:B1:U": 13,
  "cz:B1:ABSTAIN": 12,
  "cz:B2:U": 8,
  "cz:B2:ABSTAIN": 16,
  "cz:B2:R": 1
 },
 "machine_check_fail": [],
 "voice_paths": {
  "g4_v2_sk_reflex": {
   "sk": 26,
   "cz": 25
  },
  "g4_v3_passive_or_reflex": {
   "sk": 30,
   "cz": 29
  },
  "g4_cz_se_missed": {
   "sk": 0,
   "cz": 0
  },
  "agv4_main_passive": {
   "sk": 1,
   "cz": 0
  },
  "agv4_main_reflex": {
   "sk": 8,
   "cz": 3
  },
  "agv4_en_passive": {
   "sk": 2,
   "cz": 4
  }
 }
}
model_fallback_ns 97
