there sets/236/a58_caption1_ava_d0114aac.m4a
{"uploaded":[{"from":"/Users/kristiansurhanak/Projects/and-again-content/runs/a58_20261006/audio/236/a58_caption2_ava_9750e7e5.m4a","to":"/audio/sets/236/a58_caption2_ava_9750e7e5.m4a"}],"downloaded":[],"message":""}
A new version of Supabase CLI is available: v2.118.0 (currently installed v2.116.0)
We recommend updating regularly for new features and bug fixes: https://supabase.com/docs/guides/cli/getting-started#updating-the-supabase-cli
up sets/236/a58_caption2_ava_9750e7e5.m4a
{"uploaded":[{"from":"/Users/kristiansurhanak/Projects/and-again-content/runs/a58_20261006/audio/236/a58_caption3_ava_75fd9a27.m4a","to":"/audio/sets/236/a58_caption3_ava_75fd9a27.m4a"}],"downloaded":[],"message":""}
A new version of Supabase CLI is available: v2.118.0 (currently installed v2.116.0)
We recommend updating regularly for new features and bug fixes: https://supabase.com/docs/guides/cli/getting-started#updating-the-supabase-cli
up sets/236/a58_caption3_ava_75fd9a27.m4a
{"uploaded":[{"from":"/Users/kristiansurhanak/Projects/and-again-content/runs/a58_20261006/audio/236/a58_noun1_ava_b14501fa.m4a","to":"/audio/sets/236/a58_noun1_ava_b14501fa.m4a"}],"downloaded":[],"message":""}
A new version of Supabase CLI is available: v2.118.0 (currently installed v2.116.0)
We recommend updating regularly for new features and bug fixes: https://supabase.com/docs/guides/cli/getting-started#updating-the-supabase-cli
up sets/236/a58_noun1_ava_b14501fa.m4a
{"uploaded":[{"from":"/Users/kristiansurhanak/Projects/and-again-content/runs/a58_20261006/audio/236/a58_noun2_ava_9c07fd5e.m4a","to":"/audio/sets/236/a58_noun2_ava_9c07fd5e.m4a"}],"downloaded":[],"message":""}
A new version of Supabase CLI is available: v2.118.0 (currently installed v2.116.0)
We recommend updating regularly for new features and bug fixes: https://supabase.com/docs/guides/cli/getting-started#updating-the-supabase-cli
up sets/236/a58_noun2_ava_9c07fd5e.m4a
{"uploaded":[{"from":"/Users/kristiansurhanak/Projects/and-again-content/runs/a58_20261006/audio/236/a58_noun3_ava_0b98f846.m4a","to":"/audio/sets/236/a58_noun3_ava_0b98f846.m4a"}],"downloaded":[],"message":""}
A new version of Supabase CLI is available: v2.118.0 (currently installed v2.116.0)
We recommend updating regularly for new features and bug fixes: https://supabase.com/docs/guides/cli/getting-started#updating-the-supabase-cli
up sets/236/a58_noun3_ava_0b98f846.m4a
{"uploaded":[{"from":"/Users/kristiansurhanak/Projects/and-again-content/runs/a58_20261006/audio/236/a58_phrase1_ava_8b59b100.m4a","to":"/audio/sets/236/a58_phrase1_ava_8b59b100.m4a"}],"downloaded":[],"message":""}
A new version of Supabase CLI is available: v2.118.0 (currently installed v2.116.0)
We recommend updating regularly for new features and bug fixes: https://supabase.com/docs/guides/cli/getting-started#updating-the-supabase-cli
up sets/236/a58_phrase1_ava_8b59b100.m4a
{"uploaded":[{"from":"/Users/kristiansurhanak/Projects/and-again-content/runs/a58_20261006/audio/236/a58_phrase2_ava_ad0bddb1.m4a","to":"/audio/sets/236/a58_phrase2_ava_ad0bddb1.m4a"}],"downloaded":[],"message":""}
A new version of Supabase CLI is available: v2.118.0 (currently installed v2.116.0)
We recommend updating regularly for new features and bug fixes: https://supabase.com/docs/guides/cli/getting-started#updating-the-supabase-cli
up sets/236/a58_phrase2_ava_ad0bddb1.m4a
{"uploaded":[{"from":"/Users/kristiansurhanak/Projects/and-again-content/runs/a58_20261006/audio/236/a58_phrase3_ava_f5dc2f51.m4a","to":"/audio/sets/236/a58_phrase3_ava_f5dc2f51.m4a"}],"downloaded":[],"message":""}
A new version of Supabase CLI is available: v2.118.0 (currently installed v2.116.0)
We recommend updating regularly for new features and bug fixes: https://supabase.com/docs/guides/cli/getting-started#updating-the-supabase-cli
up sets/236/a58_phrase3_ava_f5dc2f51.m4a
{"uploaded":[{"from":"/Users/kristiansurhanak/Projects/and-again-content/runs/a58_20261006/audio/236/a58_story1_ava_1dd78e22.m4a","to":"/audio/sets/236/a58_story1_ava_1dd78e22.m4a"}],"downloaded":[],"message":""}
A new version of Supabase CLI is available: v2.118.0 (currently installed v2.116.0)
We recommend updating regularly for new features and bug fixes: https://supabase.com/docs/guides/cli/getting-started#updating-the-supabase-cli
up sets/236/a58_story1_ava_1dd78e22.m4a
{"uploaded":[{"from":"/Users/kristiansurhanak/Projects/and-again-content/runs/a58_20261006/audio/236/a58_story2_ava_df85be18.m4a","to":"/audio/sets/236/a58_story2_ava_df85be18.m4a"}],"downloaded":[],"message":""}
A new version of Supabase CLI is available: v2.118.0 (currently installed v2.116.0)
We recommend updating regularly for new features and bug fixes: https://supabase.com/docs/guides/cli/getting-started#updating-the-supabase-cli
up sets/236/a58_story2_ava_df85be18.m4a
{"uploaded":[{"from":"/Users/kristiansurhanak/Projects/and-again-content/runs/a58_20261006/audio/236/a58_story3_ava_64a2b698.m4a","to":"/audio/sets/236/a58_story3_ava_64a2b698.m4a"}],"downloaded":[],"message":""}
A new version of Supabase CLI is available: v2.118.0 (currently installed v2.116.0)
We recommend updating regularly for new features and bug fixes: https://supabase.com/docs/guides/cli/getting-started#updating-the-supabase-cli
up sets/236/a58_story3_ava_64a2b698.m4a
{"uploaded":[{"from":"/Users/kristiansurhanak/Projects/and-again-content/runs/a58_20261006/audio/461/a58_caption1_zoe_271b2579.m4a","to":"/audio/sets/461/a58_caption1_zoe_271b2579.m4a"}],"downloaded":[],"message":""}
A new version of Supabase CLI is available: v2.118.0 (currently installed v2.116.0)
We recommend updating regularly for new features and bug fixes: https://supabase.com/docs/guides/cli/getting-started#updating-the-supabase-cli
up sets/461/a58_caption1_zoe_271b2579.m4a
{"uploaded":[{"from":"/Users/kristiansurhanak/Projects/and-again-content/runs/a58_20261006/audio/461/a58_caption2_zoe_a3c3c2da.m4a","to":"/audio/sets/461/a58_caption2_zoe_a3c3c2da.m4a"}],"downloaded":[],"message":""}
A new version of Supabase CLI is available: v2.118.0 (currently installed v2.116.0)
We recommend updating regularly for new features and bug fixes: https://supabase.com/docs/guides/cli/getting-started#updating-the-supabase-cli
up sets/461/a58_caption2_zoe_a3c3c2da.m4a
{"uploaded":[{"from":"/Users/kristiansurhanak/Projects/and-again-content/runs/a58_20261006/audio/461/a58_caption3_zoe_21f16282.m4a","to":"/audio/sets/461/a58_caption3_zoe_21f16282.m4a"}],"downloaded":[],"message":""}
A new version of Supabase CLI is available: v2.118.0 (currently installed v2.116.0)
We recommend updating regularly for new features and bug fixes: https://supabase.com/docs/guides/cli/getting-started#updating-the-supabase-cli
up sets/461/a58_caption3_zoe_21f16282.m4a
{"uploaded":[{"from":"/Users/kristiansurhanak/Projects/and-again-content/runs/a58_20261006/audio/461/a58_noun1_zoe_07ec18af.m4a","to":"/audio/sets/461/a58_noun1_zoe_07ec18af.m4a"}],"downloaded":[],"message":""}
A new version of Supabase CLI is available: v2.118.0 (currently installed v2.116.0)
We recommend updating regularly for new features and bug fixes: https://supabase.com/docs/guides/cli/getting-started#updating-the-supabase-cli
up sets/461/a58_noun1_zoe_07ec18af.m4a
{"uploaded":[{"from":"/Users/kristiansurhanak/Projects/and-again-content/runs/a58_20261006/audio/461/a58_noun2_zoe_c493b788.m4a","to":"/audio/sets/461/a58_noun2_zoe_c493b788.m4a"}],"downloaded":[],"message":""}
A new version of Supabase CLI is available: v2.118.0 (currently installed v2.116.0)
We recommend updating regularly for new features and bug fixes: https://supabase.com/docs/guides/cli/getting-started#updating-the-supabase-cli
up sets/461/a58_noun2_zoe_c493b788.m4a
{"uploaded":[{"from":"/Users/kristiansurhanak/Projects/and-again-content/runs/a58_20261006/audio/461/a58_noun3_zoe_6d17215d.m4a","to":"/audio/sets/461/a58_noun3_zoe_6d17215d.m4a"}],"downloaded":[],"message":""}
A new version of Supabase CLI is available: v2.118.0 (currently installed v2.116.0)
We recommend updating regularly for new features and bug fixes: https://supabase.com/docs/guides/cli/getting-started#updating-the-supabase-cli
up sets/461/a58_noun3_zoe_6d17215d.m4a
{"uploaded":[{"from":"/Users/kristiansurhanak/Projects/and-again-content/runs/a58_20261006/audio/461/a58_phrase1_zoe_7ebc7b51.m4a","to":"/audio/sets/461/a58_phrase1_zoe_7ebc7b51.m4a"}],"downloaded":[],"message":""}
A new version of Supabase CLI is available: v2.118.0 (currently installed v2.116.0)
We recommend updating regularly for new features and bug fixes: https://supabase.com/docs/guides/cli/getting-started#updating-the-supabase-cli
up sets/461/a58_phrase1_zoe_7ebc7b51.m4a
{"uploaded":[{"from":"/Users/kristiansurhanak/Projects/and-again-content/runs/a58_20261006/audio/461/a58_phrase2_zoe_6f6e5979.m4a","to":"/audio/sets/461/a58_phrase2_zoe_6f6e5979.m4a"}],"downloaded":[],"message":""}
A new version of Supabase CLI is available: v2.118.0 (currently installed v2.116.0)
We recommend updating regularly for new features and bug fixes: https://supabase.com/docs/guides/cli/getting-started#updating-the-supabase-cli
up sets/461/a58_phrase2_zoe_6f6e5979.m4a
{"uploaded":[{"from":"/Users/kristiansurhanak/Projects/and-again-content/runs/a58_20261006/audio/461/a58_phrase3_zoe_d65aad75.m4a","to":"/audio/sets/461/a58_phrase3_zoe_d65aad75.m4a"}],"downloaded":[],"message":""}
A new version of Supabase CLI is available: v2.118.0 (currently installed v2.116.0)
We recommend updating regularly for new features and bug fixes: https://supabase.com/docs/guides/cli/getting-started#updating-the-supabase-cli
up sets/461/a58_phrase3_zoe_d65aad75.m4a
{"uploaded":[{"from":"/Users/kristiansurhanak/Projects/and-again-content/runs/a58_20261006/audio/461/a58_story1_zoe_6ef19b79.m4a","to":"/audio/sets/461/a58_story1_zoe_6ef19b79.m4a"}],"downloaded":[],"message":""}
A new version of Supabase CLI is available: v2.118.0 (currently installed v2.116.0)
We recommend updating regularly for new features and bug fixes: https://supabase.com/docs/guides/cli/getting-started#updating-the-supabase-cli
up sets/461/a58_story1_zoe_6ef19b79.m4a
{"uploaded":[{"from":"/Users/kristiansurhanak/Projects/and-again-content/runs/a58_20261006/audio/461/a58_story2_zoe_a3d3351b.m4a","to":"/audio/sets/461/a58_story2_zoe_a3d3351b.m4a"}],"downloaded":[],"message":""}
A new version of Supabase CLI is available: v2.118.0 (currently installed v2.116.0)
We recommend updating regularly for new features and bug fixes: https://supabase.com/docs/guides/cli/getting-started#updating-the-supabase-cli
up sets/461/a58_story2_zoe_a3d3351b.m4a
{"uploaded":[{"from":"/Users/kristiansurhanak/Projects/and-again-content/runs/a58_20261006/audio/461/a58_story3_zoe_3785e69b.m4a","to":"/audio/sets/461/a58_story3_zoe_3785e69b.m4a"}],"downloaded":[],"message":""}
A new version of Supabase CLI is available: v2.118.0 (currently installed v2.116.0)
We recommend updating regularly for new features and bug fixes: https://supabase.com/docs/guides/cli/getting-started#updating-the-supabase-cli
up sets/461/a58_story3_zoe_3785e69b.m4a
{"uploaded":[{"from":"/Users/kristiansurhanak/Projects/and-again-content/runs/a58_20261006/audio/62/a58_caption1_evan_87d295f2.m4a","to":"/audio/sets/62/a58_caption1_evan_87d295f2.m4a"}],"downloaded":[],"message":""}
A new version of Supabase CLI is available: v2.118.0 (currently installed v2.116.0)
We recommend updating regularly for new features and bug fixes: https://supabase.com/docs/guides/cli/getting-started#updating-the-supabase-cli
up sets/62/a58_caption1_evan_87d295f2.m4a
{"uploaded":[{"from":"/Users/kristiansurhanak/Projects/and-again-content/runs/a58_20261006/audio/62/a58_caption2_evan_478f9372.m4a","to":"/audio/sets/62/a58_caption2_evan_478f9372.m4a"}],"downloaded":[],"message":""}
A new version of Supabase CLI is available: v2.118.0 (currently installed v2.116.0)
We recommend updating regularly for new features and bug fixes: https://supabase.com/docs/guides/cli/getting-started#updating-the-supabase-cli
up sets/62/a58_caption2_evan_478f9372.m4a
{"uploaded":[{"from":"/Users/kristiansurhanak/Projects/and-again-content/runs/a58_20261006/audio/62/a58_caption3_evan_a0b77c1e.m4a","to":"/audio/sets/62/a58_caption3_evan_a0b77c1e.m4a"}],"downloaded":[],"message":""}
A new version of Supabase CLI is available: v2.118.0 (currently installed v2.116.0)
We recommend updating regularly for new features and bug fixes: https://supabase.com/docs/guides/cli/getting-started#updating-the-supabase-cli
up sets/62/a58_caption3_evan_a0b77c1e.m4a
{"uploaded":[{"from":"/Users/kristiansurhanak/Projects/and-again-content/runs/a58_20261006/audio/62/a58_noun1_evan_1a6980df.m4a","to":"/audio/sets/62/a58_noun1_evan_1a6980df.m4a"}],"downloaded":[],"message":""}
A new version of Supabase CLI is available: v2.118.0 (currently installed v2.116.0)
We recommend updating regularly for new features and bug fixes: https://supabase.com/docs/guides/cli/getting-started#updating-the-supabase-cli
up sets/62/a58_noun1_evan_1a6980df.m4a
{"uploaded":[{"from":"/Users/kristiansurhanak/Projects/and-again-content/runs/a58_20261006/audio/62/a58_noun2_evan_2eddffd5.m4a","to":"/audio/sets/62/a58_noun2_evan_2eddffd5.m4a"}],"downloaded":[],"message":""}
A new version of Supabase CLI is available: v2.118.0 (currently installed v2.116.0)
We recommend updating regularly for new features and bug fixes: https://supabase.com/docs/guides/cli/getting-started#updating-the-supabase-cli
up sets/62/a58_noun2_evan_2eddffd5.m4a
{"uploaded":[{"from":"/Users/kristiansurhanak/Projects/and-again-content/runs/a58_20261006/audio/62/a58_noun3_evan_ff623e66.m4a","to":"/audio/sets/62/a58_noun3_evan_ff623e66.m4a"}],"downloaded":[],"message":""}
A new version of Supabase CLI is available: v2.118.0 (currently installed v2.116.0)
We recommend updating regularly for new features and bug fixes: https://supabase.com/docs/guides/cli/getting-started#updating-the-supabase-cli
up sets/62/a58_noun3_evan_ff623e66.m4a
{"uploaded":[{"from":"/Users/kristiansurhanak/Projects/and-again-content/runs/a58_20261006/audio/62/a58_phrase1_evan_df998783.m4a","to":"/audio/sets/62/a58_phrase1_evan_df998783.m4a"}],"downloaded":[],"message":""}
A new version of Supabase CLI is available: v2.118.0 (currently installed v2.116.0)
We recommend updating regularly for new features and bug fixes: https://supabase.com/docs/guides/cli/getting-started#updating-the-supabase-cli
up sets/62/a58_phrase1_evan_df998783.m4a
{"uploaded":[{"from":"/Users/kristiansurhanak/Projects/and-again-content/runs/a58_20261006/audio/62/a58_phrase2_evan_9cfe7874.m4a","to":"/audio/sets/62/a58_phrase2_evan_9cfe7874.m4a"}],"downloaded":[],"message":""}
A new version of Supabase CLI is available: v2.118.0 (currently installed v2.116.0)
We recommend updating regularly for new features and bug fixes: https://supabase.com/docs/guides/cli/getting-started#updating-the-supabase-cli
up sets/62/a58_phrase2_evan_9cfe7874.m4a
{"uploaded":[{"from":"/Users/kristiansurhanak/Projects/and-again-content/runs/a58_20261006/audio/62/a58_phrase3_evan_3e0630ba.m4a","to":"/audio/sets/62/a58_phrase3_evan_3e0630ba.m4a"}],"downloaded":[],"message":""}
A new version of Supabase CLI is available: v2.118.0 (currently installed v2.116.0)
We recommend updating regularly for new features and bug fixes: https://supabase.com/docs/guides/cli/getting-started#updating-the-supabase-cli
up sets/62/a58_phrase3_evan_3e0630ba.m4a
{"uploaded":[{"from":"/Users/kristiansurhanak/Projects/and-again-content/runs/a58_20261006/audio/62/a58_story1_evan_6f4e39c0.m4a","to":"/audio/sets/62/a58_story1_evan_6f4e39c0.m4a"}],"downloaded":[],"message":""}
A new version of Supabase CLI is available: v2.118.0 (currently installed v2.116.0)
We recommend updating regularly for new features and bug fixes: https://supabase.com/docs/guides/cli/getting-started#updating-the-supabase-cli
up sets/62/a58_story1_evan_6f4e39c0.m4a
{"uploaded":[{"from":"/Users/kristiansurhanak/Projects/and-again-content/runs/a58_20261006/audio/62/a58_story2_evan_afda6fe3.m4a","to":"/audio/sets/62/a58_story2_evan_afda6fe3.m4a"}],"downloaded":[],"message":""}
A new version of Supabase CLI is available: v2.118.0 (currently installed v2.116.0)
We recommend updating regularly for new features and bug fixes: https://supabase.com/docs/guides/cli/getting-started#updating-the-supabase-cli
up sets/62/a58_story2_evan_afda6fe3.m4a
{"uploaded":[{"from":"/Users/kristiansurhanak/Projects/and-again-content/runs/a58_20261006/audio/62/a58_story3_evan_db362389.m4a","to":"/audio/sets/62/a58_story3_evan_db362389.m4a"}],"downloaded":[],"message":""}
A new version of Supabase CLI is available: v2.118.0 (currently installed v2.116.0)
We recommend updating regularly for new features and bug fixes: https://supabase.com/docs/guides/cli/getting-started#updating-the-supabase-cli
up sets/62/a58_story3_evan_db362389.m4a
{"uploaded":[{"from":"/Users/kristiansurhanak/Projects/and-again-content/runs/a58_20261006/audio/7071/a58_caption1_nathan_13c655a8.m4a","to":"/audio/sets/7071/a58_caption1_nathan_13c655a8.m4a"}],"downloaded":[],"message":""}
A new version of Supabase CLI is available: v2.118.0 (currently installed v2.116.0)
We recommend updating regularly for new features and bug fixes: https://supabase.com/docs/guides/cli/getting-started#updating-the-supabase-cli
up sets/7071/a58_caption1_nathan_13c655a8.m4a
{"uploaded":[{"from":"/Users/kristiansurhanak/Projects/and-again-content/runs/a58_20261006/audio/7071/a58_caption2_nathan_540ea57c.m4a","to":"/audio/sets/7071/a58_caption2_nathan_540ea57c.m4a"}],"downloaded":[],"message":""}
A new version of Supabase CLI is available: v2.118.0 (currently installed v2.116.0)
We recommend updating regularly for new features and bug fixes: https://supabase.com/docs/guides/cli/getting-started#updating-the-supabase-cli
up sets/7071/a58_caption2_nathan_540ea57c.m4a
{"uploaded":[{"from":"/Users/kristiansurhanak/Projects/and-again-content/runs/a58_20261006/audio/7071/a58_caption3_nathan_64c2ff74.m4a","to":"/audio/sets/7071/a58_caption3_nathan_64c2ff74.m4a"}],"downloaded":[],"message":""}
A new version of Supabase CLI is available: v2.118.0 (currently installed v2.116.0)
We recommend updating regularly for new features and bug fixes: https://supabase.com/docs/guides/cli/getting-started#updating-the-supabase-cli
up sets/7071/a58_caption3_nathan_64c2ff74.m4a
{"uploaded":[{"from":"/Users/kristiansurhanak/Projects/and-again-content/runs/a58_20261006/audio/7071/a58_noun1_nathan_a1564765.m4a","to":"/audio/sets/7071/a58_noun1_nathan_a1564765.m4a"}],"downloaded":[],"message":""}
A new version of Supabase CLI is available: v2.118.0 (currently installed v2.116.0)
We recommend updating regularly for new features and bug fixes: https://supabase.com/docs/guides/cli/getting-started#updating-the-supabase-cli
up sets/7071/a58_noun1_nathan_a1564765.m4a
{"uploaded":[{"from":"/Users/kristiansurhanak/Projects/and-again-content/runs/a58_20261006/audio/7071/a58_noun2_nathan_038a886b.m4a","to":"/audio/sets/7071/a58_noun2_nathan_038a886b.m4a"}],"downloaded":[],"message":""}
A new version of Supabase CLI is available: v2.118.0 (currently installed v2.116.0)
We recommend updating regularly for new features and bug fixes: https://supabase.com/docs/guides/cli/getting-started#updating-the-supabase-cli
up sets/7071/a58_noun2_nathan_038a886b.m4a
{"uploaded":[{"from":"/Users/kristiansurhanak/Projects/and-again-content/runs/a58_20261006/audio/7071/a58_noun3_nathan_f2c16da2.m4a","to":"/audio/sets/7071/a58_noun3_nathan_f2c16da2.m4a"}],"downloaded":[],"message":""}
A new version of Supabase CLI is available: v2.118.0 (currently installed v2.116.0)
We recommend updating regularly for new features and bug fixes: https://supabase.com/docs/guides/cli/getting-started#updating-the-supabase-cli
up sets/7071/a58_noun3_nathan_f2c16da2.m4a
{"uploaded":[{"from":"/Users/kristiansurhanak/Projects/and-again-content/runs/a58_20261006/audio/7071/a58_phrase1_nathan_f26b749b.m4a","to":"/audio/sets/7071/a58_phrase1_nathan_f26b749b.m4a"}],"downloaded":[],"message":""}
A new version of Supabase CLI is available: v2.118.0 (currently installed v2.116.0)
We recommend updating regularly for new features and bug fixes: https://supabase.com/docs/guides/cli/getting-started#updating-the-supabase-cli
up sets/7071/a58_phrase1_nathan_f26b749b.m4a
{"uploaded":[{"from":"/Users/kristiansurhanak/Projects/and-again-content/runs/a58_20261006/audio/7071/a58_phrase2_nathan_1b4c12e8.m4a","to":"/audio/sets/7071/a58_phrase2_nathan_1b4c12e8.m4a"}],"downloaded":[],"message":""}
A new version of Supabase CLI is available: v2.118.0 (currently installed v2.116.0)
We recommend updating regularly for new features and bug fixes: https://supabase.com/docs/guides/cli/getting-started#updating-the-supabase-cli
up sets/7071/a58_phrase2_nathan_1b4c12e8.m4a
{"uploaded":[{"from":"/Users/kristiansurhanak/Projects/and-again-content/runs/a58_20261006/audio/7071/a58_phrase3_nathan_7456f40b.m4a","to":"/audio/sets/7071/a58_phrase3_nathan_7456f40b.m4a"}],"downloaded":[],"message":""}
A new version of Supabase CLI is available: v2.118.0 (currently installed v2.116.0)
We recommend updating regularly for new features and bug fixes: https://supabase.com/docs/guides/cli/getting-started#updating-the-supabase-cli
up sets/7071/a58_phrase3_nathan_7456f40b.m4a
{"uploaded":[{"from":"/Users/kristiansurhanak/Projects/and-again-content/runs/a58_20261006/audio/7071/a58_story1_nathan_92759928.m4a","to":"/audio/sets/7071/a58_story1_nathan_92759928.m4a"}],"downloaded":[],"message":""}
A new version of Supabase CLI is available: v2.118.0 (currently installed v2.116.0)
We recommend updating regularly for new features and bug fixes: https://supabase.com/docs/guides/cli/getting-started#updating-the-supabase-cli
up sets/7071/a58_story1_nathan_92759928.m4a
{"uploaded":[{"from":"/Users/kristiansurhanak/Projects/and-again-content/runs/a58_20261006/audio/7071/a58_story2_nathan_580f4dfa.m4a","to":"/audio/sets/7071/a58_story2_nathan_580f4dfa.m4a"}],"downloaded":[],"message":""}
A new version of Supabase CLI is available: v2.118.0 (currently installed v2.116.0)
We recommend updating regularly for new features and bug fixes: https://supabase.com/docs/guides/cli/getting-started#updating-the-supabase-cli
up sets/7071/a58_story2_nathan_580f4dfa.m4a
{"uploaded":[{"from":"/Users/kristiansurhanak/Projects/and-again-content/runs/a58_20261006/audio/7071/a58_story3_nathan_18d57afa.m4a","to":"/audio/sets/7071/a58_story3_nathan_18d57afa.m4a"}],"downloaded":[],"message":""}
A new version of Supabase CLI is available: v2.118.0 (currently installed v2.116.0)
We recommend updating regularly for new features and bug fixes: https://supabase.com/docs/guides/cli/getting-started#updating-the-supabase-cli
up sets/7071/a58_story3_nathan_18d57afa.m4a
{"uploaded":[{"from":"/Users/kristiansurhanak/Projects/and-again-content/runs/a58_20261006/audio/8039/a58_caption1_ava_4f1a3934.m4a","to":"/audio/sets/8039/a58_caption1_ava_4f1a3934.m4a"}],"downloaded":[],"message":""}
A new version of Supabase CLI is available: v2.118.0 (currently installed v2.116.0)
We recommend updating regularly for new features and bug fixes: https://supabase.com/docs/guides/cli/getting-started#updating-the-supabase-cli
up sets/8039/a58_caption1_ava_4f1a3934.m4a
{"uploaded":[{"from":"/Users/kristiansurhanak/Projects/and-again-content/runs/a58_20261006/audio/8039/a58_caption2_ava_8579ed31.m4a","to":"/audio/sets/8039/a58_caption2_ava_8579ed31.m4a"}],"downloaded":[],"message":""}
A new version of Supabase CLI is available: v2.118.0 (currently installed v2.116.0)
We recommend updating regularly for new features and bug fixes: https://supabase.com/docs/guides/cli/getting-started#updating-the-supabase-cli
up sets/8039/a58_caption2_ava_8579ed31.m4a
{"uploaded":[{"from":"/Users/kristiansurhanak/Projects/and-again-content/runs/a58_20261006/audio/8039/a58_caption3_ava_0233aa22.m4a","to":"/audio/sets/8039/a58_caption3_ava_0233aa22.m4a"}],"downloaded":[],"message":""}
A new version of Supabase CLI is available: v2.118.0 (currently installed v2.116.0)
We recommend updating regularly for new features and bug fixes: https://supabase.com/docs/guides/cli/getting-started#updating-the-supabase-cli
up sets/8039/a58_caption3_ava_0233aa22.m4a
{"uploaded":[{"from":"/Users/kristiansurhanak/Projects/and-again-content/runs/a58_20261006/audio/8039/a58_noun1_ava_01c5cce4.m4a","to":"/audio/sets/8039/a58_noun1_ava_01c5cce4.m4a"}],"downloaded":[],"message":""}
A new version of Supabase CLI is available: v2.118.0 (currently installed v2.116.0)
We recommend updating regularly for new features and bug fixes: https://supabase.com/docs/guides/cli/getting-started#updating-the-supabase-cli
up sets/8039/a58_noun1_ava_01c5cce4.m4a
{"uploaded":[{"from":"/Users/kristiansurhanak/Projects/and-again-content/runs/a58_20261006/audio/8039/a58_noun2_ava_dad33908.m4a","to":"/audio/sets/8039/a58_noun2_ava_dad33908.m4a"}],"downloaded":[],"message":""}
A new version of Supabase CLI is available: v2.118.0 (currently installed v2.116.0)
We recommend updating regularly for new features and bug fixes: https://supabase.com/docs/guides/cli/getting-started#updating-the-supabase-cli
up sets/8039/a58_noun2_ava_dad33908.m4a
{"uploaded":[{"from":"/Users/kristiansurhanak/Projects/and-again-content/runs/a58_20261006/audio/8039/a58_noun3_ava_8324678f.m4a","to":"/audio/sets/8039/a58_noun3_ava_8324678f.m4a"}],"downloaded":[],"message":""}
A new version of Supabase CLI is available: v2.118.0 (currently installed v2.116.0)
We recommend updating regularly for new features and bug fixes: https://supabase.com/docs/guides/cli/getting-started#updating-the-supabase-cli
up sets/8039/a58_noun3_ava_8324678f.m4a
{"uploaded":[{"from":"/Users/kristiansurhanak/Projects/and-again-content/runs/a58_20261006/audio/8039/a58_phrase1_ava_7c0ecfb6.m4a","to":"/audio/sets/8039/a58_phrase1_ava_7c0ecfb6.m4a"}],"downloaded":[],"message":""}
A new version of Supabase CLI is available: v2.118.0 (currently installed v2.116.0)
We recommend updating regularly for new features and bug fixes: https://supabase.com/docs/guides/cli/getting-started#updating-the-supabase-cli
up sets/8039/a58_phrase1_ava_7c0ecfb6.m4a
{"uploaded":[{"from":"/Users/kristiansurhanak/Projects/and-again-content/runs/a58_20261006/audio/8039/a58_phrase2_ava_01114a1d.m4a","to":"/audio/sets/8039/a58_phrase2_ava_01114a1d.m4a"}],"downloaded":[],"message":""}
A new version of Supabase CLI is available: v2.118.0 (currently installed v2.116.0)
We recommend updating regularly for new features and bug fixes: https://supabase.com/docs/guides/cli/getting-started#updating-the-supabase-cli
up sets/8039/a58_phrase2_ava_01114a1d.m4a
{"uploaded":[{"from":"/Users/kristiansurhanak/Projects/and-again-content/runs/a58_20261006/audio/8039/a58_phrase3_ava_a258e656.m4a","to":"/audio/sets/8039/a58_phrase3_ava_a258e656.m4a"}],"downloaded":[],"message":""}
A new version of Supabase CLI is available: v2.118.0 (currently installed v2.116.0)
We recommend updating regularly for new features and bug fixes: https://supabase.com/docs/guides/cli/getting-started#updating-the-supabase-cli
up sets/8039/a58_phrase3_ava_a258e656.m4a
{"uploaded":[{"from":"/Users/kristiansurhanak/Projects/and-again-content/runs/a58_20261006/audio/8039/a58_story1_ava_a9456993.m4a","to":"/audio/sets/8039/a58_story1_ava_a9456993.m4a"}],"downloaded":[],"message":""}
A new version of Supabase CLI is available: v2.118.0 (currently installed v2.116.0)
We recommend updating regularly for new features and bug fixes: https://supabase.com/docs/guides/cli/getting-started#updating-the-supabase-cli
up sets/8039/a58_story1_ava_a9456993.m4a
{"uploaded":[{"from":"/Users/kristiansurhanak/Projects/and-again-content/runs/a58_20261006/audio/8039/a58_story2_ava_eeee2eb0.m4a","to":"/audio/sets/8039/a58_story2_ava_eeee2eb0.m4a"}],"downloaded":[],"message":""}
A new version of Supabase CLI is available: v2.118.0 (currently installed v2.116.0)
We recommend updating regularly for new features and bug fixes: https://supabase.com/docs/guides/cli/getting-started#updating-the-supabase-cli
up sets/8039/a58_story2_ava_eeee2eb0.m4a
{"uploaded":[{"from":"/Users/kristiansurhanak/Projects/and-again-content/runs/a58_20261006/audio/8039/a58_story3_ava_06d37b63.m4a","to":"/audio/sets/8039/a58_story3_ava_06d37b63.m4a"}],"downloaded":[],"message":""}
A new version of Supabase CLI is available: v2.118.0 (currently installed v2.116.0)
We recommend updating regularly for new features and bug fixes: https://supabase.com/docs/guides/cli/getting-started#updating-the-supabase-cli
up sets/8039/a58_story3_ava_06d37b63.m4a
{"uploaded":[{"from":"/Users/kristiansurhanak/Projects/and-again-content/runs/a58_20261006/audio/8055/a58_caption1_evan_33f7f763.m4a","to":"/audio/sets/8055/a58_caption1_evan_33f7f763.m4a"}],"downloaded":[],"message":""}
A new version of Supabase CLI is available: v2.118.0 (currently installed v2.116.0)
We recommend updating regularly for new features and bug fixes: https://supabase.com/docs/guides/cli/getting-started#updating-the-supabase-cli
up sets/8055/a58_caption1_evan_33f7f763.m4a
{"uploaded":[{"from":"/Users/kristiansurhanak/Projects/and-again-content/runs/a58_20261006/audio/8055/a58_caption2_evan_9623c62a.m4a","to":"/audio/sets/8055/a58_caption2_evan_9623c62a.m4a"}],"downloaded":[],"message":""}
A new version of Supabase CLI is available: v2.118.0 (currently installed v2.116.0)
We recommend updating regularly for new features and bug fixes: https://supabase.com/docs/guides/cli/getting-started#updating-the-supabase-cli
up sets/8055/a58_caption2_evan_9623c62a.m4a
{"uploaded":[{"from":"/Users/kristiansurhanak/Projects/and-again-content/runs/a58_20261006/audio/8055/a58_caption3_evan_f2ce31f1.m4a","to":"/audio/sets/8055/a58_caption3_evan_f2ce31f1.m4a"}],"downloaded":[],"message":""}
A new version of Supabase CLI is available: v2.118.0 (currently installed v2.116.0)
We recommend updating regularly for new features and bug fixes: https://supabase.com/docs/guides/cli/getting-started#updating-the-supabase-cli
up sets/8055/a58_caption3_evan_f2ce31f1.m4a
{"uploaded":[{"from":"/Users/kristiansurhanak/Projects/and-again-content/runs/a58_20261006/audio/8055/a58_noun1_evan_cb0fc5df.m4a","to":"/audio/sets/8055/a58_noun1_evan_cb0fc5df.m4a"}],"downloaded":[],"message":""}
A new version of Supabase CLI is available: v2.118.0 (currently installed v2.116.0)
We recommend updating regularly for new features and bug fixes: https://supabase.com/docs/guides/cli/getting-started#updating-the-supabase-cli
up sets/8055/a58_noun1_evan_cb0fc5df.m4a
{"uploaded":[{"from":"/Users/kristiansurhanak/Projects/and-again-content/runs/a58_20261006/audio/8055/a58_noun2_evan_0c92853a.m4a","to":"/audio/sets/8055/a58_noun2_evan_0c92853a.m4a"}],"downloaded":[],"message":""}
A new version of Supabase CLI is available: v2.118.0 (currently installed v2.116.0)
We recommend updating regularly for new features and bug fixes: https://supabase.com/docs/guides/cli/getting-started#updating-the-supabase-cli
up sets/8055/a58_noun2_evan_0c92853a.m4a
{"uploaded":[{"from":"/Users/kristiansurhanak/Projects/and-again-content/runs/a58_20261006/audio/8055/a58_noun3_evan_64e1ff30.m4a","to":"/audio/sets/8055/a58_noun3_evan_64e1ff30.m4a"}],"downloaded":[],"message":""}
A new version of Supabase CLI is available: v2.118.0 (currently installed v2.116.0)
We recommend updating regularly for new features and bug fixes: https://supabase.com/docs/guides/cli/getting-started#updating-the-supabase-cli
up sets/8055/a58_noun3_evan_64e1ff30.m4a
{"uploaded":[{"from":"/Users/kristiansurhanak/Projects/and-again-content/runs/a58_20261006/audio/8055/a58_phrase1_evan_0855bbf6.m4a","to":"/audio/sets/8055/a58_phrase1_evan_0855bbf6.m4a"}],"downloaded":[],"message":""}
A new version of Supabase CLI is available: v2.118.0 (currently installed v2.116.0)
We recommend updating regularly for new features and bug fixes: https://supabase.com/docs/guides/cli/getting-started#updating-the-supabase-cli
up sets/8055/a58_phrase1_evan_0855bbf6.m4a
{"uploaded":[{"from":"/Users/kristiansurhanak/Projects/and-again-content/runs/a58_20261006/audio/8055/a58_phrase2_evan_9fcc647f.m4a","to":"/audio/sets/8055/a58_phrase2_evan_9fcc647f.m4a"}],"downloaded":[],"message":""}
A new version of Supabase CLI is available: v2.118.0 (currently installed v2.116.0)
We recommend updating regularly for new features and bug fixes: https://supabase.com/docs/guides/cli/getting-started#updating-the-supabase-cli
up sets/8055/a58_phrase2_evan_9fcc647f.m4a
{"uploaded":[{"from":"/Users/kristiansurhanak/Projects/and-again-content/runs/a58_20261006/audio/8055/a58_phrase3_evan_52400fb1.m4a","to":"/audio/sets/8055/a58_phrase3_evan_52400fb1.m4a"}],"downloaded":[],"message":""}
A new version of Supabase CLI is available: v2.118.0 (currently installed v2.116.0)
We recommend updating regularly for new features and bug fixes: https://supabase.com/docs/guides/cli/getting-started#updating-the-supabase-cli
up sets/8055/a58_phrase3_evan_52400fb1.m4a
{"uploaded":[{"from":"/Users/kristiansurhanak/Projects/and-again-content/runs/a58_20261006/audio/8055/a58_story1_evan_05cc892c.m4a","to":"/audio/sets/8055/a58_story1_evan_05cc892c.m4a"}],"downloaded":[],"message":""}
A new version of Supabase CLI is available: v2.118.0 (currently installed v2.116.0)
We recommend updating regularly for new features and bug fixes: https://supabase.com/docs/guides/cli/getting-started#updating-the-supabase-cli
up sets/8055/a58_story1_evan_05cc892c.m4a
{"uploaded":[{"from":"/Users/kristiansurhanak/Projects/and-again-content/runs/a58_20261006/audio/8055/a58_story2_evan_27a00449.m4a","to":"/audio/sets/8055/a58_story2_evan_27a00449.m4a"}],"downloaded":[],"message":""}
A new version of Supabase CLI is available: v2.118.0 (currently installed v2.116.0)
We recommend updating regularly for new features and bug fixes: https://supabase.com/docs/guides/cli/getting-started#updating-the-supabase-cli
up sets/8055/a58_story2_evan_27a00449.m4a
{"uploaded":[{"from":"/Users/kristiansurhanak/Projects/and-again-content/runs/a58_20261006/audio/8055/a58_story3_evan_d0e60573.m4a","to":"/audio/sets/8055/a58_story3_evan_d0e60573.m4a"}],"downloaded":[],"message":""}
A new version of Supabase CLI is available: v2.118.0 (currently installed v2.116.0)
We recommend updating regularly for new features and bug fixes: https://supabase.com/docs/guides/cli/getting-started#updating-the-supabase-cli
up sets/8055/a58_story3_evan_d0e60573.m4a
{"uploaded":[{"from":"/Users/kristiansurhanak/Projects/and-again-content/runs/a58_20261006/audio/8056/a58_caption1_nathan_d44cddae.m4a","to":"/audio/sets/8056/a58_caption1_nathan_d44cddae.m4a"}],"downloaded":[],"message":""}
A new version of Supabase CLI is available: v2.118.0 (currently installed v2.116.0)
We recommend updating regularly for new features and bug fixes: https://supabase.com/docs/guides/cli/getting-started#updating-the-supabase-cli
up sets/8056/a58_caption1_nathan_d44cddae.m4a
{"uploaded":[{"from":"/Users/kristiansurhanak/Projects/and-again-content/runs/a58_20261006/audio/8056/a58_caption2_nathan_3803e0cf.m4a","to":"/audio/sets/8056/a58_caption2_nathan_3803e0cf.m4a"}],"downloaded":[],"message":""}
A new version of Supabase CLI is available: v2.118.0 (currently installed v2.116.0)
We recommend updating regularly for new features and bug fixes: https://supabase.com/docs/guides/cli/getting-started#updating-the-supabase-cli
up sets/8056/a58_caption2_nathan_3803e0cf.m4a
{"uploaded":[{"from":"/Users/kristiansurhanak/Projects/and-again-content/runs/a58_20261006/audio/8056/a58_caption3_nathan_15e2e22e.m4a","to":"/audio/sets/8056/a58_caption3_nathan_15e2e22e.m4a"}],"downloaded":[],"message":""}
A new version of Supabase CLI is available: v2.118.0 (currently installed v2.116.0)
We recommend updating regularly for new features and bug fixes: https://supabase.com/docs/guides/cli/getting-started#updating-the-supabase-cli
up sets/8056/a58_caption3_nathan_15e2e22e.m4a
{"uploaded":[{"from":"/Users/kristiansurhanak/Projects/and-again-content/runs/a58_20261006/audio/8056/a58_noun1_nathan_4a52eae3.m4a","to":"/audio/sets/8056/a58_noun1_nathan_4a52eae3.m4a"}],"downloaded":[],"message":""}
A new version of Supabase CLI is available: v2.118.0 (currently installed v2.116.0)
We recommend updating regularly for new features and bug fixes: https://supabase.com/docs/guides/cli/getting-started#updating-the-supabase-cli
up sets/8056/a58_noun1_nathan_4a52eae3.m4a
{"uploaded":[{"from":"/Users/kristiansurhanak/Projects/and-again-content/runs/a58_20261006/audio/8056/a58_noun2_nathan_a4b1d612.m4a","to":"/audio/sets/8056/a58_noun2_nathan_a4b1d612.m4a"}],"downloaded":[],"message":""}
A new version of Supabase CLI is available: v2.118.0 (currently installed v2.116.0)
We recommend updating regularly for new features and bug fixes: https://supabase.com/docs/guides/cli/getting-started#updating-the-supabase-cli
up sets/8056/a58_noun2_nathan_a4b1d612.m4a
{"uploaded":[{"from":"/Users/kristiansurhanak/Projects/and-again-content/runs/a58_20261006/audio/8056/a58_noun3_nathan_5a724651.m4a","to":"/audio/sets/8056/a58_noun3_nathan_5a724651.m4a"}],"downloaded":[],"message":""}
A new version of Supabase CLI is available: v2.118.0 (currently installed v2.116.0)
We recommend updating regularly for new features and bug fixes: https://supabase.com/docs/guides/cli/getting-started#updating-the-supabase-cli
up sets/8056/a58_noun3_nathan_5a724651.m4a
{"uploaded":[{"from":"/Users/kristiansurhanak/Projects/and-again-content/runs/a58_20261006/audio/8056/a58_phrase1_nathan_ad596bf9.m4a","to":"/audio/sets/8056/a58_phrase1_nathan_ad596bf9.m4a"}],"downloaded":[],"message":""}
A new version of Supabase CLI is available: v2.118.0 (currently installed v2.116.0)
We recommend updating regularly for new features and bug fixes: https://supabase.com/docs/guides/cli/getting-started#updating-the-supabase-cli
up sets/8056/a58_phrase1_nathan_ad596bf9.m4a
{"uploaded":[{"from":"/Users/kristiansurhanak/Projects/and-again-content/runs/a58_20261006/audio/8056/a58_phrase2_nathan_15ed1d8b.m4a","to":"/audio/sets/8056/a58_phrase2_nathan_15ed1d8b.m4a"}],"downloaded":[],"message":""}
A new version of Supabase CLI is available: v2.118.0 (currently installed v2.116.0)
We recommend updating regularly for new features and bug fixes: https://supabase.com/docs/guides/cli/getting-started#updating-the-supabase-cli
up sets/8056/a58_phrase2_nathan_15ed1d8b.m4a
{"uploaded":[{"from":"/Users/kristiansurhanak/Projects/and-again-content/runs/a58_20261006/audio/8056/a58_phrase3_nathan_e60538c0.m4a","to":"/audio/sets/8056/a58_phrase3_nathan_e60538c0.m4a"}],"downloaded":[],"message":""}
A new version of Supabase CLI is available: v2.118.0 (currently installed v2.116.0)
We recommend updating regularly for new features and bug fixes: https://supabase.com/docs/guides/cli/getting-started#updating-the-supabase-cli
up sets/8056/a58_phrase3_nathan_e60538c0.m4a
{"uploaded":[{"from":"/Users/kristiansurhanak/Projects/and-again-content/runs/a58_20261006/audio/8056/a58_story1_nathan_f37b3ffc.m4a","to":"/audio/sets/8056/a58_story1_nathan_f37b3ffc.m4a"}],"downloaded":[],"message":""}
A new version of Supabase CLI is available: v2.118.0 (currently installed v2.116.0)
We recommend updating regularly for new features and bug fixes: https://supabase.com/docs/guides/cli/getting-started#updating-the-supabase-cli
up sets/8056/a58_story1_nathan_f37b3ffc.m4a
{"uploaded":[{"from":"/Users/kristiansurhanak/Projects/and-again-content/runs/a58_20261006/audio/8056/a58_story2_nathan_0c6d8111.m4a","to":"/audio/sets/8056/a58_story2_nathan_0c6d8111.m4a"}],"downloaded":[],"message":""}
A new version of Supabase CLI is available: v2.118.0 (currently installed v2.116.0)
We recommend updating regularly for new features and bug fixes: https://supabase.com/docs/guides/cli/getting-started#updating-the-supabase-cli
up sets/8056/a58_story2_nathan_0c6d8111.m4a
{"uploaded":[{"from":"/Users/kristiansurhanak/Projects/and-again-content/runs/a58_20261006/audio/8056/a58_story3_nathan_ab6cd425.m4a","to":"/audio/sets/8056/a58_story3_nathan_ab6cd425.m4a"}],"downloaded":[],"message":""}
A new version of Supabase CLI is available: v2.118.0 (currently installed v2.116.0)
We recommend updating regularly for new features and bug fixes: https://supabase.com/docs/guides/cli/getting-started#updating-the-supabase-cli
up sets/8056/a58_story3_nathan_ab6cd425.m4a
