there audio/sets/236/a64_story2_ava_74156aa2.m4a
there audio/sets/236/a64_story3_ava_d61f932c.m4a
there audio/sets/62/a64_noun2_evan_6d88909b.m4a
there audio/sets/62/a64_phrase2_evan_96ca03f2.m4a
there audio/sets/62/a64_story1_evan_0df8b9e2.m4a
there audio/sets/62/a64_story2_evan_8646e8bb.m4a
there audio/sets/62/a64_story3_evan_f0562d1e.m4a
there audio/sets/7071/a64_story1_nathan_f457c5fc.m4a
there audio/sets/7071/a64_story2_nathan_e4590414.m4a
there audio/sets/7071/a64_story3_nathan_dafd78db.m4a
there audio/sets/8039/a64_story1_ava_e2fe66b6.m4a
there audio/sets/8039/a64_story2_ava_a46b09ae.m4a
there audio/sets/8039/a64_story3_ava_bea5118a.m4a
there audio/sets/8055/a64_row2_evan_3d6bea72.m4a
there audio/sets/8055/a64_story1_evan_445d04cd.m4a
there audio/sets/8055/a64_story2_evan_0d1623b5.m4a
there audio/sets/8055/a64_story3_evan_ac45c353.m4a
{"_tag":"Error","error":{"code":"LegacyStorageGatewayNetworkError","message":"failed to execute http request: HttpClientError: Transport error (POST https://abyrutykpvmzkfbesire.supabase.co/storage/v1/object/audio/sets/8056/a64_row2_nathan_153e64ee.m4a)"}}
{"_tag":"Error","error":{"code":"LegacyStorageGatewayNetworkError","message":"failed to execute http request: HttpClientError: Transport error (POST https://abyrutykpvmzkfbesire.supabase.co/storage/v1/object/audio/sets/8056/a64_row2_nathan_153e64ee.m4a)"}}
{"_tag":"Error","error":{"code":"LegacyStorageGatewayNetworkError","message":"failed to execute http request: HttpClientError: Transport error (POST https://abyrutykpvmzkfbesire.supabase.co/storage/v1/object/audio/sets/8056/a64_row2_nathan_153e64ee.m4a)"}}
{"_tag":"Error","error":{"code":"LegacyStorageGatewayNetworkError","message":"failed to execute http request: HttpClientError: Transport error (POST https://abyrutykpvmzkfbesire.supabase.co/storage/v1/object/audio/sets/8056/a64_row2_nathan_153e64ee.m4a)"}}
{"uploaded":[{"from":"/Users/kristiansurhanak/Projects/and-again-content/runs/a64_20261007/audio/8056/a64_row2_nathan_153e64ee.m4a","to":"/audio/sets/8056/a64_row2_nathan_153e64ee.m4a"}],"downloaded":[],"message":""}
A new version of Supabase CLI is available: v2.118.0 (currently installed v2.116.0)
We recommend updating regularly for new features and bug fixes: https://supabase.com/docs/guides/cli/getting-started#updating-the-supabase-cli
up audio/sets/8056/a64_row2_nathan_153e64ee.m4a
there audio/sets/8056/a64_story1_nathan_11205cb4.m4a
there audio/sets/8056/a64_story2_nathan_e252d631.m4a
there audio/sets/8056/a64_story3_nathan_7069bac6.m4a
there audio/sets/900001/a64_story1_zoe_c4417d6c.m4a
there audio/sets/900001/a64_story2_zoe_9fa3c534.m4a
there audio/sets/900001/a64_story3_zoe_7f83c0f9.m4a
there audio/sets/900002/a64_noun3_nathan_04b328c8.m4a
there audio/sets/900002/a64_phrase3_nathan_90640ccb.m4a
there audio/sets/900002/a64_row2_nathan_47cb43dc.m4a
there audio/sets/900002/a64_row3_nathan_2f6e91fc.m4a
there audio/sets/900002/a64_story1_nathan_6d5aecf3.m4a
there audio/sets/900002/a64_story2_nathan_2db408b3.m4a
there audio/sets/900002/a64_story3_nathan_81ce35bd.m4a
