{"uploaded":[{"from":"/Users/kristiansurhanak/Projects/and-again-content/runs/a67_20261008/pics/new/classical_a67_car1_0e003808.webp","to":"/Thumbnails/lab/a67/classical_a67_car1_0e003808.webp"}],"downloaded":[],"message":""}
A new version of Supabase CLI is available: v2.118.0 (currently installed v2.116.0)
We recommend updating regularly for new features and bug fixes: https://supabase.com/docs/guides/cli/getting-started#updating-the-supabase-cli
up Thumbnails/lab/a67/classical_a67_car1_0e003808.webp
{"uploaded":[{"from":"/Users/kristiansurhanak/Projects/and-again-content/runs/a67_20261008/pics/new/classical_a67_car2_fbe71477.webp","to":"/Thumbnails/lab/a67/classical_a67_car2_fbe71477.webp"}],"downloaded":[],"message":""}
A new version of Supabase CLI is available: v2.118.0 (currently installed v2.116.0)
We recommend updating regularly for new features and bug fixes: https://supabase.com/docs/guides/cli/getting-started#updating-the-supabase-cli
up Thumbnails/lab/a67/classical_a67_car2_fbe71477.webp
{"uploaded":[{"from":"/Users/kristiansurhanak/Projects/and-again-content/runs/a67_20261008/pics/new/classical_a67_car3_54b8f7e4.webp","to":"/Thumbnails/lab/a67/classical_a67_car3_54b8f7e4.webp"}],"downloaded":[],"message":""}
A new version of Supabase CLI is available: v2.118.0 (currently installed v2.116.0)
We recommend updating regularly for new features and bug fixes: https://supabase.com/docs/guides/cli/getting-started#updating-the-supabase-cli
up Thumbnails/lab/a67/classical_a67_car3_54b8f7e4.webp
{"uploaded":[{"from":"/Users/kristiansurhanak/Projects/and-again-content/runs/a67_20261008/pics/new/classical_a67_pic_91143c6c.webp","to":"/Thumbnails/lab/a67/classical_a67_pic_91143c6c.webp"}],"downloaded":[],"message":""}
A new version of Supabase CLI is available: v2.118.0 (currently installed v2.116.0)
We recommend updating regularly for new features and bug fixes: https://supabase.com/docs/guides/cli/getting-started#updating-the-supabase-cli
up Thumbnails/lab/a67/classical_a67_pic_91143c6c.webp
{"uploaded":[{"from":"/Users/kristiansurhanak/Projects/and-again-content/runs/a67_20261008/pics/new/select_a67_car1_41f19b6d.webp","to":"/Thumbnails/lab/a67/select_a67_car1_41f19b6d.webp"}],"downloaded":[],"message":""}
A new version of Supabase CLI is available: v2.118.0 (currently installed v2.116.0)
We recommend updating regularly for new features and bug fixes: https://supabase.com/docs/guides/cli/getting-started#updating-the-supabase-cli
up Thumbnails/lab/a67/select_a67_car1_41f19b6d.webp
{"uploaded":[{"from":"/Users/kristiansurhanak/Projects/and-again-content/runs/a67_20261008/pics/new/select_a67_car2_f7e20de7.webp","to":"/Thumbnails/lab/a67/select_a67_car2_f7e20de7.webp"}],"downloaded":[],"message":""}
A new version of Supabase CLI is available: v2.118.0 (currently installed v2.116.0)
We recommend updating regularly for new features and bug fixes: https://supabase.com/docs/guides/cli/getting-started#updating-the-supabase-cli
up Thumbnails/lab/a67/select_a67_car2_f7e20de7.webp
{"uploaded":[{"from":"/Users/kristiansurhanak/Projects/and-again-content/runs/a67_20261008/pics/new/select_a67_car3_ddfa2dea.webp","to":"/Thumbnails/lab/a67/select_a67_car3_ddfa2dea.webp"}],"downloaded":[],"message":""}
A new version of Supabase CLI is available: v2.118.0 (currently installed v2.116.0)
We recommend updating regularly for new features and bug fixes: https://supabase.com/docs/guides/cli/getting-started#updating-the-supabase-cli
up Thumbnails/lab/a67/select_a67_car3_ddfa2dea.webp
{"uploaded":[{"from":"/Users/kristiansurhanak/Projects/and-again-content/runs/a67_20261008/pics/new/select_a67_pic_d53a383d.webp","to":"/Thumbnails/lab/a67/select_a67_pic_d53a383d.webp"}],"downloaded":[],"message":""}
A new version of Supabase CLI is available: v2.118.0 (currently installed v2.116.0)
We recommend updating regularly for new features and bug fixes: https://supabase.com/docs/guides/cli/getting-started#updating-the-supabase-cli
up Thumbnails/lab/a67/select_a67_pic_d53a383d.webp
