== Phase 1M DEV regression — LOCKTIP+F8+F9 (TIP-as-rejection on) / P-FROZEN (F8 f8, F9 on, TIP-as-rejection on), 0 new calls
[DEV] L2 lock firings under BASE: 65   L3-eligible under LOCKTIP: 318
[DEV] coverage 182/189 = 96.30% [92.52, 98.50]
[DEV] FA       12/301 = 3.99% [2.08, 6.86]
[DEV] FA T     0/54 = 0.00% [0.00, 6.60]
[DEV] Phase 1L expected {"coverage": "182/189", "fa": "12/301"}   observed {"coverage": "182/189", "fa": "12/301", "fa_T": "0/54"}   -> MATCH
[REPLAY1J] L2 lock firings under BASE: 93   L3-eligible under LOCKTIP: 336
[REPLAY1J] coverage 178/196 = 90.82% [85.87, 94.47]
[REPLAY1J] FA       15/294 = 5.10% [2.88, 8.28]
[REPLAY1J] FA T     2/59 = 3.39% [0.41, 11.71]
[REPLAY1J] Phase 1L expected {"coverage": "178/196", "fa": "15/294", "fa_T": "2/59"}   observed {"coverage": "178/196", "fa": "15/294", "fa_T": "2/59"}   -> MATCH
[FRESH1L] L2 lock firings under BASE: 150   L3-eligible under LOCKTIP: 460
[FRESH1L] coverage 191/217 = 88.02% [82.94, 92.02]
[FRESH1L] FA       15/383 = 3.92% [2.21, 6.38]
[FRESH1L] FA T     3/130 = 2.31% [0.48, 6.60]
== PHASE 1L REPRODUCED: True (valid only with --f8 f8 --f9 on --tip reject)
-- written phase1m/dev_regression_1m.json (0 new model calls)
== Phase 1M DEV regression — LOCKTIP+F8+F9 (TIP-as-rejection on) / P-FROZEN (F8 f8, F9 on, TIP-as-rejection on), 0 new calls
[DEV] L2 lock firings under BASE: 65   L3-eligible under LOCKTIP: 318
[DEV] coverage 182/189 = 96.30% [92.52, 98.50]
[DEV] FA       12/301 = 3.99% [2.08, 6.86]
[DEV] FA T     0/54 = 0.00% [0.00, 6.60]
[DEV] Phase 1L expected {"coverage": "182/189", "fa": "12/301"}   observed {"coverage": "182/189", "fa": "12/301", "fa_T": "0/54"}   -> MATCH
[REPLAY1J] L2 lock firings under BASE: 93   L3-eligible under LOCKTIP: 336
[REPLAY1J] coverage 178/196 = 90.82% [85.87, 94.47]
[REPLAY1J] FA       15/294 = 5.10% [2.88, 8.28]
[REPLAY1J] FA T     2/59 = 3.39% [0.41, 11.71]
[REPLAY1J] Phase 1L expected {"coverage": "178/196", "fa": "15/294", "fa_T": "2/59"}   observed {"coverage": "178/196", "fa": "15/294", "fa_T": "2/59"}   -> MATCH
[FRESH1L] L2 lock firings under BASE: 150   L3-eligible under LOCKTIP: 460
[FRESH1L] coverage 191/217 = 88.02% [82.94, 92.02]
[FRESH1L] FA       15/383 = 3.92% [2.21, 6.38]
[FRESH1L] FA T     3/130 = 2.31% [0.48, 6.60]
== PHASE 1L REPRODUCED: True (valid only with --f8 f8 --f9 on --tip reject)
-- written phase1m/dev_regression_1m.json (0 new model calls)
== TIP setting: reject
== Phase 1M DEV regression — LOCKTIP+F8V2 (TIP-as-rejection on) / P-FROZEN (F8 f8v2, F9 off, TIP-as-rejection on), 0 new calls
[DEV] L2 lock firings under BASE: 65   L3-eligible under LOCKTIP: 318
[DEV] coverage 182/189 = 96.30% [92.52, 98.50]
[DEV] FA       11/301 = 3.65% [1.84, 6.44]
[DEV] FA T     0/54 = 0.00% [0.00, 6.60]
[DEV] Phase 1L expected {"coverage": "182/189", "fa": "12/301"}   observed {"coverage": "182/189", "fa": "11/301", "fa_T": "0/54"}   -> MISMATCH
[REPLAY1J] L2 lock firings under BASE: 93   L3-eligible under LOCKTIP: 336
[REPLAY1J] coverage 182/196 = 92.86% [88.31, 96.04]
[REPLAY1J] FA       17/294 = 5.78% [3.40, 9.10]
[REPLAY1J] FA T     3/59 = 5.08% [1.06, 14.15]
[REPLAY1J] Phase 1L expected {"coverage": "178/196", "fa": "15/294", "fa_T": "2/59"}   observed {"coverage": "182/196", "fa": "17/294", "fa_T": "3/59"}   -> MISMATCH
[FRESH1L] L2 lock firings under BASE: 150   L3-eligible under LOCKTIP: 460
[FRESH1L] coverage 194/217 = 89.40% [84.52, 93.16]
[FRESH1L] FA       12/383 = 3.13% [1.63, 5.41]
[FRESH1L] FA T     3/130 = 2.31% [0.48, 6.60]
== PHASE 1L REPRODUCED: False (NOT the 1L configuration — the comparison is informational)
-- written phase1m/dev_regression_1m.json (0 new model calls)
== TIP setting: accept
== Phase 1M DEV regression — LOCKTIP+F8V2 (TIP-as-rejection off) / P-FROZEN (F8 f8v2, F9 off, TIP-as-rejection off), 0 new calls
[DEV] L2 lock firings under BASE: 65   L3-eligible under LOCKTIP: 318
[DEV] coverage 184/189 = 97.35% [93.93, 99.14]
[DEV] FA       28/301 = 9.30% [6.27, 13.16]
[DEV] FA T     1/54 = 1.85% [0.05, 9.89]
[DEV] Phase 1L expected {"coverage": "182/189", "fa": "12/301"}   observed {"coverage": "184/189", "fa": "28/301", "fa_T": "1/54"}   -> MISMATCH
[REPLAY1J] L2 lock firings under BASE: 93   L3-eligible under LOCKTIP: 336
[REPLAY1J] coverage 187/196 = 95.41% [91.46, 97.88]
[REPLAY1J] FA       35/294 = 11.90% [8.43, 16.17]
[REPLAY1J] FA T     5/59 = 8.47% [2.81, 18.68]
[REPLAY1J] Phase 1L expected {"coverage": "178/196", "fa": "15/294", "fa_T": "2/59"}   observed {"coverage": "187/196", "fa": "35/294", "fa_T": "5/59"}   -> MISMATCH
[FRESH1L] L2 lock firings under BASE: 150   L3-eligible under LOCKTIP: 460
[FRESH1L] coverage 203/217 = 93.55% [89.41, 96.43]
[FRESH1L] FA       30/383 = 7.83% [5.35, 10.99]
[FRESH1L] FA T     12/130 = 9.23% [4.86, 15.57]
== PHASE 1L REPRODUCED: False (NOT the 1L configuration — the comparison is informational)
-- written phase1m/dev_regression_1m.json (0 new model calls)
== Phase 1M DEV regression — LOCKTIP+F8+F9 (TIP-as-rejection on) / P-FROZEN (F8 f8, F9 on, TIP-as-rejection on), 0 new calls
[DEV] L2 lock firings under BASE: 65   L3-eligible under LOCKTIP: 318
[DEV] coverage 182/189 = 96.30% [92.52, 98.50]
[DEV] FA       12/301 = 3.99% [2.08, 6.86]
[DEV] FA T     0/54 = 0.00% [0.00, 6.60]
[DEV] Phase 1L expected {"coverage": "182/189", "fa": "12/301"}   observed {"coverage": "182/189", "fa": "12/301", "fa_T": "0/54"}   -> MATCH
[REPLAY1J] L2 lock firings under BASE: 93   L3-eligible under LOCKTIP: 336
[REPLAY1J] coverage 178/196 = 90.82% [85.87, 94.47]
[REPLAY1J] FA       15/294 = 5.10% [2.88, 8.28]
[REPLAY1J] FA T     2/59 = 3.39% [0.41, 11.71]
[REPLAY1J] Phase 1L expected {"coverage": "178/196", "fa": "15/294", "fa_T": "2/59"}   observed {"coverage": "178/196", "fa": "15/294", "fa_T": "2/59"}   -> MATCH
[FRESH1L] L2 lock firings under BASE: 150   L3-eligible under LOCKTIP: 460
[FRESH1L] coverage 191/217 = 88.02% [82.94, 92.02]
[FRESH1L] FA       15/383 = 3.92% [2.21, 6.38]
[FRESH1L] FA T     3/130 = 2.31% [0.48, 6.60]
== PHASE 1L REPRODUCED: True (valid only with --f8 f8 --f9 on --tip reject)
-- written phase1m/dev_regression_1m.json (0 new model calls)
== Phase 1M DRY RUN — LOCKTIP+F8V2 (TIP-as-rejection on) / P-FROZEN
[BUILD] 1260 items / 140 sentences   chk distribution {"correct/match": 110, "wrong/auto": 1150}
L2 lock firings under BASE: 249   L3-eligible under LOCKTIP: 1115
[PREFLIGHT FRESH1M] (reference numbers: DEV 65/318, 1j replay 310/336, 1L fresh side non-zero)
[DRY] unique requests 1115   reused 0   NEW 1115   already counted in phase1m 0   cap 1600
-- written phase1m/DRY_RUN.md
== Phase 1M DRY RUN — LOCKTIP+F8V2 (TIP-as-rejection on) / P-FROZEN
[BUILD] 1260 items / 140 sentences   chk distribution {"correct/match": 110, "wrong/auto": 1150}
L2 lock firings under BASE: 249   L3-eligible under LOCKTIP: 1115
[PREFLIGHT FRESH1M] (reference numbers: DEV 65/318, 1j replay 310/336, 1L fresh side non-zero)
[DRY] unique requests 1115   reused 0   NEW 1115   already counted in phase1m 0   cap 1600
-- written phase1m/DRY_RUN.md
== Phase 1M DEV regression — LOCKTIP+F8U (TIP-as-rejection on) / P-FROZEN (F8 f8u, F9 off, TIP-as-rejection on), 0 new calls
[DEV] L2 lock firings under BASE: 65   L3-eligible under LOCKTIP: 318
[DEV] coverage 182/189 = 96.30% [92.52, 98.50]
[DEV] FA       11/301 = 3.65% [1.84, 6.44]
[DEV] FA T     0/54 = 0.00% [0.00, 6.60]
[DEV] Phase 1L expected {"coverage": "182/189", "fa": "12/301"}   observed {"coverage": "182/189", "fa": "11/301", "fa_T": "0/54"}   -> MISMATCH
[REPLAY1J] L2 lock firings under BASE: 93   L3-eligible under LOCKTIP: 336
[REPLAY1J] coverage 181/196 = 92.35% [87.69, 95.65]
[REPLAY1J] FA       17/294 = 5.78% [3.40, 9.10]
[REPLAY1J] FA T     3/59 = 5.08% [1.06, 14.15]
[REPLAY1J] Phase 1L expected {"coverage": "178/196", "fa": "15/294", "fa_T": "2/59"}   observed {"coverage": "181/196", "fa": "17/294", "fa_T": "3/59"}   -> MISMATCH
[FRESH1L] L2 lock firings under BASE: 150   L3-eligible under LOCKTIP: 460
[FRESH1L] coverage 194/217 = 89.40% [84.52, 93.16]
[FRESH1L] FA       7/383 = 1.83% [0.74, 3.73]
[FRESH1L] FA T     3/130 = 2.31% [0.48, 6.60]
== PHASE 1L REPRODUCED: False (NOT the 1L configuration — the comparison is informational)
-- written phase1m/dev_regression_1m.json (0 new model calls)
== Phase 1M DEV regression — LOCKTIP+F8V2 (TIP-as-rejection on) / P-FROZEN (F8 f8v2, F9 off, TIP-as-rejection on), 0 new calls
[DEV] L2 lock firings under BASE: 65   L3-eligible under LOCKTIP: 318
[DEV] coverage 182/189 = 96.30% [92.52, 98.50]
[DEV] FA       11/301 = 3.65% [1.84, 6.44]
[DEV] FA T     0/54 = 0.00% [0.00, 6.60]
[DEV] Phase 1L expected {"coverage": "182/189", "fa": "12/301"}   observed {"coverage": "182/189", "fa": "11/301", "fa_T": "0/54"}   -> MISMATCH
[REPLAY1J] L2 lock firings under BASE: 93   L3-eligible under LOCKTIP: 336
[REPLAY1J] coverage 182/196 = 92.86% [88.31, 96.04]
[REPLAY1J] FA       17/294 = 5.78% [3.40, 9.10]
[REPLAY1J] FA T     3/59 = 5.08% [1.06, 14.15]
[REPLAY1J] Phase 1L expected {"coverage": "178/196", "fa": "15/294", "fa_T": "2/59"}   observed {"coverage": "182/196", "fa": "17/294", "fa_T": "3/59"}   -> MISMATCH
[FRESH1L] L2 lock firings under BASE: 150   L3-eligible under LOCKTIP: 460
[FRESH1L] coverage 194/217 = 89.40% [84.52, 93.16]
[FRESH1L] FA       12/383 = 3.13% [1.63, 5.41]
[FRESH1L] FA T     3/130 = 2.31% [0.48, 6.60]
== PHASE 1L REPRODUCED: False (NOT the 1L configuration — the comparison is informational)
-- written phase1m/dev_regression_1m.json (0 new model calls)
== Phase 1M DRY RUN — LOCKTIP+F8V2 (TIP-as-rejection on) / P-FROZEN
[BUILD] 1260 items / 140 sentences   chk distribution {"correct/match": 110, "wrong/auto": 1150}
L2 lock firings under BASE: 249   L3-eligible under LOCKTIP: 1115
[PREFLIGHT FRESH1M] (reference numbers: DEV 65/318, 1j replay 310/336, 1L fresh side non-zero)
[DRY] unique requests 1115   reused 0   NEW 1115   already counted in phase1m 0   cap 1600
-- written phase1m/DRY_RUN.md
