[BUILD synthetic] 6 items / 2 sentences   chk {"correct/match": 1, "wrong/auto": 5}   passive {"None": 6}   levers {"l1:answer_is_agentless_passive": 2, "l1:fired": 2, "l2:aspect": 6, "l2:definiteness": 6, "l2:number": 3, "l3:items_with_a_variant": 3, "l3:removed": 6, "l3:shown": 3}
[DRY-RUN] L2 0   L3-eligible 5
[BUILD fresh1n] 900 items / 100 sentences   chk {"correct/match": 33, "wrong/auto": 867}   passive {"None": 795, "agentless": 22, "by": 83}   levers {"l1:answer_is_agentless_passive": 35, "l1:fired": 35}
[DEV] BASELINE on the closed 1N side: coverage [350, 426]  FA [14, 474]  (1N headline: 350/426, 14/474); stored verdicts missing for 0 of 834 L3 requests
[DEV L1] detector fires on 35 items: 26 judged-correct, 9 judged-wrong (EXPOSURE). writer agentless tag 22, of which the detector sees 21 as an agentless passive
[DEV L1] PLAN: 35 rewritten records, 35 L3-eligible, NEW COUNTED CALLS 33 (dev used so far 0, dev cap 300)
[DEV L1] plan only — rerun with --go to spend the calls
[BUILD fresh1n] 900 items / 100 sentences   chk {"correct/match": 33, "wrong/auto": 867}   passive {"None": 795, "agentless": 22, "by": 83}   levers {"l2:aspect": 720, "l2:definiteness": 874, "l2:number": 81}
[DEV] BASELINE on the closed 1N side: coverage [350, 426]  FA [14, 474]  (1N headline: 350/426, 14/474); stored verdicts missing for 0 of 834 L3 requests
[DEV L2] PLAN: gain set 41 (L3 false rejections, non-agentless), FA set 55 (38 time-frame + 17 other), NEW COUNTED CALLS 96 (dev used 0, cap 300)
[DEV L2] items the lever adds no line to: 0 (their request is the 1N one, 0 calls)
[DEV L2] plan only — rerun with --go to spend the calls
[BUILD fresh1n] 900 items / 100 sentences   chk {"correct/match": 33, "wrong/auto": 867}   passive {"None": 795, "agentless": 22, "by": 83}   levers {"l3:items_with_a_variant": 891, "l3:removed": 63, "l3:shown": 1170}
[DEV] BASELINE on the closed 1N side: coverage [350, 426]  FA [14, 474]  (1N headline: 350/426, 14/474); stored verdicts missing for 0 of 834 L3 requests
[DEV L3] PLAN: gain set 41 (L3 false rejections, non-agentless), FA set 55 (38 time-frame + 17 other), NEW COUNTED CALLS 96 (dev used 0, cap 300)
[DEV L3] items the lever adds no line to: 0 (their request is the 1N one, 0 calls)
[DEV L3] plan only — rerun with --go to spend the calls
[BUILD synthetic] 6 items / 2 sentences   chk {"correct/match": 1, "wrong/auto": 5}   passive {"None": 6}   levers {"l1:answer_is_agentless_passive": 2, "l1:fired": 2, "l2:aspect": 6, "l2:definiteness": 6, "l2:number": 3, "l3:items_with_a_variant": 3, "l3:removed": 6, "l3:shown": 3}
[DRY-RUN] L2 0   L3-eligible 5
[DRY-RUN] {"n_items": 6, "unique_requests": 5, "l2": 0, "l3_eligible": 5}
[DRY-RUN] levers {"l1:answer_is_agentless_passive": 2, "l1:fired": 2, "l2:aspect": 6, "l2:definiteness": 6, "l2:number": 3, "l3:items_with_a_variant": 3, "l3:removed": 6, "l3:shown": 3}
[DRY-RUN] lever1 {"fired": 2, "gain": 0, "fa_cost": 0, "shadow_accept": 2}
[DRY-RUN] written selftest/dry_run_1p.json — 0 model calls
[BUILD fresh1n] 900 items / 100 sentences   chk {"correct/match": 33, "wrong/auto": 867}   passive {"None": 795, "agentless": 22, "by": 83}   levers {"l1:answer_is_agentless_passive": 35, "l1:fired": 35}
[DEV] BASELINE on the closed 1N side: coverage [350, 426]  FA [14, 474]  (1N headline: 350/426, 14/474); stored verdicts missing for 0 of 834 L3 requests
[DEV L1] detector fires on 35 items: 26 judged-correct, 9 judged-wrong (EXPOSURE). writer agentless tag 22, of which the detector sees 21 as an agentless passive
[DEV L1] PLAN: 35 rewritten records, 35 L3-eligible, NEW COUNTED CALLS 33 (dev used so far 0, dev cap 300)
[CALLS] http200 33 (empty replies 0)  transport-dead 0  skipped after the wall 0
[DEV L1] GAIN 5 / 26 judged-correct fired   FA COST 0 / 9 judged-wrong sampled
-- written /Users/kristiansurhanak/Projects/and-again-content/translation-offline/phase1p/dev/dev_lever1.json
[BUILD fresh1n] 900 items / 100 sentences   chk {"correct/match": 33, "wrong/auto": 867}   passive {"None": 795, "agentless": 22, "by": 83}   levers {"l2:aspect": 720, "l2:definiteness": 874, "l2:number": 81}
[DEV] BASELINE on the closed 1N side: coverage [350, 426]  FA [14, 474]  (1N headline: 350/426, 14/474); stored verdicts missing for 0 of 834 L3 requests
[DEV L2] PLAN: gain set 41 (L3 false rejections, non-agentless), FA set 55 (38 time-frame + 17 other), NEW COUNTED CALLS 96 (dev used 33, cap 300)
[DEV L2] items the lever adds no line to: 0 (their request is the 1N one, 0 calls)
[CALLS] http200 96 (empty replies 0)  transport-dead 0  skipped after the wall 0
[DEV L2] GAIN 12 / 41   FA COST 0 / 55 (time-frame 0)
-- written /Users/kristiansurhanak/Projects/and-again-content/translation-offline/phase1p/dev/dev_lever2.json
[BUILD fresh1n] 900 items / 100 sentences   chk {"correct/match": 33, "wrong/auto": 867}   passive {"None": 795, "agentless": 22, "by": 83}   levers {"l3:items_with_a_variant": 891, "l3:removed": 63, "l3:shown": 1170}
[DEV] BASELINE on the closed 1N side: coverage [350, 426]  FA [14, 474]  (1N headline: 350/426, 14/474); stored verdicts missing for 0 of 834 L3 requests
[DEV L3] PLAN: gain set 41 (L3 false rejections, non-agentless), FA set 55 (38 time-frame + 17 other), NEW COUNTED CALLS 96 (dev used 129, cap 300)
[DEV L3] items the lever adds no line to: 0 (their request is the 1N one, 0 calls)
[CALLS] http200 96 (empty replies 0)  transport-dead 0  skipped after the wall 0
[DEV L3] GAIN 11 / 41   FA COST 1 / 55 (time-frame 1)
-- written /Users/kristiansurhanak/Projects/and-again-content/translation-offline/phase1p/dev/dev_lever3.json
[BUILD synthetic] 6 items / 2 sentences   chk {"correct/match": 1, "wrong/auto": 5}   passive {"None": 6}   levers {"l1:answer_is_agentless_passive": 2, "l1:fired": 2, "l2:aspect": 6, "l2:definiteness": 6, "l2:number": 3, "l3:items_with_a_variant": 3, "l3:removed": 6, "l3:shown": 3}
[DRY-RUN] L2 0   L3-eligible 5
[DRY-RUN] {"n_items": 6, "unique_requests": 5, "l2": 0, "l3_eligible": 5}
[DRY-RUN] levers {"l1:answer_is_agentless_passive": 2, "l1:fired": 2, "l2:aspect": 6, "l2:definiteness": 6, "l2:number": 3, "l3:items_with_a_variant": 3, "l3:removed": 6, "l3:shown": 3}
[DRY-RUN] lever1 {"fired": 2, "gain": 0, "fa_cost": 0, "shadow_accept": 2}
[DRY-RUN] written selftest/dry_run_1p.json — 0 model calls
