07:53:40 SELFTEST rows 4064 sessions 41 prompt_sha 5fa910459c078539 prompt_chars 1066 cp(20,100) (20.0, 12.67, 29.18) cp(0,50) (0.0, 0.0, 7.11)
07:53:40 SELFTEST gate3-on-2C-data sample 250
07:53:40 GATE3 {"agv4": 10.0, "reader_nom": 3.85}
07:53:40 SELFTEST gate3 {"agv4": {"counts": {"ERROR": 25, "AGREE": 225}, "decided": 250, "ERROR_of_decided_pct": 10.0, "ci95": [6.58, 14.41], "bar_pct": 12.0, "verdict": "PASS"}, "reader_nom": {"counts": {"CONSERVATIVE": 94, "AGREE": 150, "ERROR": 6}, "decided": 156, "ERROR_of_decided_pct": 3.85, "ci95": [1.42, 8.18], "bar_pct": 12.0, "verdict": "PASS"}}
07:53:40 SELFTEST sha {"files_checked": 12, "match": true, "mismatches": {}}
07:53:40 SELFTEST OK
07:53:50 START rows 4064 sessions 41 PAR 2 cap 1400000 already_spent 0 prompt_sha 5fa910459c078539
07:55:11 DONE sk_0001_s02_lk exit 0 tok 44991 cum 44991 wall 80.7 rows 100 / 100
07:55:38 DONE sk_0001_s01_lk exit 0 tok 46980 cum 91971 wall 107.6 rows 100 / 100
07:57:10 DONE sk_0001_s04_lk exit 0 tok 46226 cum 138197 wall 91.6 rows 100 / 100
07:57:20 DONE sk_0001_s03_lk exit 0 tok 49097 cum 187294 wall 128.5 rows 100 / 100
07:58:36 DONE sk_0001_s05_lk exit 0 tok 45113 cum 232407 wall 86.1 rows 100 / 100
07:58:36 GIT-NOTE ['translation-offline/phase2d/out/sessions/sk_0001_s05_lk.json', 'translation-offline/phase2d/ledger_2d_lk.json'] Fehler: Pfadspezifikation 'translation-offline/phase2d/out/sessions/sk_0001_s05_lk.json' stimmt mit keinen Git bekannten Dateien überein
07:58:52 DONE sk_0001_s06_lk exit 0 tok 46092 cum 278499 wall 92.0 rows 100 / 100
07:58:52 GIT-NOTE ['translation-offline/phase2d/out/sessions/sk_0001_s06_lk.json', 'translation-offline/phase2d/ledger_2d_lk.json'] Fehler: Pfadspezifikation 'translation-offline/phase2d/out/sessions/sk_0001_s06_lk.json' stimmt mit keinen Git bekannten Dateien überein
08:00:10 DONE sk_0001_s07_lk exit 0 tok 45889 cum 324388 wall 93.8 rows 100 / 100
08:01:13 DONE sk_0001_s08_lk exit 0 tok 49868 cum 374256 wall 141.5 rows 100 / 100
08:02:00 DONE sk_0001_s09_lk exit 0 tok 46843 cum 421099 wall 110.1 rows 100 / 100
08:03:51 DONE sk_0002_s01_lk exit 0 tok 47372 cum 468471 wall 111.3 rows 100 / 100
08:04:24 DONE sk_0001_s10_lk exit 0 tok 54607 cum 523078 wall 190.1 rows 100 / 100
08:04:34 DONE sk_0002_s02_lk exit 0 tok 41042 cum 564120 wall 42.7 rows 100 / 100
08:06:09 DONE sk_0002_s03_lk exit 0 tok 46390 cum 610510 wall 105.1 rows 100 / 100
08:07:16 DONE sk_0002_s04_lk exit 0 tok 52180 cum 662690 wall 162.1 rows 100 / 100
08:07:52 DONE sk_0002_s05_lk exit 0 tok 46986 cum 709676 wall 103.6 rows 100 / 100
08:09:04 DONE sk_0002_s06_lk exit 0 tok 47213 cum 756889 wall 107.6 rows 100 / 100
08:09:31 DONE sk_0002_s07_lk exit 0 tok 46876 cum 803765 wall 98.3 rows 100 / 100
08:10:56 DONE sk_0002_s09_lk exit 0 tok 45669 cum 849434 wall 85.4 rows 100 / 100
08:11:14 DONE sk_0002_s08_lk exit 0 tok 48844 cum 898278 wall 130.3 rows 100 / 100
08:12:18 DONE sk_0002_s10_lk exit 0 tok 45120 cum 943398 wall 81.7 rows 100 / 100
08:12:38 DONE sk_0003_s01_lk exit 0 tok 45444 cum 988842 wall 83.9 rows 100 / 100
08:13:07 DONE sk_0003_s02_lk exit 0 tok 41859 cum 1030701 wall 48.9 rows 100 / 100
08:14:24 DONE sk_0003_s03_lk exit 0 tok 47093 cum 1077794 wall 105.8 rows 100 / 100
08:15:02 DONE sk_0003_s04_lk exit 0 tok 47558 cum 1125352 wall 114.6 rows 100 / 100
08:16:07 DONE sk_0003_s05_lk exit 0 tok 47530 cum 1172882 wall 102.6 rows 100 / 100
08:16:27 DONE sk_0003_s06_lk exit 0 tok 45277 cum 1218159 wall 85.4 rows 100 / 100
08:17:56 DONE sk_0003_s07_lk exit 0 tok 47285 cum 1265444 wall 109.0 rows 100 / 100
08:18:02 DONE sk_0003_s08_lk exit 0 tok 46658 cum 1312102 wall 94.3 rows 100 / 100
08:18:02 HARD-STOP token cap: 1312102 spent + 2 x 46861 > 1400000
08:18:02 STOP-SKIP sk_0004_s01_lk
08:18:02 STOP-SKIP sk_0004_s02_lk
08:18:02 STOP-SKIP sk_0004_s03_lk
08:18:02 STOP-SKIP sk_0004_s04_lk
08:18:02 STOP-SKIP sk_0004_s05_lk
08:18:02 STOP-SKIP sk_0004_s06_lk
08:18:02 STOP-SKIP sk_0004_s07_lk
08:18:02 STOP-SKIP sk_0004_s08_lk
08:18:02 STOP-SKIP sk_0004_s09_lk
08:18:02 STOP-SKIP sk_0004_s10_lk
08:18:02 STOP-SKIP sk_0005_s01_lk
08:19:30 DONE sk_0003_s09_lk exit 0 tok 46467 cum 1358569 wall 94.3 rows 100 / 100
08:19:30 MERGE corrected 4064 final 4064 {'class_adjust': 745, 'class_exact': 1448, 'class_unusable': 707, 'no_model_row': 1164}
08:19:31 GATE3 {"agv4": 10.0, "reader_nom": 3.85}
08:19:31 END tokens 1358569 wall_s 1540.9
