2026-09-20 09:04:49 ADOPT-2C 13 finished Czech session files copied from phase2c (read only) into out/sessions -> cz_0001_s01_rw,cz_0001_s01_v,cz_0001_s02_rw,cz_0001_s02_v,cz_0001_s03_rw,cz_0001_s03_v,cz_0001_s04_rw,cz_0001_s04_v,cz_0001_s05_rw,cz_0001_s05_v,cz_0001_s06_rw,cz_0001_s06_v,cz_0001_s07_rw
2026-09-20 09:04:49 ALT index 1434 members 3764 surface 975 phrases 288 candidates
2026-09-20 09:04:49 START LIVE batches ['cz_0001', 'cz_0002', 'cz_0003', 'cz_0004', 'cz_0005'] rows 4064 cap 4900000 already_spent 0 par 2 prompt_sha {'v_cz': '4f9d486477084793', 'rw': 'a113461f4bdbd418'} lk_needs_dedicated_pass True adopted 13 only None
2026-09-20 09:04:49 PLAN {"batches": [{"batch": "cz_0001", "rows": 1000, "v_sessions": 10, "v_done": 6, "rw_done": 7, "v_left": 4}, {"batch": "cz_0002", "rows": 1000, "v_sessions": 10, "v_done": 0, "rw_done": 0, "v_left": 10}, {"batch": "cz_0003", "rows": 1000, "v_sessions": 10, "v_done": 0, "rw_done": 0, "v_left": 10}, {"batch": "cz_0004", "rows": 1000, "v_sessions": 10, "v_done": 0, "rw_done": 0, "v_left": 10}, {"batch": "cz_0005", "rows": 64, "v_sessions": 1, "v_done": 0, "rw_done": 0, "v_left": 1}], "rows_left_v": 3464, "v_sessions_left": 35, "adopted_sessions": 13, "cz_healthy_tok_per_sentence": 1379.0, "projected_tokens_v_rows": 4776856, "measured_2c_per_slot_tok_per_s": 239.3, "n_2c_sessions_measured": 82, "projected_wall_h_at_par_2": 2.77}
2026-09-20 09:04:49 BATCH cz_0001 cz 1000 rows, 20 sessions total, 13 already complete (0 tokens): cz_0001_s01_v,cz_0001_s01_rw,cz_0001_s02_v,cz_0001_s02_rw,cz_0001_s03_v,cz_0001_s03_rw,cz_0001_s04_v,cz_0001_s04_rw,cz_0001_s05_v,cz_0001_s05_rw,cz_0001_s06_v,cz_0001_s06_rw,cz_0001_s07_rw | 7 to run now, par 2
2026-09-20 09:04:49 SKIP-DONE cz_0001_s01_v already complete on disk, 0 tokens
2026-09-20 09:04:49 SKIP-DONE cz_0001_s01_rw already complete on disk, 0 tokens
2026-09-20 09:04:49 SKIP-DONE cz_0001_s02_v already complete on disk, 0 tokens
2026-09-20 09:04:49 SKIP-DONE cz_0001_s02_rw already complete on disk, 0 tokens
2026-09-20 09:04:49 SKIP-DONE cz_0001_s03_v already complete on disk, 0 tokens
2026-09-20 09:04:49 SKIP-DONE cz_0001_s03_rw already complete on disk, 0 tokens
2026-09-20 09:04:49 SKIP-DONE cz_0001_s04_v already complete on disk, 0 tokens
2026-09-20 09:04:49 SKIP-DONE cz_0001_s04_rw already complete on disk, 0 tokens
2026-09-20 09:04:49 SKIP-DONE cz_0001_s05_v already complete on disk, 0 tokens
2026-09-20 09:04:49 SKIP-DONE cz_0001_s05_rw already complete on disk, 0 tokens
2026-09-20 09:04:49 SKIP-DONE cz_0001_s06_v already complete on disk, 0 tokens
2026-09-20 09:04:49 SKIP-DONE cz_0001_s06_rw already complete on disk, 0 tokens
2026-09-20 09:04:49 SKIP-DONE cz_0001_s07_rw already complete on disk, 0 tokens
2026-09-20 09:05:49 THROUGHPUT rate 0.0 tok/s low_streak 0 cum_tok 0 inflight 2
2026-09-20 09:06:49 THROUGHPUT rate 0.0 tok/s low_streak 1 cum_tok 0 inflight 2
2026-09-20 09:07:49 THROUGHPUT rate 0.0 tok/s low_streak 2 cum_tok 0 inflight 2
2026-09-20 09:08:49 THROUGHPUT rate 0.0 tok/s low_streak 3 cum_tok 0 inflight 2
2026-09-20 09:09:49 THROUGHPUT rate 0.0 tok/s low_streak 4 cum_tok 0 inflight 2
2026-09-20 09:10:37 DONE cz_0001_s07_v v exit 0 tok 81602 cum 81602 wall 348.2 rows 0 / 100 missing None
2026-09-20 09:10:37 DEFECT session cz_0001_s07_v failed: unparsable/exit 0
2026-09-20 09:10:49 THROUGHPUT rate 340.0 tok/s low_streak 0 cum_tok 81602 inflight 2
2026-09-20 09:11:49 THROUGHPUT rate 340.0 tok/s low_streak 0 cum_tok 81602 inflight 2
2026-09-20 09:12:49 THROUGHPUT rate 340.0 tok/s low_streak 0 cum_tok 81602 inflight 2
2026-09-20 09:12:50 DONE cz_0001_s08_rw rw exit 0 tok 47922 cum 129524 wall 133.2 rows 48 / 48 missing {}
2026-09-20 09:13:49 THROUGHPUT rate 539.6 tok/s low_streak 0 cum_tok 129524 inflight 2
2026-09-20 09:14:49 THROUGHPUT rate 199.7 tok/s low_streak 0 cum_tok 129524 inflight 2
2026-09-20 09:14:58 DONE cz_0001_s09_v v exit 0 tok 60609 cum 190133 wall 127.4 rows 100 / 100 missing {}
2026-09-20 09:15:49 THROUGHPUT rate 452.2 tok/s low_streak 0 cum_tok 190133 inflight 2
2026-09-20 09:15:52 DONE cz_0001_s08_v v exit 0 tok 101800 cum 291933 wall 663.3 rows 100 / 100 missing {}
2026-09-20 09:16:43 RETRY cz_0001_s09_rw rw attempt 1 of 3 reason 429 sleep 67.3s counted:false
2026-09-20 09:16:49 THROUGHPUT rate 876.3 tok/s low_streak 0 cum_tok 291933 inflight 2
2026-09-20 09:17:49 THROUGHPUT rate 676.6 tok/s low_streak 0 cum_tok 291933 inflight 2
2026-09-20 09:18:49 THROUGHPUT rate 676.6 tok/s low_streak 0 cum_tok 291933 inflight 2
2026-09-20 09:19:17 DONE cz_0001_s09_rw rw exit 0 tok 43326 cum 380093 wall 86.9 rows 41 / 41 missing {}
2026-09-20 09:19:49 THROUGHPUT rate 791.4 tok/s low_streak 0 cum_tok 380093 inflight 2
2026-09-20 09:20:44 DONE cz_0001_s10_rw rw exit 0 tok 43323 cum 423416 wall 87.2 rows 43 / 43 missing {}
2026-09-20 09:20:49 THROUGHPUT rate 547.7 tok/s low_streak 0 cum_tok 423416 inflight 1
2026-09-20 09:21:49 THROUGHPUT rate 547.7 tok/s low_streak 0 cum_tok 423416 inflight 1
2026-09-20 09:22:30 DONE cz_0001_s10_v v exit 0 tok 85949 cum 509365 wall 397.9 rows 100 / 100 missing {}
2026-09-20 09:22:30 PARTIAL cz_0001 1 sessions still missing: ['cz_0001_s07_v'] ... no annotations written
2026-09-20 09:22:31 BATCH cz_0002 cz 1000 rows, 20 sessions total, 0 already complete (0 tokens): - | 20 to run now, par 2
2026-09-20 09:22:49 THROUGHPUT rate 905.8 tok/s low_streak 0 cum_tok 509365 inflight 2
2026-09-20 09:23:49 THROUGHPUT rate 538.5 tok/s low_streak 0 cum_tok 509365 inflight 2
2026-09-20 09:24:14 DONE cz_0002_s01_rw rw exit 0 tok 45225 cum 554590 wall 103.6 rows 46 / 46 missing {}
2026-09-20 09:24:49 THROUGHPUT rate 546.5 tok/s low_streak 0 cum_tok 554590 inflight 2
2026-09-20 09:25:49 THROUGHPUT rate 546.5 tok/s low_streak 0 cum_tok 554590 inflight 2
2026-09-20 09:26:49 THROUGHPUT rate 188.4 tok/s low_streak 0 cum_tok 554590 inflight 2
2026-09-20 09:27:49 THROUGHPUT rate 188.4 tok/s low_streak 0 cum_tok 554590 inflight 2
2026-09-20 09:28:49 THROUGHPUT rate 0.0 tok/s low_streak 1 cum_tok 554590 inflight 2
2026-09-20 09:29:20 DONE cz_0002_s01_v v exit 0 tok 87583 cum 642173 wall 409.9 rows 100 / 100 missing {}
2026-09-20 09:29:49 THROUGHPUT rate 364.9 tok/s low_streak 0 cum_tok 642173 inflight 2
2026-09-20 09:30:49 THROUGHPUT rate 364.9 tok/s low_streak 0 cum_tok 642173 inflight 2
2026-09-20 09:31:12 DONE cz_0002_s02_v v exit 0 tok 89048 cum 731221 wall 417.8 rows 100 / 100 missing {}
2026-09-20 09:31:36 DONE cz_0002_s02_rw rw exit 0 tok 48362 cum 779583 wall 135.9 rows 48 / 48 missing {}
2026-09-20 09:31:49 THROUGHPUT rate 937.3 tok/s low_streak 0 cum_tok 779583 inflight 2
2026-09-20 09:32:49 THROUGHPUT rate 937.3 tok/s low_streak 0 cum_tok 779583 inflight 2
2026-09-20 09:33:49 THROUGHPUT rate 572.5 tok/s low_streak 0 cum_tok 779583 inflight 2
2026-09-20 09:34:17 DONE cz_0002_s03_rw rw exit 0 tok 50388 cum 829971 wall 160.7 rows 49 / 49 missing {}
2026-09-20 09:34:49 THROUGHPUT rate 782.4 tok/s low_streak 0 cum_tok 829971 inflight 2
2026-09-20 09:35:49 THROUGHPUT rate 209.9 tok/s low_streak 0 cum_tok 829971 inflight 2
2026-09-20 09:36:24 DONE cz_0002_s03_v v exit 0 tok 79275 cum 909246 wall 312.2 rows 100 / 100 missing {}
2026-09-20 09:36:49 THROUGHPUT rate 540.2 tok/s low_streak 0 cum_tok 909246 inflight 2
2026-09-20 09:37:49 THROUGHPUT rate 540.2 tok/s low_streak 0 cum_tok 909246 inflight 2
2026-09-20 09:38:49 THROUGHPUT rate 330.3 tok/s low_streak 0 cum_tok 909246 inflight 2
2026-09-20 09:39:03 DONE cz_0002_s04_rw rw exit 0 tok 50248 cum 959494 wall 158.4 rows 50 / 50 missing {}
2026-09-20 09:39:49 THROUGHPUT rate 539.6 tok/s low_streak 0 cum_tok 959494 inflight 2
2026-09-20 09:40:49 THROUGHPUT rate 209.3 tok/s low_streak 0 cum_tok 959494 inflight 2
2026-09-20 09:41:20 RETRY cz_0002_s04_v v attempt 1 of 3 reason 429 sleep 84.9s counted:false
2026-09-20 09:41:49 THROUGHPUT rate 209.3 tok/s low_streak 0 cum_tok 959494 inflight 2
2026-09-20 09:42:49 THROUGHPUT rate 209.3 tok/s low_streak 0 cum_tok 959494 inflight 2
2026-09-20 09:43:49 THROUGHPUT rate 0.0 tok/s low_streak 1 cum_tok 959494 inflight 2
2026-09-20 09:44:49 THROUGHPUT rate 0.0 tok/s low_streak 2 cum_tok 959494 inflight 2
2026-09-20 09:45:12 DONE cz_0002_s05_v v exit 0 tok 83835 cum 1043329 wall 369.4 rows 100 / 100 missing {}
2026-09-20 09:45:49 THROUGHPUT rate 349.3 tok/s low_streak 0 cum_tok 1043329 inflight 2
2026-09-20 09:46:49 THROUGHPUT rate 349.3 tok/s low_streak 0 cum_tok 1043329 inflight 2
2026-09-20 09:47:49 DONE cz_0002_s05_rw rw exit 0 tok 46147 cum 1089476 wall 156.3 rows 40 / 40 missing {}
2026-09-20 09:47:49 THROUGHPUT rate 541.5 tok/s low_streak 0 cum_tok 1089476 inflight 2
2026-09-20 09:48:49 THROUGHPUT rate 541.5 tok/s low_streak 0 cum_tok 1089476 inflight 2
2026-09-20 09:49:49 THROUGHPUT rate 192.3 tok/s low_streak 0 cum_tok 1089476 inflight 2
2026-09-20 09:50:43 RETRY cz_0002_s04_v v attempt 2 of 3 reason 429 sleep 129.0s counted:false
2026-09-20 09:50:49 THROUGHPUT rate 192.2 tok/s low_streak 0 cum_tok 1089476 inflight 2
2026-09-20 09:51:49 THROUGHPUT rate 0.0 tok/s low_streak 1 cum_tok 1089476 inflight 2
2026-09-20 09:52:49 THROUGHPUT rate 0.0 tok/s low_streak 2 cum_tok 1089476 inflight 2
2026-09-20 09:53:49 THROUGHPUT rate 0.0 tok/s low_streak 3 cum_tok 1089476 inflight 2
2026-09-20 09:54:17 DONE cz_0002_s06_v v exit 0 tok 86483 cum 1175959 wall 388.5 rows 100 / 100 missing {}
2026-09-20 09:54:49 THROUGHPUT rate 360.3 tok/s low_streak 0 cum_tok 1175959 inflight 2
2026-09-20 09:55:49 THROUGHPUT rate 360.3 tok/s low_streak 0 cum_tok 1175959 inflight 2
2026-09-20 09:56:19 DONE cz_0002_s06_rw rw exit 0 tok 43765 cum 1219724 wall 121.9 rows 42 / 42 missing {}
2026-09-20 09:56:49 THROUGHPUT rate 542.6 tok/s low_streak 0 cum_tok 1219724 inflight 2
2026-09-20 09:57:49 THROUGHPUT rate 542.6 tok/s low_streak 0 cum_tok 1219724 inflight 2
2026-09-20 09:58:49 THROUGHPUT rate 182.3 tok/s low_streak 0 cum_tok 1219724 inflight 2
2026-09-20 09:59:49 THROUGHPUT rate 182.3 tok/s low_streak 0 cum_tok 1219724 inflight 2
2026-09-20 10:00:46 RETRY cz_0002_s04_v v attempt 3 of 3 reason 429 sleep 243.9s counted:false
2026-09-20 10:00:49 THROUGHPUT rate 0.0 tok/s low_streak 1 cum_tok 1219724 inflight 2
2026-09-20 10:01:49 THROUGHPUT rate 0.0 tok/s low_streak 2 cum_tok 1219724 inflight 2
2026-09-20 10:02:16 DONE cz_0002_s07_v v exit 0 tok 83667 cum 1303391 wall 357.0 rows 100 / 100 missing {}
2026-09-20 10:02:49 THROUGHPUT rate 348.6 tok/s low_streak 0 cum_tok 1303391 inflight 2
2026-09-20 10:03:49 THROUGHPUT rate 348.6 tok/s low_streak 0 cum_tok 1303391 inflight 2
2026-09-20 10:04:07 DONE cz_0002_s07_rw rw exit 0 tok 43210 cum 1346601 wall 111.1 rows 44 / 44 missing {}
2026-09-20 10:04:49 THROUGHPUT rate 528.6 tok/s low_streak 0 cum_tok 1346601 inflight 2
2026-09-20 10:05:49 THROUGHPUT rate 528.6 tok/s low_streak 0 cum_tok 1346601 inflight 2
2026-09-20 10:06:49 THROUGHPUT rate 180.0 tok/s low_streak 0 cum_tok 1346601 inflight 2
2026-09-20 10:07:49 THROUGHPUT rate 180.0 tok/s low_streak 0 cum_tok 1346601 inflight 2
2026-09-20 10:08:49 THROUGHPUT rate 0.0 tok/s low_streak 1 cum_tok 1346601 inflight 2
2026-09-20 10:09:49 THROUGHPUT rate 0.0 tok/s low_streak 2 cum_tok 1346601 inflight 2
2026-09-20 10:10:40 DONE cz_0002_s08_v v exit 0 tok 87441 cum 1434042 wall 392.9 rows 100 / 100 missing {}
2026-09-20 10:10:49 THROUGHPUT rate 364.3 tok/s low_streak 0 cum_tok 1434042 inflight 2
2026-09-20 10:11:49 THROUGHPUT rate 364.3 tok/s low_streak 0 cum_tok 1434042 inflight 2
2026-09-20 10:12:10 GIVEUP cz_0002_s04_v v retries_exhausted after 3 retries (429) tok 364431 wall 2272.5 - moving on, the run never hangs
2026-09-20 10:12:24 DONE cz_0002_s08_rw rw exit 0 tok 46643 cum 1845116 wall 104.0 rows 56 / 56 missing {}
2026-09-20 10:12:49 THROUGHPUT rate 2076.9 tok/s low_streak 0 cum_tok 1845116 inflight 2
2026-09-20 10:13:49 THROUGHPUT rate 2077.0 tok/s low_streak 0 cum_tok 1845116 inflight 2
2026-09-20 10:14:09 DONE cz_0002_s09_rw rw exit 0 tok 45346 cum 1890462 wall 104.1 rows 48 / 48 missing {}
2026-09-20 10:14:49 THROUGHPUT rate 1901.6 tok/s low_streak 0 cum_tok 1890462 inflight 2
2026-09-20 10:15:49 THROUGHPUT rate 1901.6 tok/s low_streak 0 cum_tok 1890462 inflight 2
2026-09-20 10:16:49 THROUGHPUT rate 188.9 tok/s low_streak 0 cum_tok 1890462 inflight 2
2026-09-20 10:17:49 THROUGHPUT rate 188.9 tok/s low_streak 0 cum_tok 1890462 inflight 2
2026-09-20 10:18:49 THROUGHPUT rate 0.0 tok/s low_streak 1 cum_tok 1890462 inflight 2
2026-09-20 10:19:10 DONE cz_0002_s09_v v exit 0 tok 87869 cum 1978331 wall 420.0 rows 100 / 100 missing {'person': 1, 'number': 1}
2026-09-20 10:19:49 THROUGHPUT rate 366.1 tok/s low_streak 0 cum_tok 1978331 inflight 2
2026-09-20 10:20:14 DONE cz_0002_s10_v v exit 0 tok 83925 cum 2062256 wall 365.2 rows 100 / 100 missing {}
2026-09-20 10:20:49 THROUGHPUT rate 715.8 tok/s low_streak 0 cum_tok 2062256 inflight 1
2026-09-20 10:21:05 DONE cz_0002_s10_rw rw exit 0 tok 46323 cum 2108579 wall 114.7 rows 45 / 45 missing {}
2026-09-20 10:21:05 PARTIAL cz_0002 1 sessions still missing: ['cz_0002_s04_v'] ... no annotations written
2026-09-20 10:21:05 BATCH cz_0003 cz 1000 rows, 20 sessions total, 0 already complete (0 tokens): - | 20 to run now, par 2
2026-09-20 10:21:49 THROUGHPUT rate 908.8 tok/s low_streak 0 cum_tok 2108579 inflight 2
2026-09-20 10:22:49 THROUGHPUT rate 908.8 tok/s low_streak 0 cum_tok 2108579 inflight 2
2026-09-20 10:23:49 THROUGHPUT rate 542.7 tok/s low_streak 0 cum_tok 2108579 inflight 2
2026-09-20 10:23:56 DONE cz_0003_s01_rw rw exit 0 tok 52841 cum 2161420 wall 170.6 rows 55 / 55 missing {}
2026-09-20 10:24:49 THROUGHPUT rate 413.2 tok/s low_streak 0 cum_tok 2161420 inflight 2
2026-09-20 10:25:49 THROUGHPUT rate 220.2 tok/s low_streak 0 cum_tok 2161420 inflight 2
2026-09-20 10:26:49 THROUGHPUT rate 220.1 tok/s low_streak 0 cum_tok 2161420 inflight 2
2026-09-20 10:27:27 DONE cz_0003_s01_v v exit 0 tok 85647 cum 2247067 wall 381.7 rows 100 / 100 missing {}
2026-09-20 10:27:49 THROUGHPUT rate 577.0 tok/s low_streak 0 cum_tok 2247067 inflight 2
2026-09-20 10:28:49 THROUGHPUT rate 356.8 tok/s low_streak 0 cum_tok 2247067 inflight 2
2026-09-20 10:29:22 DONE cz_0003_s02_rw rw exit 0 tok 45608 cum 2292675 wall 115.1 rows 41 / 41 missing {}
2026-09-20 10:29:49 THROUGHPUT rate 546.8 tok/s low_streak 0 cum_tok 2292675 inflight 2
2026-09-20 10:30:49 THROUGHPUT rate 546.9 tok/s low_streak 0 cum_tok 2292675 inflight 2
2026-09-20 10:30:55 DONE cz_0003_s02_v v exit 0 tok 88278 cum 2380953 wall 419.3 rows 100 / 100 missing {'perfective_present': 1}
2026-09-20 10:31:49 THROUGHPUT rate 557.8 tok/s low_streak 0 cum_tok 2380953 inflight 2
2026-09-20 10:32:49 THROUGHPUT rate 557.8 tok/s low_streak 0 cum_tok 2380953 inflight 2
2026-09-20 10:33:02 DONE cz_0003_s03_rw rw exit 0 tok 46873 cum 2427826 wall 126.8 rows 46 / 46 missing {}
2026-09-20 10:33:49 THROUGHPUT rate 563.1 tok/s low_streak 0 cum_tok 2427826 inflight 2
2026-09-20 10:34:49 THROUGHPUT rate 563.0 tok/s low_streak 0 cum_tok 2427826 inflight 2
2026-09-20 10:35:35 DONE cz_0003_s03_v v exit 0 tok 84068 cum 2511894 wall 372.8 rows 100 / 100 missing {'perfective_present': 1}
2026-09-20 10:35:49 THROUGHPUT rate 545.5 tok/s low_streak 0 cum_tok 2511894 inflight 2
2026-09-20 10:36:49 THROUGHPUT rate 545.5 tok/s low_streak 0 cum_tok 2511894 inflight 2
2026-09-20 10:37:40 DONE cz_0003_s04_rw rw exit 0 tok 47250 cum 2559144 wall 125.0 rows 44 / 44 missing {}
2026-09-20 10:37:49 THROUGHPUT rate 547.1 tok/s low_streak 0 cum_tok 2559144 inflight 2
2026-09-20 10:38:49 THROUGHPUT rate 547.1 tok/s low_streak 0 cum_tok 2559144 inflight 2
2026-09-20 10:39:50 THROUGHPUT rate 196.8 tok/s low_streak 0 cum_tok 2559144 inflight 2
2026-09-20 10:40:50 THROUGHPUT rate 196.8 tok/s low_streak 0 cum_tok 2559144 inflight 2
2026-09-20 10:41:49 THROUGHPUT rate 0.0 tok/s low_streak 1 cum_tok 2559144 inflight 2
2026-09-20 10:41:54 RETRY cz_0003_s04_v v attempt 1 of 3 reason 429 sleep 71.9s counted:false
2026-09-20 10:42:49 THROUGHPUT rate 0.0 tok/s low_streak 2 cum_tok 2559144 inflight 2
2026-09-20 10:43:40 DONE cz_0003_s05_v v exit 0 tok 83850 cum 2642994 wall 360.3 rows 100 / 100 missing {}
2026-09-20 10:43:49 THROUGHPUT rate 349.4 tok/s low_streak 0 cum_tok 2642994 inflight 2
2026-09-20 10:44:50 THROUGHPUT rate 349.4 tok/s low_streak 0 cum_tok 2642994 inflight 2
2026-09-20 10:45:35 DONE cz_0003_s05_rw rw exit 0 tok 45987 cum 2688981 wall 115.1 rows 43 / 43 missing {}
2026-09-20 10:45:50 THROUGHPUT rate 432.8 tok/s low_streak 0 cum_tok 2688981 inflight 2
2026-09-20 10:46:50 THROUGHPUT rate 540.9 tok/s low_streak 0 cum_tok 2688981 inflight 2
2026-09-20 10:47:50 THROUGHPUT rate 191.6 tok/s low_streak 0 cum_tok 2688981 inflight 2
2026-09-20 10:48:50 THROUGHPUT rate 191.6 tok/s low_streak 0 cum_tok 2688981 inflight 2
2026-09-20 10:49:50 THROUGHPUT rate 0.0 tok/s low_streak 1 cum_tok 2688981 inflight 2
2026-09-20 10:50:50 THROUGHPUT rate 0.0 tok/s low_streak 2 cum_tok 2688981 inflight 2
2026-09-20 10:51:03 RETRY cz_0003_s04_v v attempt 2 of 3 reason 429 sleep 143.6s counted:false
2026-09-20 10:51:50 THROUGHPUT rate 0.0 tok/s low_streak 3 cum_tok 2688981 inflight 2
2026-09-20 10:52:18 DONE cz_0003_s06_v v exit 0 tok 85685 cum 2774666 wall 403.0 rows 100 / 100 missing {}
2026-09-20 10:52:50 THROUGHPUT rate 357.0 tok/s low_streak 0 cum_tok 2774666 inflight 2
2026-09-20 10:53:50 THROUGHPUT rate 357.0 tok/s low_streak 0 cum_tok 2774666 inflight 2
2026-09-20 10:54:50 THROUGHPUT rate 357.0 tok/s low_streak 0 cum_tok 2774666 inflight 2
2026-09-20 10:54:53 DONE cz_0003_s06_rw rw exit 0 tok 46829 cum 2821495 wall 154.5 rows 48 / 48 missing {}
2026-09-20 10:55:50 THROUGHPUT rate 552.1 tok/s low_streak 0 cum_tok 2821495 inflight 2
2026-09-20 10:56:50 THROUGHPUT rate 195.1 tok/s low_streak 0 cum_tok 2821495 inflight 2
2026-09-20 10:57:50 THROUGHPUT rate 195.1 tok/s low_streak 0 cum_tok 2821495 inflight 2
2026-09-20 10:58:50 THROUGHPUT rate 195.1 tok/s low_streak 0 cum_tok 2821495 inflight 2
2026-09-20 10:59:50 THROUGHPUT rate 0.0 tok/s low_streak 1 cum_tok 2821495 inflight 2
2026-09-20 11:00:50 THROUGHPUT rate 0.0 tok/s low_streak 2 cum_tok 2821495 inflight 2
2026-09-20 11:01:50 THROUGHPUT rate 0.0 tok/s low_streak 3 cum_tok 2821495 inflight 2
2026-09-20 11:02:50 THROUGHPUT rate 0.0 tok/s low_streak 4 cum_tok 2821495 inflight 2
2026-09-20 11:03:50 THROUGHPUT rate 0.0 tok/s low_streak 5 cum_tok 2821495 inflight 2
2026-09-20 11:04:10 RETRY cz_0003_s07_v v attempt 1 of 3 reason 429 sleep 80.9s counted:false
2026-09-20 11:04:50 THROUGHPUT rate 0.0 tok/s low_streak 6 cum_tok 2821495 inflight 2
2026-09-20 11:05:43 RETRY cz_0003_s04_v v attempt 3 of 3 reason 429 sleep 242.5s counted:false
2026-09-20 11:05:50 THROUGHPUT rate 0.0 tok/s low_streak 7 cum_tok 2821495 inflight 2
2026-09-20 11:06:50 THROUGHPUT rate 0.0 tok/s low_streak 8 cum_tok 2821495 inflight 2
2026-09-20 11:07:50 THROUGHPUT rate 0.0 tok/s low_streak 9 cum_tok 2821495 inflight 2
2026-09-20 11:08:50 THROUGHPUT rate 0.0 tok/s low_streak 10 cum_tok 2821495 inflight 2
2026-09-20 11:09:50 THROUGHPUT rate 0.0 tok/s low_streak 11 cum_tok 2821495 inflight 2
2026-09-20 11:10:50 THROUGHPUT rate 0.0 tok/s low_streak 12 cum_tok 2821495 inflight 2
2026-09-20 11:11:50 THROUGHPUT rate 0.0 tok/s low_streak 13 cum_tok 2821495 inflight 2
2026-09-20 11:12:14 DONE cz_0003_s07_v v exit 0 tok 87674 cum 3001750 wall 403.1 rows 100 / 100 missing {}
2026-09-20 11:12:50 THROUGHPUT rate 751.0 tok/s low_streak 0 cum_tok 3001750 inflight 2
2026-09-20 11:13:50 THROUGHPUT rate 750.9 tok/s low_streak 0 cum_tok 3001750 inflight 2
2026-09-20 11:14:26 DONE cz_0003_s07_rw rw exit 0 tok 47812 cum 3049562 wall 131.5 rows 48 / 48 missing {}
2026-09-20 11:14:50 THROUGHPUT rate 950.1 tok/s low_streak 0 cum_tok 3049562 inflight 2
2026-09-20 11:15:50 THROUGHPUT rate 950.1 tok/s low_streak 0 cum_tok 3049562 inflight 2
2026-09-20 11:16:50 THROUGHPUT rate 199.2 tok/s low_streak 0 cum_tok 3049562 inflight 2
2026-09-20 11:17:01 GIVEUP cz_0003_s04_v v retries_exhausted after 3 retries (429) tok 279472 wall 2639.1 - moving on, the run never hangs
2026-09-20 11:17:50 THROUGHPUT rate 1363.5 tok/s low_streak 0 cum_tok 3329034 inflight 2
2026-09-20 11:18:50 THROUGHPUT rate 1164.3 tok/s low_streak 0 cum_tok 3329034 inflight 2
2026-09-20 11:19:02 DONE cz_0003_s08_rw rw exit 0 tok 46978 cum 3376012 wall 120.8 rows 47 / 47 missing {}
2026-09-20 11:19:50 THROUGHPUT rate 1360.0 tok/s low_streak 0 cum_tok 3376012 inflight 2
2026-09-20 11:20:08 DONE cz_0003_s08_v v exit 0 tok 82176 cum 3458188 wall 342.7 rows 100 / 100 missing {}
2026-09-20 11:20:50 THROUGHPUT rate 1702.4 tok/s low_streak 0 cum_tok 3458188 inflight 2
2026-09-20 11:21:50 THROUGHPUT rate 538.1 tok/s low_streak 0 cum_tok 3458188 inflight 2
2026-09-20 11:21:59 DONE cz_0003_s09_rw rw exit 0 tok 45807 cum 3503995 wall 110.4 rows 45 / 45 missing {}
2026-09-20 11:22:50 THROUGHPUT rate 728.9 tok/s low_streak 0 cum_tok 3503995 inflight 2
2026-09-20 11:23:50 THROUGHPUT rate 533.2 tok/s low_streak 0 cum_tok 3503995 inflight 2
2026-09-20 11:24:50 THROUGHPUT rate 190.8 tok/s low_streak 0 cum_tok 3503995 inflight 2
2026-09-20 11:25:26 DONE cz_0003_s09_v v exit 0 tok 85743 cum 3589738 wall 383.9 rows 100 / 100 missing {}
2026-09-20 11:25:50 THROUGHPUT rate 548.0 tok/s low_streak 0 cum_tok 3589738 inflight 2
2026-09-20 11:26:50 THROUGHPUT rate 357.2 tok/s low_streak 0 cum_tok 3589738 inflight 2
2026-09-20 11:27:50 THROUGHPUT rate 357.2 tok/s low_streak 0 cum_tok 3589738 inflight 2
2026-09-20 11:27:55 DONE cz_0003_s10_rw rw exit 0 tok 50202 cum 3639940 wall 149.7 rows 52 / 52 missing {}
2026-09-20 11:28:43 DONE cz_0003_s10_v v exit 0 tok 87171 cum 3727111 wall 404.1 rows 100 / 100 missing {}
2026-09-20 11:28:43 PARTIAL cz_0003 1 sessions still missing: ['cz_0003_s04_v'] ... no annotations written
