2026-09-20 07:59:14 SELFTEST PASS should_retry:429_in_stdout 
2026-09-20 07:59:14 SELFTEST PASS should_retry:429_in_stderr 
2026-09-20 07:59:14 SELFTEST PASS should_retry:nonzero_exit 
2026-09-20 07:59:14 SELFTEST PASS should_retry:clean_run_not_retried 
2026-09-20 07:59:14 SELFTEST PASS backoff:60/120/240_plus_jitter [69.7, 124.5, 259.5]
2026-09-20 07:59:14 SELFTEST PASS backoff:at_most_3_retries 
2026-09-20 07:59:14 SELFTEST PASS cb:floors_before_any_mean (900.0, 200000.0)
2026-09-20 07:59:14 SELFTEST PASS cb:3x_mean_wall_900s wall_cap=900
2026-09-20 07:59:14 SELFTEST PASS cb:3x_mean_tokens_285k tok_cap=285000
2026-09-20 07:59:14 SELFTEST PASS cb:scales_above_floor wall=2700 tok=480000
2026-09-20 07:59:14 SELFTEST PASS cb:2C_runaway_impossible 2C's 18,839 s / 436,644 tok session is killed at 900 s and is over the 285000 tok ceiling
2026-09-20 07:59:14 SELFTEST PASS guard:trips_at_20_low_minutes low=20, tripped at minute 21 (sample 1 has no trailing window yet)
2026-09-20 07:59:14 SELFTEST PASS guard:healthy_run_never_trips rate=100.0 tok/s
2026-09-20 07:59:14 SELFTEST PASS guard:recovery_resets_streak 13 -> 0
2026-09-20 07:59:14 SELFTEST PASS projection:tokens {"rows_paid": 700, "rows_left": 3364, "tok_per_row": 1380.0, "s_per_row": 10.0, "cum_tokens": 966000, "projected_total_tokens": 5608320, "projected_total_s": 40640.0, "projected_total_h": 11.29}
2026-09-20 07:59:14 SELFTEST PASS projection:stops_over_4h 11.29 h
2026-09-20 07:59:14 SELFTEST PASS projection:stops_over_cap 
2026-09-20 07:59:14 SELFTEST PASS projection:passes_when_fast {"rows_paid": 700, "rows_left": 3364, "tok_per_row": 1000.0, "s_per_row": 2.86, "cum_tokens": 700000, "projected_total_tokens": 4064000, "projected_total_s": 11611.4, "projected_total_h": 3.23}
2026-09-20 07:59:14 SELFTEST PASS projection:no_paid_rows_no_gate 
2026-09-20 07:59:14 SELFTEST PASS par_is_2 
2026-09-20 07:59:14 SELFTEST PASS lk_prompt_unchanged_vs_2C 
2026-09-20 07:59:14 SELFTEST PASS lk_needs_dedicated_pass_true 
2026-09-20 07:59:14 SELFTEST PASS gate3_bar_12 
2026-09-20 07:59:14 SELFTEST PASS N_is_100 
2026-09-20 07:59:14 SELFTEST PASS czech_only 
2026-09-20 07:59:14 GATE3 SELFTEST {"agv4": {"counts": {"AGREE": 30, "ERROR": 20}, "ERROR_of_decided_pct": 40.0, "bar": 12.0}, "reader_nom": {"counts": {"AGREE": 50}, "ERROR_of_decided_pct": 0.0, "bar": 12.0}, "g4_DIAGNOSTIC_ONLY": {"counts": {"AGREE": 30, "ERROR": 20}, "ERROR_of_decided_pct": 40.0, "note": "never gates: built over AG v2/v3; 2B settled it as the reflexive si/sa/se pattern"}, "lk_adjust_rate_pct": 20.0}
2026-09-20 07:59:14 SELFTEST PASS gate3:fires_above_12pct_bar {'AGREE': 30, 'ERROR': 20}
2026-09-20 07:59:14 SELFTEST PASS gate3:reader_nom_leg_scored {'AGREE': 50}
2026-09-20 07:59:14 SELFTEST PASS gate3:g4_diagnostic_only 
2026-09-20 07:59:14 SELFTEST PASS gate3:lk_needs_dedicated_pass_recorded 
2026-09-20 07:59:14 SELFTEST all checks passed, 0 model tokens
2026-09-20 07:59:14 ADOPT-2C 13 finished Czech session files copied from phase2c (read only) into out_dry/sessions -> cz_0001_s01_rw,cz_0001_s01_v,cz_0001_s02_rw,cz_0001_s02_v,cz_0001_s03_rw,cz_0001_s03_v,cz_0001_s04_rw,cz_0001_s04_v,cz_0001_s05_rw,cz_0001_s05_v,cz_0001_s06_rw,cz_0001_s06_v,cz_0001_s07_rw
2026-09-20 07:59:14 ALT index 1434 members 3764 surface 975 phrases 288 candidates
2026-09-20 07:59:14 START dry batches ['cz_0001', 'cz_0002', 'cz_0003', 'cz_0004', 'cz_0005'] rows 4064 cap 4000000 already_spent 0 par 2 prompt_sha {'v_cz': '4f9d486477084793', 'rw': 'a113461f4bdbd418'} lk_needs_dedicated_pass True adopted 13 only None
2026-09-20 07:59:14 PLAN {"batches": [{"batch": "cz_0001", "rows": 1000, "v_sessions": 10, "v_done": 6, "rw_done": 7, "v_left": 4}, {"batch": "cz_0002", "rows": 1000, "v_sessions": 10, "v_done": 0, "rw_done": 0, "v_left": 10}, {"batch": "cz_0003", "rows": 1000, "v_sessions": 10, "v_done": 0, "rw_done": 0, "v_left": 10}, {"batch": "cz_0004", "rows": 1000, "v_sessions": 10, "v_done": 0, "rw_done": 0, "v_left": 10}, {"batch": "cz_0005", "rows": 64, "v_sessions": 1, "v_done": 0, "rw_done": 0, "v_left": 1}], "rows_left_v": 3464, "v_sessions_left": 35, "adopted_sessions": 13, "cz_healthy_tok_per_sentence": 1379.0, "projected_tokens_v_rows": 4776856, "measured_2c_per_slot_tok_per_s": 239.3, "n_2c_sessions_measured": 82, "projected_wall_h_at_par_2": 2.77}
2026-09-20 07:59:14 BATCH cz_0001 cz 1000 rows, 20 sessions total, 13 already complete (0 tokens): cz_0001_s01_v,cz_0001_s01_rw,cz_0001_s02_v,cz_0001_s02_rw,cz_0001_s03_v,cz_0001_s03_rw,cz_0001_s04_v,cz_0001_s04_rw,cz_0001_s05_v,cz_0001_s05_rw,cz_0001_s06_v,cz_0001_s06_rw,cz_0001_s07_rw | 7 to run now, par 2
2026-09-20 07:59:14 SKIP-DONE cz_0001_s01_v already complete on disk, 0 tokens
2026-09-20 07:59:14 SKIP-DONE cz_0001_s01_rw already complete on disk, 0 tokens
2026-09-20 07:59:14 SKIP-DONE cz_0001_s02_v already complete on disk, 0 tokens
2026-09-20 07:59:14 SKIP-DONE cz_0001_s02_rw already complete on disk, 0 tokens
2026-09-20 07:59:14 SKIP-DONE cz_0001_s03_v already complete on disk, 0 tokens
2026-09-20 07:59:14 SKIP-DONE cz_0001_s03_rw already complete on disk, 0 tokens
2026-09-20 07:59:14 SKIP-DONE cz_0001_s04_v already complete on disk, 0 tokens
2026-09-20 07:59:14 SKIP-DONE cz_0001_s04_rw already complete on disk, 0 tokens
2026-09-20 07:59:14 SKIP-DONE cz_0001_s05_v already complete on disk, 0 tokens
2026-09-20 07:59:14 SKIP-DONE cz_0001_s05_rw already complete on disk, 0 tokens
2026-09-20 07:59:14 SKIP-DONE cz_0001_s06_v already complete on disk, 0 tokens
2026-09-20 07:59:14 SKIP-DONE cz_0001_s06_rw already complete on disk, 0 tokens
2026-09-20 07:59:14 SKIP-DONE cz_0001_s07_rw already complete on disk, 0 tokens
2026-09-20 07:59:14 DRY cz_0001_s08_v v 100 rows prompt_chars 30524
2026-09-20 07:59:14 DRY cz_0001_s07_v v 100 rows prompt_chars 30299
2026-09-20 07:59:14 DRY cz_0001_s08_rw rw 48 rows prompt_chars 8597
2026-09-20 07:59:14 DRY cz_0001_s09_v v 100 rows prompt_chars 31117
2026-09-20 07:59:14 DRY cz_0001_s09_rw rw 41 rows prompt_chars 7789
2026-09-20 07:59:14 DRY cz_0001_s10_v v 100 rows prompt_chars 30064
2026-09-20 07:59:14 DRY cz_0001_s10_rw rw 43 rows prompt_chars 7522
2026-09-20 07:59:14 GATE3 cz_0001 {"agv4": {"counts": {"AGREE": 50}, "ERROR_of_decided_pct": 0.0, "bar": 12.0}, "reader_nom": {"counts": {"AGREE": 23, "CONSERVATIVE": 27}, "ERROR_of_decided_pct": 0.0, "bar": 12.0}, "g4_DIAGNOSTIC_ONLY": {"counts": {"AGREE": 43, "ERROR": 7}, "ERROR_of_decided_pct": 14.0, "note": "never gates: built over AG v2/v3; 2B settled it as the reflexive si/sa/se pattern"}, "lk_adjust_rate_pct": 15.9}
2026-09-20 07:59:15 UPLOAD-FORMATS upload_candidate_A_cz_0001.xlsx 280205 upload_candidate_B_cz_0001.csv 465956
2026-09-20 07:59:15 BATCH-DONE cz_0001 rows 1000 wall_s 0.3 cum_tok 0
2026-09-20 07:59:15 PROJECTION cz_0001 no rows paid for in this process (all sessions adopted); gate not applicable
2026-09-20 07:59:15 BATCH cz_0002 cz 1000 rows, 20 sessions total, 0 already complete (0 tokens): - | 20 to run now, par 2
2026-09-20 07:59:15 DRY cz_0002_s01_rw rw 46 rows prompt_chars 8095
2026-09-20 07:59:15 DRY cz_0002_s01_v v 100 rows prompt_chars 30466
2026-09-20 07:59:15 DRY cz_0002_s02_v v 100 rows prompt_chars 31071
2026-09-20 07:59:15 DRY cz_0002_s02_rw rw 48 rows prompt_chars 8621
2026-09-20 07:59:15 DRY cz_0002_s03_rw rw 49 rows prompt_chars 8987
2026-09-20 07:59:15 DRY cz_0002_s03_v v 100 rows prompt_chars 31057
2026-09-20 07:59:15 DRY cz_0002_s04_rw rw 50 rows prompt_chars 8541
2026-09-20 07:59:15 DRY cz_0002_s04_v v 100 rows prompt_chars 30218
2026-09-20 07:59:15 DRY cz_0002_s05_rw rw 40 rows prompt_chars 7474
2026-09-20 07:59:15 DRY cz_0002_s05_v v 100 rows prompt_chars 31261
2026-09-20 07:59:15 DRY cz_0002_s06_rw rw 42 rows prompt_chars 7750
2026-09-20 07:59:15 DRY cz_0002_s06_v v 100 rows prompt_chars 31700
2026-09-20 07:59:15 DRY cz_0002_s07_rw rw 44 rows prompt_chars 7860
2026-09-20 07:59:15 DRY cz_0002_s07_v v 100 rows prompt_chars 30542
2026-09-20 07:59:15 DRY cz_0002_s08_rw rw 56 rows prompt_chars 10401
2026-09-20 07:59:15 DRY cz_0002_s08_v v 100 rows prompt_chars 31702
2026-09-20 07:59:15 DRY cz_0002_s09_rw rw 48 rows prompt_chars 8289
2026-09-20 07:59:15 DRY cz_0002_s09_v v 100 rows prompt_chars 30476
2026-09-20 07:59:15 DRY cz_0002_s10_rw rw 45 rows prompt_chars 8292
2026-09-20 07:59:15 DRY cz_0002_s10_v v 100 rows prompt_chars 31066
2026-09-20 07:59:15 GATE3 cz_0002 {"agv4": {"counts": {"AGREE": 50}, "ERROR_of_decided_pct": 0.0, "bar": 12.0}, "reader_nom": {"counts": {"AGREE": 16, "CONSERVATIVE": 34}, "ERROR_of_decided_pct": 0.0, "bar": 12.0}, "g4_DIAGNOSTIC_ONLY": {"counts": {"AGREE": 43, "ERROR": 7}, "ERROR_of_decided_pct": 14.0, "note": "never gates: built over AG v2/v3; 2B settled it as the reflexive si/sa/se pattern"}, "lk_adjust_rate_pct": 25.0}
2026-09-20 07:59:15 BATCH-DONE cz_0002 rows 1000 wall_s 0.3 cum_tok 0
2026-09-20 07:59:15 PROJECTION cz_0002 no rows paid for in this process (all sessions adopted); gate not applicable
2026-09-20 07:59:15 BATCH cz_0003 cz 1000 rows, 20 sessions total, 0 already complete (0 tokens): - | 20 to run now, par 2
2026-09-20 07:59:15 DRY cz_0003_s01_rw rw 55 rows prompt_chars 9973
2026-09-20 07:59:15 DRY cz_0003_s01_v v 100 rows prompt_chars 31325
2026-09-20 07:59:15 DRY cz_0003_s02_rw rw 41 rows prompt_chars 8024
2026-09-20 07:59:15 DRY cz_0003_s02_v v 100 rows prompt_chars 31505
2026-09-20 07:59:15 DRY cz_0003_s03_rw rw 46 rows prompt_chars 8380
2026-09-20 07:59:15 DRY cz_0003_s03_v v 100 rows prompt_chars 30560
2026-09-20 07:59:15 DRY cz_0003_s04_rw rw 44 rows prompt_chars 8069
2026-09-20 07:59:15 DRY cz_0003_s04_v v 100 rows prompt_chars 30615
2026-09-20 07:59:15 DRY cz_0003_s05_rw rw 43 rows prompt_chars 8178
2026-09-20 07:59:15 DRY cz_0003_s05_v v 100 rows prompt_chars 32035
2026-09-20 07:59:15 DRY cz_0003_s06_v v 100 rows prompt_chars 30637
2026-09-20 07:59:15 DRY cz_0003_s06_rw rw 48 rows prompt_chars 8762
2026-09-20 07:59:15 DRY cz_0003_s07_rw rw 48 rows prompt_chars 9043
2026-09-20 07:59:15 DRY cz_0003_s07_v v 100 rows prompt_chars 31778
2026-09-20 07:59:15 DRY cz_0003_s08_rw rw 47 rows prompt_chars 8643
2026-09-20 07:59:15 DRY cz_0003_s08_v v 100 rows prompt_chars 30968
2026-09-20 07:59:15 DRY cz_0003_s09_rw rw 45 rows prompt_chars 8175
2026-09-20 07:59:15 DRY cz_0003_s09_v v 100 rows prompt_chars 31107
2026-09-20 07:59:15 DRY cz_0003_s10_rw rw 52 rows prompt_chars 9316
2026-09-20 07:59:15 DRY cz_0003_s10_v v 100 rows prompt_chars 30831
2026-09-20 07:59:15 GATE3 cz_0003 {"agv4": {"counts": {"AGREE": 50}, "ERROR_of_decided_pct": 0.0, "bar": 12.0}, "reader_nom": {"counts": {"CONSERVATIVE": 41, "AGREE": 9}, "ERROR_of_decided_pct": 0.0, "bar": 12.0}, "g4_DIAGNOSTIC_ONLY": {"counts": {"AGREE": 43, "ERROR": 7}, "ERROR_of_decided_pct": 14.0, "note": "never gates: built over AG v2/v3; 2B settled it as the reflexive si/sa/se pattern"}, "lk_adjust_rate_pct": 25.0}
2026-09-20 07:59:15 BATCH-DONE cz_0003 rows 1000 wall_s 0.3 cum_tok 0
2026-09-20 07:59:15 PROJECTION cz_0003 no rows paid for in this process (all sessions adopted); gate not applicable
2026-09-20 07:59:15 BATCH cz_0004 cz 1000 rows, 20 sessions total, 0 already complete (0 tokens): - | 20 to run now, par 2
2026-09-20 07:59:15 DRY cz_0004_s01_rw rw 39 rows prompt_chars 7624
2026-09-20 07:59:15 DRY cz_0004_s01_v v 100 rows prompt_chars 31317
2026-09-20 07:59:15 DRY cz_0004_s02_rw rw 38 rows prompt_chars 7033
2026-09-20 07:59:15 DRY cz_0004_s02_v v 100 rows prompt_chars 30501
2026-09-20 07:59:15 DRY cz_0004_s03_rw rw 45 rows prompt_chars 8452
2026-09-20 07:59:15 DRY cz_0004_s03_v v 100 rows prompt_chars 31659
2026-09-20 07:59:15 DRY cz_0004_s04_rw rw 47 rows prompt_chars 8744
2026-09-20 07:59:15 DRY cz_0004_s04_v v 100 rows prompt_chars 31360
2026-09-20 07:59:15 DRY cz_0004_s05_rw rw 60 rows prompt_chars 10392
2026-09-20 07:59:15 DRY cz_0004_s05_v v 100 rows prompt_chars 31068
2026-09-20 07:59:15 DRY cz_0004_s06_rw rw 51 rows prompt_chars 9037
2026-09-20 07:59:15 DRY cz_0004_s06_v v 100 rows prompt_chars 30479
2026-09-20 07:59:15 DRY cz_0004_s07_rw rw 48 rows prompt_chars 8843
2026-09-20 07:59:15 DRY cz_0004_s07_v v 100 rows prompt_chars 31347
2026-09-20 07:59:15 DRY cz_0004_s08_rw rw 57 rows prompt_chars 10344
2026-09-20 07:59:15 DRY cz_0004_s08_v v 100 rows prompt_chars 31142
2026-09-20 07:59:15 DRY cz_0004_s09_rw rw 42 rows prompt_chars 7892
2026-09-20 07:59:15 DRY cz_0004_s09_v v 100 rows prompt_chars 31222
2026-09-20 07:59:15 DRY cz_0004_s10_rw rw 46 rows prompt_chars 8508
2026-09-20 07:59:15 DRY cz_0004_s10_v v 100 rows prompt_chars 31667
2026-09-20 07:59:15 GATE3 cz_0004 {"agv4": {"counts": {"AGREE": 50}, "ERROR_of_decided_pct": 0.0, "bar": 12.0}, "reader_nom": {"counts": {"CONSERVATIVE": 41, "AGREE": 9}, "ERROR_of_decided_pct": 0.0, "bar": 12.0}, "g4_DIAGNOSTIC_ONLY": {"counts": {"AGREE": 40, "ERROR": 10}, "ERROR_of_decided_pct": 20.0, "note": "never gates: built over AG v2/v3; 2B settled it as the reflexive si/sa/se pattern"}, "lk_adjust_rate_pct": 25.0}
2026-09-20 07:59:15 BATCH-DONE cz_0004 rows 1000 wall_s 0.3 cum_tok 0
2026-09-20 07:59:15 PROJECTION cz_0004 no rows paid for in this process (all sessions adopted); gate not applicable
2026-09-20 07:59:15 BATCH cz_0005 cz 64 rows, 2 sessions total, 0 already complete (0 tokens): - | 2 to run now, par 2
2026-09-20 07:59:15 DRY cz_0005_s01_rw rw 22 rows prompt_chars 4377
2026-09-20 07:59:15 DRY cz_0005_s01_v v 64 rows prompt_chars 20361
2026-09-20 07:59:15 GATE3 cz_0005 {"agv4": {"counts": {"AGREE": 50}, "ERROR_of_decided_pct": 0.0, "bar": 12.0}, "reader_nom": {"counts": {"CONSERVATIVE": 38, "AGREE": 12}, "ERROR_of_decided_pct": 0.0, "bar": 12.0}, "g4_DIAGNOSTIC_ONLY": {"counts": {"AGREE": 44, "ERROR": 6}, "ERROR_of_decided_pct": 12.0, "note": "never gates: built over AG v2/v3; 2B settled it as the reflexive si/sa/se pattern"}, "lk_adjust_rate_pct": 25.0}
2026-09-20 07:59:15 BATCH-DONE cz_0005 rows 64 wall_s 0.0 cum_tok 0
2026-09-20 07:59:15 PROJECTION cz_0005 no rows paid for in this process (all sessions adopted); gate not applicable
2026-09-20 07:59:15 END tokens 0 wall_s 1.2 batches_done 5 retries 0 giveups 0 stopped_early False
