{"uploaded":[{"from":"/Users/kristiansurhanak/Projects/and-again-content/runs/a59_20261006/audio/236/a59_noun1_ava_235bc640.m4a","to":"/audio/sets/236/a59_noun1_ava_235bc640.m4a"}],"downloaded":[],"message":""}
A new version of Supabase CLI is available: v2.118.0 (currently installed v2.116.0)
We recommend updating regularly for new features and bug fixes: https://supabase.com/docs/guides/cli/getting-started#updating-the-supabase-cli
up sets/236/a59_noun1_ava_235bc640.m4a
{"uploaded":[{"from":"/Users/kristiansurhanak/Projects/and-again-content/runs/a59_20261006/audio/236/a59_noun2_ava_4ebf2db8.m4a","to":"/audio/sets/236/a59_noun2_ava_4ebf2db8.m4a"}],"downloaded":[],"message":""}
A new version of Supabase CLI is available: v2.118.0 (currently installed v2.116.0)
We recommend updating regularly for new features and bug fixes: https://supabase.com/docs/guides/cli/getting-started#updating-the-supabase-cli
up sets/236/a59_noun2_ava_4ebf2db8.m4a
{"uploaded":[{"from":"/Users/kristiansurhanak/Projects/and-again-content/runs/a59_20261006/audio/236/a59_noun3_ava_56a4304f.m4a","to":"/audio/sets/236/a59_noun3_ava_56a4304f.m4a"}],"downloaded":[],"message":""}
A new version of Supabase CLI is available: v2.118.0 (currently installed v2.116.0)
We recommend updating regularly for new features and bug fixes: https://supabase.com/docs/guides/cli/getting-started#updating-the-supabase-cli
up sets/236/a59_noun3_ava_56a4304f.m4a
{"uploaded":[{"from":"/Users/kristiansurhanak/Projects/and-again-content/runs/a59_20261006/audio/236/a59_phrase1_ava_5501d641.m4a","to":"/audio/sets/236/a59_phrase1_ava_5501d641.m4a"}],"downloaded":[],"message":""}
A new version of Supabase CLI is available: v2.118.0 (currently installed v2.116.0)
We recommend updating regularly for new features and bug fixes: https://supabase.com/docs/guides/cli/getting-started#updating-the-supabase-cli
up sets/236/a59_phrase1_ava_5501d641.m4a
{"uploaded":[{"from":"/Users/kristiansurhanak/Projects/and-again-content/runs/a59_20261006/audio/236/a59_phrase2_ava_7172b8b7.m4a","to":"/audio/sets/236/a59_phrase2_ava_7172b8b7.m4a"}],"downloaded":[],"message":""}
A new version of Supabase CLI is available: v2.118.0 (currently installed v2.116.0)
We recommend updating regularly for new features and bug fixes: https://supabase.com/docs/guides/cli/getting-started#updating-the-supabase-cli
up sets/236/a59_phrase2_ava_7172b8b7.m4a
{"uploaded":[{"from":"/Users/kristiansurhanak/Projects/and-again-content/runs/a59_20261006/audio/236/a59_phrase3_ava_fba70ae5.m4a","to":"/audio/sets/236/a59_phrase3_ava_fba70ae5.m4a"}],"downloaded":[],"message":""}
A new version of Supabase CLI is available: v2.118.0 (currently installed v2.116.0)
We recommend updating regularly for new features and bug fixes: https://supabase.com/docs/guides/cli/getting-started#updating-the-supabase-cli
up sets/236/a59_phrase3_ava_fba70ae5.m4a
{"uploaded":[{"from":"/Users/kristiansurhanak/Projects/and-again-content/runs/a59_20261006/audio/236/a59_story1_ava_fa34a687.m4a","to":"/audio/sets/236/a59_story1_ava_fa34a687.m4a"}],"downloaded":[],"message":""}
A new version of Supabase CLI is available: v2.118.0 (currently installed v2.116.0)
We recommend updating regularly for new features and bug fixes: https://supabase.com/docs/guides/cli/getting-started#updating-the-supabase-cli
up sets/236/a59_story1_ava_fa34a687.m4a
{"uploaded":[{"from":"/Users/kristiansurhanak/Projects/and-again-content/runs/a59_20261006/audio/236/a59_story2_ava_0baee41c.m4a","to":"/audio/sets/236/a59_story2_ava_0baee41c.m4a"}],"downloaded":[],"message":""}
A new version of Supabase CLI is available: v2.118.0 (currently installed v2.116.0)
We recommend updating regularly for new features and bug fixes: https://supabase.com/docs/guides/cli/getting-started#updating-the-supabase-cli
up sets/236/a59_story2_ava_0baee41c.m4a
{"uploaded":[{"from":"/Users/kristiansurhanak/Projects/and-again-content/runs/a59_20261006/audio/236/a59_story3_ava_441354b7.m4a","to":"/audio/sets/236/a59_story3_ava_441354b7.m4a"}],"downloaded":[],"message":""}
A new version of Supabase CLI is available: v2.118.0 (currently installed v2.116.0)
We recommend updating regularly for new features and bug fixes: https://supabase.com/docs/guides/cli/getting-started#updating-the-supabase-cli
up sets/236/a59_story3_ava_441354b7.m4a
{"uploaded":[{"from":"/Users/kristiansurhanak/Projects/and-again-content/runs/a59_20261006/audio/62/a59_noun2_evan_5a99cd00.m4a","to":"/audio/sets/62/a59_noun2_evan_5a99cd00.m4a"}],"downloaded":[],"message":""}
A new version of Supabase CLI is available: v2.118.0 (currently installed v2.116.0)
We recommend updating regularly for new features and bug fixes: https://supabase.com/docs/guides/cli/getting-started#updating-the-supabase-cli
up sets/62/a59_noun2_evan_5a99cd00.m4a
{"uploaded":[{"from":"/Users/kristiansurhanak/Projects/and-again-content/runs/a59_20261006/audio/62/a59_phrase1_evan_2a2325cc.m4a","to":"/audio/sets/62/a59_phrase1_evan_2a2325cc.m4a"}],"downloaded":[],"message":""}
A new version of Supabase CLI is available: v2.118.0 (currently installed v2.116.0)
We recommend updating regularly for new features and bug fixes: https://supabase.com/docs/guides/cli/getting-started#updating-the-supabase-cli
up sets/62/a59_phrase1_evan_2a2325cc.m4a
{"uploaded":[{"from":"/Users/kristiansurhanak/Projects/and-again-content/runs/a59_20261006/audio/62/a59_phrase2_evan_a91d4498.m4a","to":"/audio/sets/62/a59_phrase2_evan_a91d4498.m4a"}],"downloaded":[],"message":""}
A new version of Supabase CLI is available: v2.118.0 (currently installed v2.116.0)
We recommend updating regularly for new features and bug fixes: https://supabase.com/docs/guides/cli/getting-started#updating-the-supabase-cli
up sets/62/a59_phrase2_evan_a91d4498.m4a
{"uploaded":[{"from":"/Users/kristiansurhanak/Projects/and-again-content/runs/a59_20261006/audio/62/a59_story1_evan_651b49a2.m4a","to":"/audio/sets/62/a59_story1_evan_651b49a2.m4a"}],"downloaded":[],"message":""}
A new version of Supabase CLI is available: v2.118.0 (currently installed v2.116.0)
We recommend updating regularly for new features and bug fixes: https://supabase.com/docs/guides/cli/getting-started#updating-the-supabase-cli
up sets/62/a59_story1_evan_651b49a2.m4a
{"uploaded":[{"from":"/Users/kristiansurhanak/Projects/and-again-content/runs/a59_20261006/audio/62/a59_story2_evan_c592ef5a.m4a","to":"/audio/sets/62/a59_story2_evan_c592ef5a.m4a"}],"downloaded":[],"message":""}
A new version of Supabase CLI is available: v2.118.0 (currently installed v2.116.0)
We recommend updating regularly for new features and bug fixes: https://supabase.com/docs/guides/cli/getting-started#updating-the-supabase-cli
up sets/62/a59_story2_evan_c592ef5a.m4a
{"uploaded":[{"from":"/Users/kristiansurhanak/Projects/and-again-content/runs/a59_20261006/audio/7071/a59_story1_nathan_eb572b10.m4a","to":"/audio/sets/7071/a59_story1_nathan_eb572b10.m4a"}],"downloaded":[],"message":""}
A new version of Supabase CLI is available: v2.118.0 (currently installed v2.116.0)
We recommend updating regularly for new features and bug fixes: https://supabase.com/docs/guides/cli/getting-started#updating-the-supabase-cli
up sets/7071/a59_story1_nathan_eb572b10.m4a
{"uploaded":[{"from":"/Users/kristiansurhanak/Projects/and-again-content/runs/a59_20261006/audio/7071/a59_story2_nathan_c93ad2ef.m4a","to":"/audio/sets/7071/a59_story2_nathan_c93ad2ef.m4a"}],"downloaded":[],"message":""}
A new version of Supabase CLI is available: v2.118.0 (currently installed v2.116.0)
We recommend updating regularly for new features and bug fixes: https://supabase.com/docs/guides/cli/getting-started#updating-the-supabase-cli
up sets/7071/a59_story2_nathan_c93ad2ef.m4a
{"uploaded":[{"from":"/Users/kristiansurhanak/Projects/and-again-content/runs/a59_20261006/audio/8055/a59_story1_evan_5f2e5986.m4a","to":"/audio/sets/8055/a59_story1_evan_5f2e5986.m4a"}],"downloaded":[],"message":""}
A new version of Supabase CLI is available: v2.118.0 (currently installed v2.116.0)
We recommend updating regularly for new features and bug fixes: https://supabase.com/docs/guides/cli/getting-started#updating-the-supabase-cli
up sets/8055/a59_story1_evan_5f2e5986.m4a
{"uploaded":[{"from":"/Users/kristiansurhanak/Projects/and-again-content/runs/a59_20261006/audio/8055/a59_story2_evan_a7831a0b.m4a","to":"/audio/sets/8055/a59_story2_evan_a7831a0b.m4a"}],"downloaded":[],"message":""}
A new version of Supabase CLI is available: v2.118.0 (currently installed v2.116.0)
We recommend updating regularly for new features and bug fixes: https://supabase.com/docs/guides/cli/getting-started#updating-the-supabase-cli
up sets/8055/a59_story2_evan_a7831a0b.m4a
{"uploaded":[{"from":"/Users/kristiansurhanak/Projects/and-again-content/runs/a59_20261006/audio/8055/a59_story3_evan_ba36c4de.m4a","to":"/audio/sets/8055/a59_story3_evan_ba36c4de.m4a"}],"downloaded":[],"message":""}
A new version of Supabase CLI is available: v2.118.0 (currently installed v2.116.0)
We recommend updating regularly for new features and bug fixes: https://supabase.com/docs/guides/cli/getting-started#updating-the-supabase-cli
up sets/8055/a59_story3_evan_ba36c4de.m4a
