23:17:12 236_to_feed_a_dolphin_a1 start balance 9002 pending 0 price 2
23:17:13 236_to_feed_a_dolphin_a1 FAILED (no url) balance 9002
23:17:38 236_to_feed_a_dolphin_a1 start balance 9002 pending 0 price 2
23:17:39 236_to_feed_a_dolphin_a1 FAILED (no url) balance 9002
23:20:15 236_to_feed_a_dolphin_a1 start balance 9002 pending 0 price 2
23:21:10 236_to_feed_a_dolphin_a1 done balance 9000 url https://d8j0ntlcm91z4.cloudfront.net/user_3EoP5tRbVakJKKllrlJbLSNiskF/hf_20261005_212015_04001e38-5731-4684-b453-8ff9465b406f.png
23:21:36 62_beach_bag_a1 start balance 9000 pending 0 price 2
23:21:36 62_sports_bag_a1 start balance 9000 pending 1 price 2
23:21:38 461_shop_window_mannequin_a1 start balance 9000 pending 2 price 2
23:21:40 461_to_dress_a_mannequin_a1 start balance 8996 pending 3 price 2
23:21:41 461_shop_window_mannequin_a1 FAILED (no url) balance 8996
23:22:24 461_to_dress_a_mannequin_a1 done balance 8994 url https://d8j0ntlcm91z4.cloudfront.net/user_3EoP5tRbVakJKKllrlJbLSNiskF/hf_20261005_212143_1d581cf1-2d7b-41b2-99b1-6988488a1a60.png
23:22:27 62_beach_bag_a1 done balance 8994 url https://d8j0ntlcm91z4.cloudfront.net/user_3EoP5tRbVakJKKllrlJbLSNiskF/hf_20261005_212138_dabe9ab3-60af-4c3e-a4f1-8f9c21af039c.png
23:22:40 62_sports_bag_a1 done balance 8994 url https://d8j0ntlcm91z4.cloudfront.net/user_3EoP5tRbVakJKKllrlJbLSNiskF/hf_20261005_212138_800bb39a-4617-4f98-9f82-f04577bb8742.png
23:32:10 461_shop_window_mannequin_a1r start balance 8994 pending 0 price 2
23:32:11 461_shop_window_mannequin_a1r FAILED (no url) balance 8994
23:33:36 461_shop_window_mannequin_a1r2 start balance 8994 pending 0 price 2
23:34:40 461_shop_window_mannequin_a1r2 done balance 8992 url https://d8j0ntlcm91z4.cloudfront.net/user_3EoP5tRbVakJKKllrlJbLSNiskF/hf_20261005_213337_af6da900-964a-40aa-8a7c-34afdb0068bb.png
23:36:52 4265_was_calmed_by_a_knight_a1 start balance 8992 pending 0 price 2
23:36:55 4265_to_calm_a_barking_dog_a1 start balance 8990 pending 1 price 2
23:36:58 4265_to_calm_a_crying_baby_a1 start balance 8988 pending 2 price 2
23:37:34 4265_was_calmed_by_a_knight_a1 done balance 8986 url https://d8j0ntlcm91z4.cloudfront.net/user_3EoP5tRbVakJKKllrlJbLSNiskF/hf_20261005_213652_c961b65d-0b4f-41e1-84a2-c4c098cb6d69.png
23:37:37 4265_to_calm_a_barking_dog_a1 done balance 8986 url https://d8j0ntlcm91z4.cloudfront.net/user_3EoP5tRbVakJKKllrlJbLSNiskF/hf_20261005_213656_5557ce10-3558-4a80-acc4-5070a29b5536.png
23:37:38 4265_to_calm_a_crying_baby_a1 done balance 8986 url https://d8j0ntlcm91z4.cloudfront.net/user_3EoP5tRbVakJKKllrlJbLSNiskF/hf_20261005_213659_022347ed-249e-4523-a022-b8c5656965b1.png
23:37:40 624_ran_after_a_hat_a1 start balance 8986 pending 0 price 2
23:37:43 624_will_run_after_a_hat_a1 start balance 8984 pending 1 price 2
23:37:47 624_to_run_for_the_bus_a1 start balance 8982 pending 2 price 2
23:37:48 8055_to_fly_in_a_balloon_a1 start balance 8982 pending 3 price 2
23:37:50 8055_to_land_a_balloon_a1 start balance 8978 pending 4 price 2
23:37:54 8055_balloon_basket_a1 start balance 8976 pending 5 price 2
23:38:23 624_ran_after_a_hat_a1 done balance 8974 url https://d8j0ntlcm91z4.cloudfront.net/user_3EoP5tRbVakJKKllrlJbLSNiskF/hf_20261005_213741_ed629794-c895-4879-9a91-c08101f9a0ee.png
23:38:26 624_to_run_for_the_bus_a1 done balance 8974 url https://d8j0ntlcm91z4.cloudfront.net/user_3EoP5tRbVakJKKllrlJbLSNiskF/hf_20261005_213748_4fe7142a-ab80-40ea-a636-d7ce038075a3.png
23:38:26 8055_to_fly_in_a_balloon_a1 done balance 8974 url https://d8j0ntlcm91z4.cloudfront.net/user_3EoP5tRbVakJKKllrlJbLSNiskF/hf_20261005_213748_038e5b6c-da0a-46eb-bfdd-505b8d284a26.png
23:38:32 624_will_run_after_a_hat_a1 done balance 8974 url https://d8j0ntlcm91z4.cloudfront.net/user_3EoP5tRbVakJKKllrlJbLSNiskF/hf_20261005_213744_d44916a9-1ffe-42af-aefe-47a4d67b4482.png
23:38:33 8055_to_land_a_balloon_a1 done balance 8974 url https://d8j0ntlcm91z4.cloudfront.net/user_3EoP5tRbVakJKKllrlJbLSNiskF/hf_20261005_213752_396e594d-fc6d-4a57-9668-250246e283a1.png
23:38:41 8055_balloon_basket_a1 done balance 8974 url https://d8j0ntlcm91z4.cloudfront.net/user_3EoP5tRbVakJKKllrlJbLSNiskF/hf_20261005_213755_29a9dda0-32c8-44bc-a3bf-6fcd3545ba2a.png
