2026-09-21 08:47:00 ADOPT 86 sessions {'phase2f': 73, 'phase2g': 13} | rejected 0 
2026-09-21 08:47:00 PLAN {"sessions_to_run": 9, "rows_to_pay": 384, "est_tokens": 654980, "ref_est_1379_per_row": 529536, "means_tok_per_row": {"v": 1147.4, "rw": 1257.0, "source": "phase2f adopted full-chunk sessions: v 4015754 tok / 3500 rows, rw 2178353 tok / 1733 rows"}, "stage": "annotate", "cap": 2000000, "spent_before": 0, "adopted_sessions": 86, "lk_stage_est_tokens": 600160, "rows_present_2g_final": 2980, "projected_total_both_stages": 1255140}
2026-09-21 08:47:00 PLAN-BATCH cz_gap rows 20 covered 0 to_run [('cz_gap_s04_v', 20, 40000)]
2026-09-21 08:47:00 PLAN-BATCH cz_0004 rows 1000 covered 700 to_run [('cz_0004_s04_v', 100, 114735), ('cz_0004_s04_rw', 47, 59078), ('cz_0004_s09_v', 100, 114735), ('cz_0004_s09_rw', 42, 52793), ('cz_0004_s10_v', 100, 114735), ('cz_0004_s10_rw', 46, 57821)]
2026-09-21 08:47:00 PLAN-BATCH cz_0005 rows 64 covered 0 to_run [('cz_0005_s01_v', 64, 73430), ('cz_0005_s01_rw', 22, 27653)]
2026-09-21 08:47:00 TOKEN present
2026-09-21 08:47:00 BATCH cz_gap 20 rows, 1 sessions, 1 to run
2026-09-21 08:47:56 LEDGER cz_gap_s04_v tok 40237 cum 40237 projected_total 1255377 cap 2000000
2026-09-21 08:47:56 GATE3 annotate cz_gap FLAG {"agv4": [0, 20, [0.0, 16.84], "FLAG"], "reader_nom": [1, 15, [0.17, 31.95], "FLAG"]}
2026-09-21 08:47:56 BATCH cz_0004 1000 rows, 13 sessions, 6 to run
2026-09-21 08:49:12 LEDGER cz_0004_s04_rw tok 41999 cum 82236 projected_total 1238298 cap 2000000
2026-09-21 08:51:20 LEDGER cz_0004_s04_v tok 71751 cum 153987 projected_total 1195314 cap 2000000
2026-09-21 08:52:17 LEDGER cz_0004_s09_rw tok 40618 cum 194605 projected_total 1183139 cap 2000000
2026-09-21 08:52:22 LEDGER cz_0004_s09_v tok 69556 cum 264161 projected_total 1137960 cap 2000000
2026-09-21 08:53:14 LEDGER cz_0004_s10_rw tok 40561 cum 304722 projected_total 1120700 cap 2000000
2026-09-21 08:56:25 LEDGER cz_0004_s10_v tok 72333 cum 377055 projected_total 1078298 cap 2000000
2026-09-21 08:56:25 GATE3 annotate cz_0004 FLAG {"agv4": [6, 50, [4.53, 24.31], "PASS"], "reader_nom": [3, 30, [2.11, 26.53], "FLAG"]}
2026-09-21 08:56:25 BATCH cz_0005 64 rows, 2 sessions, 2 to run
2026-09-21 08:56:58 LEDGER cz_0005_s01_rw tok 35298 cum 412353 projected_total 1085943 cap 2000000
2026-09-21 08:58:34 LEDGER cz_0005_s01_v tok 56197 cum 468550 projected_total 1068710 cap 2000000
2026-09-21 08:58:34 GATE3 annotate cz_0005 FLAG {"agv4": [5, 50, [3.33, 21.81], "PASS"], "reader_nom": [3, 28, [2.27, 28.23], "FLAG"]}
2026-09-21 08:58:35 PLAN-LK {"stage": "lk", "cap": 2000000, "spent_before": 468550, "prompt_sha16": "5fa910459c078539", "rows": 1364, "rows_2g_judged_rejudged": 280, "rows_new_2h": 1084, "sessions": 14, "sessions_r1_to_run": 14, "est_tokens_r1": 600160, "tok_per_row_run": 440.0, "note": "re-runs (acceptance rule) cost extra: each <30 % session costs one more run, a >15-point split a third", "projected_total": 1068710}
2026-09-21 08:58:35 TOKEN present
2026-09-21 08:59:21 LEDGER lk2h_s01_r1 tok 40667 cum 509217 projected_total 1065377 cap 2000000
2026-09-21 08:59:24 LEDGER lk2h_s02_r1 tok 41663 cum 550880 projected_total 1107040 cap 2000000
2026-09-21 09:00:02 LEDGER lk2h_s01_r2 tok 40307 cum 591187 projected_total 1103347 cap 2000000
2026-09-21 09:00:15 LEDGER lk2h_s03_r1 tok 41646 cum 632833 projected_total 1100993 cap 2000000
2026-09-21 09:00:47 LEDGER lk2h_s04_r1 tok 41026 cum 673859 projected_total 1142019 cap 2000000
2026-09-21 09:01:04 LEDGER lk2h_s03_r2 tok 41480 cum 715339 projected_total 1183499 cap 2000000
2026-09-21 09:01:36 LEDGER lk2h_s04_r2 tok 41529 cum 756868 projected_total 1181028 cap 2000000
2026-09-21 09:01:49 LEDGER lk2h_s05_r1 tok 40873 cum 797741 projected_total 1177901 cap 2000000
2026-09-21 09:02:26 LEDGER lk2h_s06_r1 tok 41713 cum 839454 projected_total 1219614 cap 2000000
2026-09-21 09:02:41 LEDGER lk2h_s05_r2 tok 41831 cum 881285 projected_total 1261445 cap 2000000
2026-09-21 09:03:12 LEDGER lk2h_s06_r2 tok 41427 cum 922712 projected_total 1302872 cap 2000000
2026-09-21 09:03:31 LEDGER lk2h_s05_r3 tok 41515 cum 964227 projected_total 1300387 cap 2000000
2026-09-21 09:04:04 LEDGER lk2h_s07_r1 tok 42117 cum 1006344 projected_total 1298504 cap 2000000
2026-09-21 09:04:10 LEDGER lk2h_s08_r1 tok 40380 cum 1046724 projected_total 1338884 cap 2000000
2026-09-21 09:04:49 LEDGER lk2h_s08_r2 tok 40414 cum 1087138 projected_total 1379298 cap 2000000
2026-09-21 09:04:50 LEDGER lk2h_s07_r2 tok 41363 cum 1128501 projected_total 1376661 cap 2000000
2026-09-21 09:05:37 LEDGER lk2h_s10_r1 tok 41387 cum 1169888 projected_total 1374048 cap 2000000
2026-09-21 09:05:43 LEDGER lk2h_s09_r1 tok 41110 cum 1210998 projected_total 1415158 cap 2000000
