19:12 start b021
b021 100 done; 0 failed {}
batch b021: audio in storage (793 uploaded now)
batch b021: 100 of 100 rows written
**Videos with content: 2410 / 3044 (A 1289 / 1457, B 1121 / 1587); failed: 0; audio files recorded: 19001 (Samantha female, Daniel male); batches in the database: 25 of 25 (2410 rows, read 5 Oct 2026 19:27).**
19:27 end b021
19:27 start b025
b025 100 done; 0 failed {}
batch b025: audio in storage (797 uploaded now)
batch b025: 100 of 100 rows written
**Videos with content: 2510 / 3044 (A 1311 / 1457, B 1199 / 1587); failed: 0; audio files recorded: 19798 (Samantha female, Daniel male); batches in the database: 26 of 26 (2510 rows, read 5 Oct 2026 19:43).**
19:43 end b025
19:43 start b026
b026 100 done; 0 failed {}
batch b026: audio in storage (797 uploaded now)
batch b026: 100 of 100 rows written
**Videos with content: 2610 / 3044 (A 1339 / 1457, B 1271 / 1587); failed: 0; audio files recorded: 20595 (Samantha female, Daniel male); batches in the database: 27 of 27 (2610 rows, read 5 Oct 2026 20:00).**
20:00 end b026
20:00 start b027
b027 100 done; 0 failed {}
batch b027: audio in storage (799 uploaded now)
batch b027: 100 of 100 rows written
**Videos with content: 2710 / 3044 (A 1352 / 1457, B 1358 / 1587); failed: 0; audio files recorded: 21394 (Samantha female, Daniel male); batches in the database: 28 of 28 (2710 rows, read 5 Oct 2026 20:16).**
20:16 end b027
20:16 start b028
b028 100 done; 0 failed {}
batch b028: audio in storage (794 uploaded now)
batch b028: 100 of 100 rows written
**Videos with content: 2810 / 3044 (A 1378 / 1457, B 1432 / 1587); failed: 0; audio files recorded: 22188 (Samantha female, Daniel male); batches in the database: 29 of 29 (2810 rows, read 5 Oct 2026 20:36).**
20:36 end b028
20:36 start b029
b029 100 done; 0 failed {}
batch b029: audio in storage (799 uploaded now)
batch b029: 100 of 100 rows written
**Videos with content: 2910 / 3044 (A 1409 / 1457, B 1501 / 1587); failed: 0; audio files recorded: 22987 (Samantha female, Daniel male); batches in the database: 30 of 30 (2910 rows, read 5 Oct 2026 20:55).**
20:55 end b029
20:55 start b030
b030 100 done; 0 failed {}
batch b030: audio in storage (798 uploaded now)
batch b030: 100 of 100 rows written
**Videos with content: 3010 / 3044 (A 1440 / 1457, B 1570 / 1587); failed: 0; audio files recorded: 23785 (Samantha female, Daniel male); batches in the database: 31 of 31 (3010 rows, read 5 Oct 2026 21:13).**
21:13 end b030
21:13 start b031
b031 34 done; 0 failed {}
batch b031: audio in storage (270 uploaded now)
batch b031: 34 of 34 rows written
**Videos with content: 3044 / 3044 (A 1457 / 1457, B 1587 / 1587); failed: 0; audio files recorded: 24055 (Samantha female, Daniel male); batches in the database: 32 of 32 (3044 rows, read 5 Oct 2026 21:22).**
21:22 end b031
QUEUE DONE
