2026-09-20 23:20:03 ALT index 1434 members 3764 surface 975 phrases 288 candidates
2026-09-20 23:20:48 ALT index 1434 members 3764 surface 975 phrases 288 candidates
2026-09-20 23:20:48 HALVES cz_0002_s04_v n 5365 - 5464 MAX_RETRY 3 prompt_chars_full 30218
2026-09-20 23:25:23 ALT index 1434 members 3764 surface 975 phrases 288 candidates
2026-09-20 23:25:23 HALVES cz_0002_s04_v n 5365 - 5464 MAX_RETRY 3 prompt_chars_full 30218
2026-09-20 23:25:47 DONE cz_0002_s04_v_h1 v exit 0 tok 66724 cum 66724 wall 298.9 rows 50 / 50 missing {}
2026-09-20 23:25:47 HALF-RESULT cz_0002_s04_v_h1 {"sid": "cz_0002_s04_v_h1", "n_range": [5365, 5414], "prompt_chars": 16572, "prompt_bytes": 16887, "result": "('cz_0002_s04_v_h1', [{'n': 5365, 'v': ['Ten paper cups stand on the water table.'], 'lk': ['cups'], 'lk_verdict': 'exact', 'lk_reason': 'plural noun is the target', 'voice': 'active_agent', 'subject': 'deset papírových kelímků', 'agent_nom': True, 'embedded_agents': [], 'gender': 'm', 'tf': 'presen", "wall_s": 298.9, "tokens": 66724, "retry_attempts_429_or_nonzero": 0, "exit": 0, "session_tokens": 66724, "rows_returned": 50, "covers_its_half": true, "SUCCEEDED": true}
2026-09-20 23:25:57 ALT index 1434 members 3764 surface 975 phrases 288 candidates
2026-09-20 23:25:57 HALVES cz_0002_s04_v n 5365 - 5464 MAX_RETRY 3 prompt_chars_full 30218
2026-09-20 23:25:57 SKIP-DONE cz_0002_s04_v_h1 v 50 rows already on disk, 0 tokens
2026-09-20 23:25:57 HALF-RESULT cz_0002_s04_v_h1 {"sid": "cz_0002_s04_v_h1", "n_range": [5365, 5414], "prompt_chars": 16572, "prompt_bytes": 16887, "result": "('cz_0002_s04_v_h1', [{'n': 5365, 'v': ['Ten paper cups stand on the water table.'], 'lk': ['cups'], 'lk_verdict': 'exact', 'lk_reason': 'plural noun is the target', 'voice': 'active_agent', 'subject': 'deset papírových kelímků', 'agent_nom': True, 'embedded_agents': [], 'gender': 'm', 'tf': 'presen", "wall_s": 0.0, "tokens": 0, "retry_attempts_429_or_nonzero": 0, "exit": 0, "session_tokens": 66724, "rows_returned": 50, "covers_its_half": true, "SUCCEEDED": true}
2026-09-20 23:30:07 RETRY cz_0002_s04_v_h2 v attempt 1 of 3 reason 429 sleep 77.3s counted:false
2026-09-20 23:31:06 RETRY cz_0002_s04_v_h1 v attempt 1 of 3 reason 429 sleep 79.7s counted:false
2026-09-20 23:31:53 RETRY cz_0002_s04_v_h2 v attempt 1 of 3 reason 429 sleep 85.6s counted:false
2026-09-20 23:36:11 RETRY cz_0002_s04_v_h2 v attempt 2 of 3 reason 429 sleep 128.8s counted:false
2026-09-20 23:43:52 RETRY cz_0002_s04_v_h2 v attempt 3 of 3 reason 429 sleep 254.3s counted:false
2026-09-20 23:52:24 GIVEUP cz_0002_s04_v_h2 v retries_exhausted after 3 retries (429) tok 218588 wall 1586.4 - moving on, the run never hangs
2026-09-20 23:52:24 HALF-RESULT cz_0002_s04_v_h2 {"sid": "cz_0002_s04_v_h2", "n_range": [5415, 5464], "prompt_chars": 16763, "prompt_bytes": 17073, "result": "('cz_0002_s04_v_h2', ('GIVEUP', 'cz_0002_s04_v_h2', 'retries_exhausted'))", "wall_s": 1586.4, "tokens": 218588, "retry_attempts_429_or_nonzero": 4, "exit": null, "session_tokens": null, "rows_returned": 0, "covers_its_half": false, "SUCCEEDED": false}
2026-09-20 23:52:24 ALT index 1434 members 3764 surface 975 phrases 288 candidates
2026-09-20 23:52:25 ADOPT 67 finished Czech sessions COPIED (read only) from {'phase2e': 67} | 0 tokens each -> cz_0001_s01_rw,cz_0001_s01_v,cz_0001_s02_rw,cz_0001_s02_v,cz_0001_s03_rw,cz_0001_s03_v,cz_0001_s04_rw,cz_0001_s04_v,cz_0001_s05_rw,cz_0001_s05_v,cz_0001_s06_rw,cz_0001_s06_v,cz_0001_s07_rw,cz_0001_s07_v,cz_0001_s08_rw,cz_0001_s08_v,cz_0001_s09_rw,cz_0001_s09_v,cz_0001_s10_rw,cz_0001_s10_v,cz_0002_s01_rw,cz_0002_s01_v,cz_0002_s02_rw,cz_0002_s02_v,cz_0002_s03_rw,cz_0002_s03_v,cz_0002_s04_rw,cz_0002_s05_rw,cz_0002_s05_v,cz_0002_s06_rw,cz_0002_s06_v,cz_0002_s07_rw,cz_0002_s07_v,cz_0002_s08_rw,cz_0002_s08_v,cz_0002_s09_rw,cz_0002_s09_v,cz_0002_s10_rw,cz_0002_s10_v,cz_0003_s01_rw,cz_0003_s01_v,cz_0003_s02_rw,cz_0003_s02_v,cz_0003_s03_rw,cz_0003_s03_v,cz_0003_s04_rw,cz_0003_s05_rw,cz_0003_s05_v,cz_0003_s06_rw,cz_0003_s06_v,cz_0003_s07_rw,cz_0003_s07_v,cz_0003_s08_rw,cz_0003_s08_v,cz_0003_s09_rw,cz_0003_s09_v,cz_0003_s10_rw,cz_0003_s10_v,cz_0004_s01_rw,cz_0004_s01_v,cz_0004_s02_rw,cz_0004_s02_v,cz_0004_s03_rw,cz_0004_s03_v,cz_0004_s05_rw,cz_0004_s05_v,cz_0004_s06_v
2026-09-20 23:52:25 GIT-NOTE ['translation-offline/phase2f/ledger_2f_cz.json', 'translation-offline/phase2f/out/sessions/cz_0001_s01_rw.json', 'translation-offline/phase2f/out/sessions/cz_0001_s01_v.json'] ation-offline/phase2d/run_2d_cz.stdout.txt 	translation-offline/phase2f/run_2f_cz.stdout.txt  no changes added to commit (use "git add" and/or "git commit -a") 
2026-09-20 23:52:25 ALT index 1434 members 3764 surface 975 phrases 288 candidates
2026-09-20 23:52:25 START LIVE batches ['cz_0001', 'cz_0002', 'cz_0003', 'cz_0004', 'cz_0005'] rows 4064 cap 1714688 already_spent 285312 par 2 prompt_sha {'v_cz': '4f9d486477084793', 'rw': 'a113461f4bdbd418'} lk_needs_dedicated_pass True adopted 67 only ['cz_0001_s01_v', 'cz_0001_s01_rw', 'cz_0001_s02_v', 'cz_0001_s02_rw', 'cz_0001_s03_v', 'cz_0001_s03_rw', 'cz_0001_s04_v', 'cz_0001_s04_rw', 'cz_0001_s05_v', 'cz_0001_s05_rw', 'cz_0001_s06_v', 'cz_0001_s06_rw', 'cz_0001_s07_v', 'cz_0001_s07_rw', 'cz_0001_s08_v', 'cz_0001_s08_rw', 'cz_0001_s09_v', 'cz_0001_s09_rw', 'cz_0001_s10_v', 'cz_0001_s10_rw', 'cz_0002_s01_v', 'cz_0002_s01_rw', 'cz_0002_s02_v', 'cz_0002_s02_rw', 'cz_0002_s03_v', 'cz_0002_s03_rw', 'cz_0002_s04_rw', 'cz_0002_s05_v', 'cz_0002_s05_rw', 'cz_0002_s06_v', 'cz_0002_s06_rw', 'cz_0002_s07_v', 'cz_0002_s07_rw', 'cz_0002_s08_v', 'cz_0002_s08_rw', 'cz_0002_s09_v', 'cz_0002_s09_rw', 'cz_0002_s10_v', 'cz_0002_s10_rw', 'cz_0003_s01_v', 'cz_0003_s01_rw', 'cz_0003_s02_v', 'cz_0003_s02_rw', 'cz_0003_s03_v', 'cz_0003_s03_rw', 'cz_0003_s04_v', 'cz_0003_s04_rw', 'cz_0003_s05_v', 'cz_0003_s05_rw', 'cz_0003_s06_v', 'cz_0003_s06_rw', 'cz_0003_s07_v', 'cz_0003_s07_rw', 'cz_0003_s08_v', 'cz_0003_s08_rw', 'cz_0003_s09_v', 'cz_0003_s09_rw', 'cz_0003_s10_v', 'cz_0003_s10_rw', 'cz_0004_s01_v', 'cz_0004_s01_rw', 'cz_0004_s02_v', 'cz_0004_s02_rw', 'cz_0004_s03_v', 'cz_0004_s03_rw', 'cz_0004_s04_v', 'cz_0004_s04_rw', 'cz_0004_s05_v', 'cz_0004_s05_rw', 'cz_0004_s06_v', 'cz_0004_s06_rw', 'cz_0004_s07_v', 'cz_0004_s07_rw', 'cz_0004_s08_v', 'cz_0004_s08_rw', 'cz_0004_s09_v', 'cz_0004_s09_rw', 'cz_0004_s10_v', 'cz_0004_s10_rw', 'cz_0005_s01_v', 'cz_0005_s01_rw']
2026-09-20 23:52:25 PLAN {"batches": [{"batch": "cz_0001", "rows": 1000, "v_sessions": 10, "v_done": 10, "rw_done": 10, "v_left": 0}, {"batch": "cz_0002", "rows": 1000, "v_sessions": 10, "v_done": 9, "rw_done": 10, "v_left": 1}, {"batch": "cz_0003", "rows": 1000, "v_sessions": 10, "v_done": 9, "rw_done": 10, "v_left": 1}, {"batch": "cz_0004", "rows": 1000, "v_sessions": 10, "v_done": 5, "rw_done": 4, "v_left": 5}, {"batch": "cz_0005", "rows": 64, "v_sessions": 1, "v_done": 0, "rw_done": 0, "v_left": 1}], "rows_left_v": 764, "v_sessions_left": 8, "adopted_sessions": 67, "cz_healthy_tok_per_sentence": 1379.0, "projected_tokens_v_rows": 1053556, "measured_2c_per_slot_tok_per_s": 239.3, "n_2c_sessions_measured": 82, "projected_wall_h_at_par_2": 0.61}
2026-09-20 23:52:25 BATCH cz_0001 cz 1000 rows, 20 sessions total, 20 already complete (0 tokens): cz_0001_s01_v,cz_0001_s01_rw,cz_0001_s02_v,cz_0001_s02_rw,cz_0001_s03_v,cz_0001_s03_rw,cz_0001_s04_v,cz_0001_s04_rw,cz_0001_s05_v,cz_0001_s05_rw,cz_0001_s06_v,cz_0001_s06_rw,cz_0001_s07_v,cz_0001_s07_rw,cz_0001_s08_v,cz_0001_s08_rw,cz_0001_s09_v,cz_0001_s09_rw,cz_0001_s10_v,cz_0001_s10_rw | 20 to run now, par 2
2026-09-20 23:52:25 SKIP-DONE cz_0001_s01_v already complete on disk, 0 tokens
2026-09-20 23:52:25 SKIP-DONE cz_0001_s01_rw already complete on disk, 0 tokens
2026-09-20 23:52:25 SKIP-DONE cz_0001_s02_v already complete on disk, 0 tokens
2026-09-20 23:52:25 SKIP-DONE cz_0001_s02_rw already complete on disk, 0 tokens
2026-09-20 23:52:25 SKIP-DONE cz_0001_s03_v already complete on disk, 0 tokens
2026-09-20 23:52:25 SKIP-DONE cz_0001_s03_rw already complete on disk, 0 tokens
2026-09-20 23:52:25 SKIP-DONE cz_0001_s04_v already complete on disk, 0 tokens
2026-09-20 23:52:25 SKIP-DONE cz_0001_s04_rw already complete on disk, 0 tokens
2026-09-20 23:52:25 SKIP-DONE cz_0001_s05_v already complete on disk, 0 tokens
2026-09-20 23:52:25 SKIP-DONE cz_0001_s05_rw already complete on disk, 0 tokens
2026-09-20 23:52:25 SKIP-DONE cz_0001_s06_v already complete on disk, 0 tokens
2026-09-20 23:52:25 SKIP-DONE cz_0001_s06_rw already complete on disk, 0 tokens
2026-09-20 23:52:25 SKIP-DONE cz_0001_s07_v already complete on disk, 0 tokens
2026-09-20 23:52:25 SKIP-DONE cz_0001_s07_rw already complete on disk, 0 tokens
2026-09-20 23:52:25 SKIP-DONE cz_0001_s08_v already complete on disk, 0 tokens
2026-09-20 23:52:25 SKIP-DONE cz_0001_s08_rw already complete on disk, 0 tokens
2026-09-20 23:52:25 SKIP-DONE cz_0001_s09_v already complete on disk, 0 tokens
2026-09-20 23:52:25 SKIP-DONE cz_0001_s09_rw already complete on disk, 0 tokens
2026-09-20 23:52:25 SKIP-DONE cz_0001_s10_v already complete on disk, 0 tokens
2026-09-20 23:52:25 SKIP-DONE cz_0001_s10_rw already complete on disk, 0 tokens
2026-09-20 23:52:25 SKIP-DONE cz_0001_s01_v v 100 rows already on disk, 0 tokens
2026-09-20 23:52:25 SKIP-DONE cz_0001_s01_rw rw 53 rows already on disk, 0 tokens
2026-09-20 23:52:25 SKIP-DONE cz_0001_s02_v v 100 rows already on disk, 0 tokens
2026-09-20 23:52:25 SKIP-DONE cz_0001_s02_rw rw 44 rows already on disk, 0 tokens
2026-09-20 23:52:25 SKIP-DONE cz_0001_s03_v v 100 rows already on disk, 0 tokens
2026-09-20 23:52:25 SKIP-DONE cz_0001_s03_rw rw 44 rows already on disk, 0 tokens
2026-09-20 23:52:25 SKIP-DONE cz_0001_s04_v v 100 rows already on disk, 0 tokens
2026-09-20 23:52:25 SKIP-DONE cz_0001_s04_rw rw 46 rows already on disk, 0 tokens
2026-09-20 23:52:25 SKIP-DONE cz_0001_s05_v v 100 rows already on disk, 0 tokens
2026-09-20 23:52:25 SKIP-DONE cz_0001_s05_rw rw 48 rows already on disk, 0 tokens
2026-09-20 23:52:25 SKIP-DONE cz_0001_s06_v v 100 rows already on disk, 0 tokens
2026-09-20 23:52:25 SKIP-DONE cz_0001_s06_rw rw 51 rows already on disk, 0 tokens
2026-09-20 23:52:25 SKIP-DONE cz_0001_s07_rw rw 40 rows already on disk, 0 tokens
2026-09-20 23:52:25 SKIP-DONE cz_0001_s07_v v 100 rows already on disk, 0 tokens
2026-09-20 23:52:25 SKIP-DONE cz_0001_s08_v v 100 rows already on disk, 0 tokens
2026-09-20 23:52:25 SKIP-DONE cz_0001_s08_rw rw 48 rows already on disk, 0 tokens
2026-09-20 23:52:25 SKIP-DONE cz_0001_s09_rw rw 41 rows already on disk, 0 tokens
2026-09-20 23:52:25 SKIP-DONE cz_0001_s09_v v 100 rows already on disk, 0 tokens
2026-09-20 23:52:25 SKIP-DONE cz_0001_s10_v v 100 rows already on disk, 0 tokens
2026-09-20 23:52:25 SKIP-DONE cz_0001_s10_rw rw 43 rows already on disk, 0 tokens
2026-09-20 23:52:25 GATE3 cz_0001 {"agv4": {"counts": {"AGREE": 46, "ERROR": 4}, "ERROR_of_decided_pct": 8.0, "bar": 12.0}, "reader_nom": {"counts": {"AGREE": 27, "CONSERVATIVE": 21, "ERROR": 2}, "ERROR_of_decided_pct": 6.9, "bar": 12.0}, "g4_DIAGNOSTIC_ONLY": {"counts": {"AGREE": 39, "ERROR": 11}, "ERROR_of_decided_pct": 22.0, "note": "never gates: built over AG v2/v3; 2B settled it as the reflexive si/sa/se pattern"}, "lk_adjust_rate_pct": 11.3}
2026-09-20 23:52:26 UPLOAD-FORMATS upload_candidate_A_cz_0001.xlsx 285734 upload_candidate_B_cz_0001.csv 474809
2026-09-20 23:52:26 BATCH-DONE cz_0001 rows_written 1000 of 1000 wall_s 0.5 cum_tok 285312 complete True
2026-09-20 23:52:26 PROJECTION cz_0001 no rows paid for in this process (all sessions adopted); gate not applicable
2026-09-20 23:52:26 BATCH cz_0002 cz 1000 rows, 20 sessions total, 19 already complete (0 tokens): cz_0002_s01_v,cz_0002_s01_rw,cz_0002_s02_v,cz_0002_s02_rw,cz_0002_s03_v,cz_0002_s03_rw,cz_0002_s04_rw,cz_0002_s05_v,cz_0002_s05_rw,cz_0002_s06_v,cz_0002_s06_rw,cz_0002_s07_v,cz_0002_s07_rw,cz_0002_s08_v,cz_0002_s08_rw,cz_0002_s09_v,cz_0002_s09_rw,cz_0002_s10_v,cz_0002_s10_rw | 19 to run now, par 2
2026-09-20 23:52:26 SKIP-DONE cz_0002_s01_v already complete on disk, 0 tokens
2026-09-20 23:52:26 SKIP-DONE cz_0002_s01_rw already complete on disk, 0 tokens
2026-09-20 23:52:26 SKIP-DONE cz_0002_s02_v already complete on disk, 0 tokens
2026-09-20 23:52:26 SKIP-DONE cz_0002_s02_rw already complete on disk, 0 tokens
2026-09-20 23:52:26 SKIP-DONE cz_0002_s03_v already complete on disk, 0 tokens
2026-09-20 23:52:26 SKIP-DONE cz_0002_s03_rw already complete on disk, 0 tokens
2026-09-20 23:52:26 SKIP-DONE cz_0002_s04_rw already complete on disk, 0 tokens
2026-09-20 23:52:26 SKIP-DONE cz_0002_s05_v already complete on disk, 0 tokens
2026-09-20 23:52:26 SKIP-DONE cz_0002_s05_rw already complete on disk, 0 tokens
2026-09-20 23:52:26 SKIP-DONE cz_0002_s06_v already complete on disk, 0 tokens
2026-09-20 23:52:26 SKIP-DONE cz_0002_s06_rw already complete on disk, 0 tokens
2026-09-20 23:52:26 SKIP-DONE cz_0002_s07_v already complete on disk, 0 tokens
2026-09-20 23:52:26 SKIP-DONE cz_0002_s07_rw already complete on disk, 0 tokens
2026-09-20 23:52:26 SKIP-DONE cz_0002_s08_v already complete on disk, 0 tokens
2026-09-20 23:52:26 SKIP-DONE cz_0002_s08_rw already complete on disk, 0 tokens
2026-09-20 23:52:26 SKIP-DONE cz_0002_s09_v already complete on disk, 0 tokens
2026-09-20 23:52:26 SKIP-DONE cz_0002_s09_rw already complete on disk, 0 tokens
2026-09-20 23:52:26 SKIP-DONE cz_0002_s10_v already complete on disk, 0 tokens
2026-09-20 23:52:26 SKIP-DONE cz_0002_s10_rw already complete on disk, 0 tokens
2026-09-20 23:52:26 SKIP-DONE cz_0002_s01_rw rw 46 rows already on disk, 0 tokens
2026-09-20 23:52:26 SKIP-DONE cz_0002_s01_v v 100 rows already on disk, 0 tokens
2026-09-20 23:52:26 SKIP-DONE cz_0002_s02_v v 100 rows already on disk, 0 tokens
2026-09-20 23:52:26 SKIP-DONE cz_0002_s02_rw rw 48 rows already on disk, 0 tokens
2026-09-20 23:52:26 SKIP-DONE cz_0002_s03_v v 100 rows already on disk, 0 tokens
2026-09-20 23:52:26 SKIP-DONE cz_0002_s04_rw rw 50 rows already on disk, 0 tokens
2026-09-20 23:52:26 SKIP-DONE cz_0002_s03_rw rw 49 rows already on disk, 0 tokens
2026-09-20 23:52:26 SKIP-DONE cz_0002_s05_v v 100 rows already on disk, 0 tokens
2026-09-20 23:52:26 SKIP-DONE cz_0002_s05_rw rw 40 rows already on disk, 0 tokens
2026-09-20 23:52:26 SKIP-DONE cz_0002_s06_v v 100 rows already on disk, 0 tokens
2026-09-20 23:52:26 SKIP-DONE cz_0002_s06_rw rw 42 rows already on disk, 0 tokens
2026-09-20 23:52:26 SKIP-DONE cz_0002_s07_v v 100 rows already on disk, 0 tokens
2026-09-20 23:52:26 SKIP-DONE cz_0002_s07_rw rw 44 rows already on disk, 0 tokens
2026-09-20 23:52:26 SKIP-DONE cz_0002_s08_v v 100 rows already on disk, 0 tokens
2026-09-20 23:52:26 SKIP-DONE cz_0002_s08_rw rw 56 rows already on disk, 0 tokens
2026-09-20 23:52:26 SKIP-DONE cz_0002_s09_rw rw 48 rows already on disk, 0 tokens
2026-09-20 23:52:26 SKIP-DONE cz_0002_s09_v v 100 rows already on disk, 0 tokens
2026-09-20 23:52:26 SKIP-DONE cz_0002_s10_v v 100 rows already on disk, 0 tokens
2026-09-20 23:52:26 SKIP-DONE cz_0002_s10_rw rw 45 rows already on disk, 0 tokens
2026-09-20 23:52:26 INCOMPLETE cz_0002 1 session(s) missing: cz_0002_s04_v | rows lost 100 ['5365-5464'] | rows written anyway 900
2026-09-20 23:52:26 DEFECT batch cz_0002 incomplete: sessions cz_0002_s04_v missing; 100 rows (5365-5464) not written, 900 rows written
2026-09-20 23:52:26 GATE3 cz_0002 {"agv4": {"counts": {"AGREE": 46, "ERROR": 4}, "ERROR_of_decided_pct": 8.0, "bar": 12.0}, "reader_nom": {"counts": {"AGREE": 36, "CONSERVATIVE": 11, "ERROR": 3}, "ERROR_of_decided_pct": 7.69, "bar": 12.0}, "g4_DIAGNOSTIC_ONLY": {"counts": {"AGREE": 37, "ERROR": 13}, "ERROR_of_decided_pct": 26.0, "note": "never gates: built over AG v2/v3; 2B settled it as the reflexive si/sa/se pattern"}, "lk_adjust_rate_pct": 16.33}
