CONCLUSION: ONLY h1 SUCCEEDED
2026-09-20 23:52:24 PART1-START tripwire 2000000 spend_so_far(diagnosis) 285312
2026-09-20 23:52:24 SKIP-DONE cz_0001_s01_rw adopted from phase2e (copied), 0 tokens
2026-09-20 23:52:24 SKIP-DONE cz_0001_s01_v adopted from phase2e (copied), 0 tokens
2026-09-20 23:52:24 SKIP-DONE cz_0001_s02_rw adopted from phase2e (copied), 0 tokens
2026-09-20 23:52:24 SKIP-DONE cz_0001_s02_v adopted from phase2e (copied), 0 tokens
2026-09-20 23:52:24 SKIP-DONE cz_0001_s03_rw adopted from phase2e (copied), 0 tokens
2026-09-20 23:52:24 SKIP-DONE cz_0001_s03_v adopted from phase2e (copied), 0 tokens
2026-09-20 23:52:24 SKIP-DONE cz_0001_s04_rw adopted from phase2e (copied), 0 tokens
2026-09-20 23:52:24 SKIP-DONE cz_0001_s04_v adopted from phase2e (copied), 0 tokens
2026-09-20 23:52:24 SKIP-DONE cz_0001_s05_rw adopted from phase2e (copied), 0 tokens
2026-09-20 23:52:24 SKIP-DONE cz_0001_s05_v adopted from phase2e (copied), 0 tokens
2026-09-20 23:52:24 SKIP-DONE cz_0001_s06_rw adopted from phase2e (copied), 0 tokens
2026-09-20 23:52:24 SKIP-DONE cz_0001_s06_v adopted from phase2e (copied), 0 tokens
2026-09-20 23:52:24 SKIP-DONE cz_0001_s07_rw adopted from phase2e (copied), 0 tokens
2026-09-20 23:52:24 SKIP-DONE cz_0001_s07_v adopted from phase2e (copied), 0 tokens
2026-09-20 23:52:24 SKIP-DONE cz_0001_s08_rw adopted from phase2e (copied), 0 tokens
2026-09-20 23:52:24 SKIP-DONE cz_0001_s08_v adopted from phase2e (copied), 0 tokens
2026-09-20 23:52:24 SKIP-DONE cz_0001_s09_rw adopted from phase2e (copied), 0 tokens
2026-09-20 23:52:24 SKIP-DONE cz_0001_s09_v adopted from phase2e (copied), 0 tokens
2026-09-20 23:52:24 SKIP-DONE cz_0001_s10_rw adopted from phase2e (copied), 0 tokens
2026-09-20 23:52:24 SKIP-DONE cz_0001_s10_v adopted from phase2e (copied), 0 tokens
2026-09-20 23:52:24 SKIP-DONE cz_0002_s01_rw adopted from phase2e (copied), 0 tokens
2026-09-20 23:52:24 SKIP-DONE cz_0002_s01_v adopted from phase2e (copied), 0 tokens
2026-09-20 23:52:24 SKIP-DONE cz_0002_s02_rw adopted from phase2e (copied), 0 tokens
2026-09-20 23:52:24 SKIP-DONE cz_0002_s02_v adopted from phase2e (copied), 0 tokens
2026-09-20 23:52:24 SKIP-DONE cz_0002_s03_rw adopted from phase2e (copied), 0 tokens
2026-09-20 23:52:24 SKIP-DONE cz_0002_s03_v adopted from phase2e (copied), 0 tokens
2026-09-20 23:52:24 SKIP-DONE cz_0002_s04_rw adopted from phase2e (copied), 0 tokens
2026-09-20 23:52:24 SKIP-DONE cz_0002_s05_rw adopted from phase2e (copied), 0 tokens
2026-09-20 23:52:24 SKIP-DONE cz_0002_s05_v adopted from phase2e (copied), 0 tokens
2026-09-20 23:52:24 SKIP-DONE cz_0002_s06_rw adopted from phase2e (copied), 0 tokens
2026-09-20 23:52:24 SKIP-DONE cz_0002_s06_v adopted from phase2e (copied), 0 tokens
2026-09-20 23:52:24 SKIP-DONE cz_0002_s07_rw adopted from phase2e (copied), 0 tokens
2026-09-20 23:52:24 SKIP-DONE cz_0002_s07_v adopted from phase2e (copied), 0 tokens
2026-09-20 23:52:24 SKIP-DONE cz_0002_s08_rw adopted from phase2e (copied), 0 tokens
2026-09-20 23:52:24 SKIP-DONE cz_0002_s08_v adopted from phase2e (copied), 0 tokens
2026-09-20 23:52:24 SKIP-DONE cz_0002_s09_rw adopted from phase2e (copied), 0 tokens
2026-09-20 23:52:24 SKIP-DONE cz_0002_s09_v adopted from phase2e (copied), 0 tokens
2026-09-20 23:52:24 SKIP-DONE cz_0002_s10_rw adopted from phase2e (copied), 0 tokens
2026-09-20 23:52:24 SKIP-DONE cz_0002_s10_v adopted from phase2e (copied), 0 tokens
2026-09-20 23:52:24 SKIP-DONE cz_0003_s01_rw adopted from phase2e (copied), 0 tokens
2026-09-20 23:52:24 SKIP-DONE cz_0003_s01_v adopted from phase2e (copied), 0 tokens
2026-09-20 23:52:24 SKIP-DONE cz_0003_s02_rw adopted from phase2e (copied), 0 tokens
2026-09-20 23:52:24 SKIP-DONE cz_0003_s02_v adopted from phase2e (copied), 0 tokens
2026-09-20 23:52:24 SKIP-DONE cz_0003_s03_rw adopted from phase2e (copied), 0 tokens
2026-09-20 23:52:24 SKIP-DONE cz_0003_s03_v adopted from phase2e (copied), 0 tokens
2026-09-20 23:52:24 SKIP-DONE cz_0003_s04_rw adopted from phase2e (copied), 0 tokens
2026-09-20 23:52:24 SKIP-DONE cz_0003_s05_rw adopted from phase2e (copied), 0 tokens
2026-09-20 23:52:24 SKIP-DONE cz_0003_s05_v adopted from phase2e (copied), 0 tokens
2026-09-20 23:52:24 SKIP-DONE cz_0003_s06_rw adopted from phase2e (copied), 0 tokens
2026-09-20 23:52:24 SKIP-DONE cz_0003_s06_v adopted from phase2e (copied), 0 tokens
2026-09-20 23:52:24 SKIP-DONE cz_0003_s07_rw adopted from phase2e (copied), 0 tokens
2026-09-20 23:52:24 SKIP-DONE cz_0003_s07_v adopted from phase2e (copied), 0 tokens
2026-09-20 23:52:24 SKIP-DONE cz_0003_s08_rw adopted from phase2e (copied), 0 tokens
2026-09-20 23:52:24 SKIP-DONE cz_0003_s08_v adopted from phase2e (copied), 0 tokens
2026-09-20 23:52:24 SKIP-DONE cz_0003_s09_rw adopted from phase2e (copied), 0 tokens
2026-09-20 23:52:24 SKIP-DONE cz_0003_s09_v adopted from phase2e (copied), 0 tokens
2026-09-20 23:52:24 SKIP-DONE cz_0003_s10_rw adopted from phase2e (copied), 0 tokens
2026-09-20 23:52:24 SKIP-DONE cz_0003_s10_v adopted from phase2e (copied), 0 tokens
2026-09-20 23:52:24 SKIP-DONE cz_0004_s01_rw adopted from phase2e (copied), 0 tokens
2026-09-20 23:52:24 SKIP-DONE cz_0004_s01_v adopted from phase2e (copied), 0 tokens
2026-09-20 23:52:24 SKIP-DONE cz_0004_s02_rw adopted from phase2e (copied), 0 tokens
2026-09-20 23:52:24 SKIP-DONE cz_0004_s02_v adopted from phase2e (copied), 0 tokens
2026-09-20 23:52:24 SKIP-DONE cz_0004_s03_rw adopted from phase2e (copied), 0 tokens
2026-09-20 23:52:24 SKIP-DONE cz_0004_s03_v adopted from phase2e (copied), 0 tokens
2026-09-20 23:52:24 SKIP-DONE cz_0004_s05_rw adopted from phase2e (copied), 0 tokens
2026-09-20 23:52:24 SKIP-DONE cz_0004_s05_v adopted from phase2e (copied), 0 tokens
2026-09-20 23:52:24 SKIP-DONE cz_0004_s06_v adopted from phase2e (copied), 0 tokens
2026-09-20 23:52:24 ADOPT 67 v/rw sessions adopted, 0 rejected
2026-09-20 23:52:24 LEDGER-STAGE {"stage": "adopt", "at": "2026-09-20T23:52:24", "cumulative_headless_tokens": 285312, "rows_present": 0, "new_rows_paid_for_in_2F": 0, "tok_per_new_row": null, "projected_part1_total_tokens": null, "tripwire": 2000000}
2026-09-20 23:52:24 RULING halves did NOT both succeed -> cz_0003_s04_v gets ONE whole-chunk attempt under MAX_RETRY=3; cz_0002_s04_v is NOT attempted a tenth time (§1 confines the loss)
2026-09-20 23:52:24 LEDGER-STAGE {"stage": "refused_chunks", "at": "2026-09-20T23:52:24", "cumulative_headless_tokens": 285312, "rows_present": 0, "new_rows_paid_for_in_2F": 0, "tok_per_new_row": null, "projected_part1_total_tokens": null, "tripwire": 2000000}
2026-09-20 23:52:25 RUN run_2f_cz /Library/Developer/CommandLineTools/usr/bin/python3 run_2f_cz.py --all --cap ...
2026-09-21 00:28:38 RUN-DONE run_2f_cz exit 2
2026-09-21 00:28:38 LEDGER-STAGE {"stage": "annotate", "at": "2026-09-21T00:28:38", "cumulative_headless_tokens": 591139, "rows_present": 2800, "new_rows_paid_for_in_2F": 0, "tok_per_new_row": null, "projected_part1_total_tokens": null, "tripwire": 2000000}
2026-09-21 00:28:38 LK-SKIPPED stop files ['STOP_throughput_guard.md'] over_tripwire False -> merge-only, no new tokens
2026-09-21 00:28:38 SKIP-DONE cz_0001_s01_lk lk adopted from phase2e (copied), 0 tokens
2026-09-21 00:28:38 SKIP-DONE cz_0001_s02_lk lk adopted from phase2e (copied), 0 tokens
2026-09-21 00:28:38 SKIP-DONE cz_0001_s03_lk lk adopted from phase2e (copied), 0 tokens
2026-09-21 00:28:38 SKIP-DONE cz_0001_s04_lk lk adopted from phase2e (copied), 0 tokens
2026-09-21 00:28:38 SKIP-DONE cz_0001_s05_lk lk adopted from phase2e (copied), 0 tokens
2026-09-21 00:28:38 SKIP-DONE cz_0001_s06_lk lk adopted from phase2e (copied), 0 tokens
2026-09-21 00:28:38 SKIP-DONE cz_0001_s07_lk lk adopted from phase2e (copied), 0 tokens
2026-09-21 00:28:38 SKIP-DONE cz_0001_s08_lk lk adopted from phase2e (copied), 0 tokens
2026-09-21 00:28:38 SKIP-DONE cz_0001_s09_lk lk adopted from phase2e (copied), 0 tokens
2026-09-21 00:28:38 SKIP-DONE cz_0001_s10_lk lk adopted from phase2e (copied), 0 tokens
2026-09-21 00:28:38 SKIP-DONE cz_0002_s01_lk lk adopted from phase2e (copied), 0 tokens
2026-09-21 00:28:38 SKIP-DONE cz_0002_s02_lk lk adopted from phase2e (copied), 0 tokens
2026-09-21 00:28:38 SKIP-DONE cz_0002_s03_lk lk adopted from phase2e (copied), 0 tokens
2026-09-21 00:28:38 SKIP-DONE cz_0002_s04_lk lk adopted from phase2e (copied), 0 tokens
2026-09-21 00:28:38 SKIP-DONE cz_0002_s05_lk lk adopted from phase2e (copied), 0 tokens
2026-09-21 00:28:38 SKIP-DONE cz_0002_s06_lk lk adopted from phase2e (copied), 0 tokens
2026-09-21 00:28:38 SKIP-DONE cz_0002_s07_lk lk adopted from phase2e (copied), 0 tokens
2026-09-21 00:28:38 SKIP-DONE cz_0002_s08_lk lk adopted from phase2e (copied), 0 tokens
2026-09-21 00:28:38 SKIP-DONE cz_0002_s09_lk lk adopted from phase2e (copied), 0 tokens
2026-09-21 00:28:38 SKIP-DONE cz_0003_s01_lk lk adopted from phase2e (copied), 0 tokens
2026-09-21 00:28:38 LK-NOT-ADOPTABLE cz_0003_s02_lk rows differ under 2F chunking or not complete -> re-run
2026-09-21 00:28:38 SKIP-DONE cz_0003_s03_lk lk adopted from phase2e (copied), 0 tokens
2026-09-21 00:28:38 SKIP-DONE cz_0003_s04_lk lk adopted from phase2e (copied), 0 tokens
2026-09-21 00:28:38 SKIP-DONE cz_0003_s05_lk lk adopted from phase2e (copied), 0 tokens
2026-09-21 00:28:38 SKIP-DONE cz_0003_s06_lk lk adopted from phase2e (copied), 0 tokens
2026-09-21 00:28:38 SKIP-DONE cz_0003_s07_lk lk adopted from phase2e (copied), 0 tokens
2026-09-21 00:28:38 SKIP-DONE cz_0003_s08_lk lk adopted from phase2e (copied), 0 tokens
2026-09-21 00:28:38 SKIP-DONE cz_0003_s09_lk lk adopted from phase2e (copied), 0 tokens
2026-09-21 00:28:38 ADOPT-LK 27 adopted, 1 to re-run (these are the NEW rows)
2026-09-21 00:28:38 RUN run_2f_lk /Library/Developer/CommandLineTools/usr/bin/python3 run_2f_lk.py --merge-only ...
2026-09-21 00:28:42 RUN-DONE run_2f_lk exit 0
2026-09-21 00:28:42 LEDGER-STAGE {"stage": "lk", "at": "2026-09-21T00:28:42", "cumulative_headless_tokens": 591139, "rows_present": 2800, "new_rows_paid_for_in_2F": 0, "tok_per_new_row": null, "projected_part1_total_tokens": null, "tripwire": 2000000}
