{
 "selftest": [
  {
   "check": "cp(8,481)",
   "got": [
    0.72,
    3.25
   ],
   "want": [
    0.72,
    3.25
   ],
   "ok": true
  },
  {
   "check": "cp(348,385)",
   "got": [
    87.0,
    93.14
   ],
   "want": [
    87.0,
    93.14
   ],
   "ok": true
  },
  {
   "check": "cp(0,10)",
   "got": [
    0.0,
    30.85
   ],
   "want": [
    0.0,
    30.85
   ],
   "ok": true
  },
  {
   "check": "cp(10,10)",
   "got": [
    69.15,
    100.0
   ],
   "want": [
    69.15,
    100.0
   ],
   "ok": true
  },
  {
   "check": "fisher_exact(1,9,11,3)",
   "got": 0.002759,
   "want": 0.0027,
   "ok": true
  },
  {
   "check": "fisher_exact(5,5,5,5)",
   "got": 1.0,
   "want": 1.0,
   "ok": true
  }
 ]
}
{
 "coverage": {
  "k": 389,
  "n": 421,
  "pct": 92.4,
  "ci": [
   89.44,
   94.74
  ]
 },
 "fa": {
  "k": 16,
  "n": 479,
  "pct": 3.34,
  "ci": [
   1.92,
   5.37
  ]
 },
 "S2_coverage": {
  "k": 389,
  "n": 421,
  "pct": 92.4,
  "ci": [
   89.44,
   94.74
  ]
 },
 "S2_fa": {
  "k": 16,
  "n": 479,
  "pct": 3.34,
  "ci": [
   1.92,
   5.37
  ]
 }
}
