2026-09-20 00:12:33 ALT index 1434 members 3764 surface 975 phrases 288 candidates
2026-09-20 00:12:33 START LIVE batches ['sk_0001'] rows 1000 cap 250000 already_spent 0 par 4 prompt_sha {'v_sk': '63abade8fac1971a', 'v_cz': '4f9d486477084793', 'rw': 'a113461f4bdbd418'} only ['sk_0001_s01_v']
2026-09-20 00:12:33 BATCH sk_0001 sk 1000 rows, 10 chunks, 20 sessions total, 1 to run now
2026-09-20 00:20:04 DONE sk_0001_s01_v v exit 0 tok 91375 cum 91375 wall 450.7 rows 100 / 100 missing {}
2026-09-20 00:20:04 PARTIAL sk_0001 19 sessions still missing: ['sk_0001_s01_rw', 'sk_0001_s02_v', 'sk_0001_s02_rw', 'sk_0001_s03_v', 'sk_0001_s03_rw', 'sk_0001_s04_v'] ... no annotations written
2026-09-20 00:20:04 GIT-NOTE ['translation-offline/phase2c/run_2c.log', 'translation-offline/phase2c/ledger_2c.json'] -offline/phase2c/out_dry/ 	translation-offline/phase2c/run_2c_dry.log  keine Änderungen zum Commit vorgemerkt (benutzen Sie "git add" und/oder "git commit -a") 
2026-09-20 00:20:04 END tokens 91375 wall_s 451.1 batches_done 0
2026-09-20 00:20:04 ALT index 1434 members 3764 surface 975 phrases 288 candidates
2026-09-20 00:20:04 START LIVE batches ['sk_0001'] rows 1000 cap 250000 already_spent 91375 par 4 prompt_sha {'v_sk': '63abade8fac1971a', 'v_cz': '4f9d486477084793', 'rw': 'a113461f4bdbd418'} only ['sk_0001_s01_v']
2026-09-20 00:20:04 BATCH sk_0001 sk 1000 rows, 10 chunks, 20 sessions total, 1 to run now
2026-09-20 00:20:04 SKIP-DONE sk_0001_s01_v 100 rows already on disk
2026-09-20 00:20:04 PARTIAL sk_0001 19 sessions still missing: ['sk_0001_s01_rw', 'sk_0001_s02_v', 'sk_0001_s02_rw', 'sk_0001_s03_v', 'sk_0001_s03_rw', 'sk_0001_s04_v'] ... no annotations written
2026-09-20 00:20:04 GIT-NOTE ['translation-offline/phase2c/run_2c.log', 'translation-offline/phase2c/ledger_2c.json'] -offline/phase2c/out_dry/ 	translation-offline/phase2c/run_2c_dry.log  keine Änderungen zum Commit vorgemerkt (benutzen Sie "git add" und/oder "git commit -a") 
2026-09-20 00:20:04 END tokens 91375 wall_s 0.3 batches_done 0
2026-09-20 00:22:14 ALT index 1434 members 3764 surface 975 phrases 288 candidates
2026-09-20 00:22:14 START LIVE batches ['sk_0001', 'sk_0002', 'sk_0003', 'sk_0004', 'sk_0005', 'cz_0001', 'cz_0002', 'cz_0003', 'cz_0004', 'cz_0005'] rows 8128 cap 10500000 already_spent 91375 par 4 prompt_sha {'v_sk': '63abade8fac1971a', 'v_cz': '4f9d486477084793', 'rw': 'a113461f4bdbd418'} only None
2026-09-20 00:22:14 BATCH sk_0001 sk 1000 rows, 10 chunks, 20 sessions total, 20 to run now
2026-09-20 00:22:14 SKIP-DONE sk_0001_s01_v 100 rows already on disk
2026-09-20 00:24:12 DONE sk_0001_s02_rw rw exit 0 tok 46029 cum 137404 wall 117.5 rows 46 / 46 missing {}
2026-09-20 00:24:19 DONE sk_0001_s01_rw rw exit 0 tok 48139 cum 185543 wall 124.4 rows 53 / 53 missing {}
2026-09-20 00:26:10 DONE sk_0001_s03_rw rw exit 0 tok 45865 cum 231408 wall 117.7 rows 45 / 45 missing {}
2026-09-20 00:28:53 DONE sk_0001_s04_rw rw exit 0 tok 50317 cum 281725 wall 163.1 rows 50 / 50 missing {}
2026-09-20 00:30:05 DONE sk_0001_s02_v v exit 0 tok 91855 cum 373580 wall 470.6 rows 100 / 100 missing {}
2026-09-20 00:30:46 DONE sk_0001_s03_v v exit 0 tok 94603 cum 468183 wall 511.2 rows 100 / 100 missing {}
2026-09-20 00:31:09 DONE sk_0001_s04_v v exit 0 tok 86960 cum 555143 wall 409.8 rows 100 / 100 missing {}
2026-09-20 00:32:00 DONE sk_0001_s05_rw rw exit 0 tok 45849 cum 600992 wall 114.7 rows 48 / 48 missing {}
2026-09-20 00:34:09 DONE sk_0001_s06_rw rw exit 0 tok 52628 cum 653620 wall 180.1 rows 57 / 57 missing {}
2026-09-20 00:35:04 DONE sk_0001_s05_v v exit 0 tok 83053 cum 736673 wall 371.3 rows 100 / 100 missing {}
2026-09-20 00:35:48 DONE sk_0001_s07_rw rw exit 0 tok 43247 cum 779920 wall 99.7 rows 38 / 38 missing {}
2026-09-20 00:38:28 DONE sk_0001_s06_v v exit 0 tok 91456 cum 871376 wall 462.4 rows 100 / 100 missing {}
2026-09-20 00:39:13 DONE sk_0001_s08_rw rw exit 0 tok 49735 cum 921111 wall 204.5 rows 49 / 49 missing {}
2026-09-20 00:39:38 DONE sk_0001_s07_v v exit 0 tok 83840 cum 1004951 wall 458.7 rows 100 / 100 missing {}
2026-09-20 00:40:32 DONE sk_0001_s09_rw rw exit 0 tok 42372 cum 1047323 wall 79.0 rows 44 / 44 missing {}
2026-09-20 00:42:05 DONE sk_0001_s10_rw rw exit 0 tok 42762 cum 1090085 wall 92.7 rows 38 / 38 missing {}
2026-09-20 00:43:39 DONE sk_0001_s08_v v exit 0 tok 95848 cum 1185933 wall 514.8 rows 100 / 100 missing {}
2026-09-20 00:46:59 DONE sk_0001_s10_v v exit 0 tok 89493 cum 1275426 wall 440.3 rows 100 / 100 missing {}
2026-09-20 00:47:04 DONE sk_0001_s09_v v exit 0 tok 88767 cum 1364193 wall 515.8 rows 100 / 100 missing {}
2026-09-20 00:47:04 GATE3 sk_0001 {"agv4": {"counts": {"AGREE": 47, "ERROR": 3}, "ERROR_of_decided_pct": 6.0, "bar": 12.0}, "reader_nom": {"counts": {"CONSERVATIVE": 16, "AGREE": 34}, "ERROR_of_decided_pct": 0.0, "bar": 12.0}, "g4_DIAGNOSTIC_ONLY": {"counts": {"AGREE": 34, "ERROR": 16}, "ERROR_of_decided_pct": 32.0, "note": "never gates: built over AG v2/v3; 2B settled it as the reflexive si/sa/se pattern"}, "lk_adjust_rate_pct": 13.0}
2026-09-20 00:47:04 UPLOAD-FORMATS upload_candidate_A_sk_0001.xlsx 286334 upload_candidate_B_sk_0001.csv 476872
