{"uploaded":[{"from":"/Users/kristiansurhanak/Projects/and-again-content/runs/a69_20261008/audio/tts/236/a69_caption1_ava_8508f0c4.m4a","to":"/audio/sets/236/a69_caption1_ava_8508f0c4.m4a"}],"downloaded":[],"message":""}
A new version of Supabase CLI is available: v2.118.0 (currently installed v2.116.0)
We recommend updating regularly for new features and bug fixes: https://supabase.com/docs/guides/cli/getting-started#updating-the-supabase-cli
up audio/sets/236/a69_caption1_ava_8508f0c4.m4a
{"uploaded":[{"from":"/Users/kristiansurhanak/Projects/and-again-content/runs/a69_20261008/audio/tts/62/a69_caption2_evan_1bf17465.m4a","to":"/audio/sets/62/a69_caption2_evan_1bf17465.m4a"}],"downloaded":[],"message":""}
A new version of Supabase CLI is available: v2.118.0 (currently installed v2.116.0)
We recommend updating regularly for new features and bug fixes: https://supabase.com/docs/guides/cli/getting-started#updating-the-supabase-cli
up audio/sets/62/a69_caption2_evan_1bf17465.m4a
{"uploaded":[{"from":"/Users/kristiansurhanak/Projects/and-again-content/runs/a69_20261008/audio/tts/62/a69_caption3_evan_4b677743.m4a","to":"/audio/sets/62/a69_caption3_evan_4b677743.m4a"}],"downloaded":[],"message":""}
A new version of Supabase CLI is available: v2.118.0 (currently installed v2.116.0)
We recommend updating regularly for new features and bug fixes: https://supabase.com/docs/guides/cli/getting-started#updating-the-supabase-cli
up audio/sets/62/a69_caption3_evan_4b677743.m4a
{"uploaded":[{"from":"/Users/kristiansurhanak/Projects/and-again-content/runs/a69_20261008/audio/tts/7071/a69_caption1_nathan_383edbfd.m4a","to":"/audio/sets/7071/a69_caption1_nathan_383edbfd.m4a"}],"downloaded":[],"message":""}
A new version of Supabase CLI is available: v2.118.0 (currently installed v2.116.0)
We recommend updating regularly for new features and bug fixes: https://supabase.com/docs/guides/cli/getting-started#updating-the-supabase-cli
up audio/sets/7071/a69_caption1_nathan_383edbfd.m4a
{"uploaded":[{"from":"/Users/kristiansurhanak/Projects/and-again-content/runs/a69_20261008/audio/tts/7071/a69_caption2_nathan_b38ca255.m4a","to":"/audio/sets/7071/a69_caption2_nathan_b38ca255.m4a"}],"downloaded":[],"message":""}
A new version of Supabase CLI is available: v2.118.0 (currently installed v2.116.0)
We recommend updating regularly for new features and bug fixes: https://supabase.com/docs/guides/cli/getting-started#updating-the-supabase-cli
up audio/sets/7071/a69_caption2_nathan_b38ca255.m4a
{"uploaded":[{"from":"/Users/kristiansurhanak/Projects/and-again-content/runs/a69_20261008/audio/tts/8039/a69_caption2_ava_2091ab0d.m4a","to":"/audio/sets/8039/a69_caption2_ava_2091ab0d.m4a"}],"downloaded":[],"message":""}
A new version of Supabase CLI is available: v2.118.0 (currently installed v2.116.0)
We recommend updating regularly for new features and bug fixes: https://supabase.com/docs/guides/cli/getting-started#updating-the-supabase-cli
up audio/sets/8039/a69_caption2_ava_2091ab0d.m4a
{"uploaded":[{"from":"/Users/kristiansurhanak/Projects/and-again-content/runs/a69_20261008/audio/tts/8055/a69_caption3_evan_3b150482.m4a","to":"/audio/sets/8055/a69_caption3_evan_3b150482.m4a"}],"downloaded":[],"message":""}
A new version of Supabase CLI is available: v2.118.0 (currently installed v2.116.0)
We recommend updating regularly for new features and bug fixes: https://supabase.com/docs/guides/cli/getting-started#updating-the-supabase-cli
up audio/sets/8055/a69_caption3_evan_3b150482.m4a
{"uploaded":[{"from":"/Users/kristiansurhanak/Projects/and-again-content/runs/a69_20261008/audio/tts/8056/a69_caption1_nathan_7b1a154a.m4a","to":"/audio/sets/8056/a69_caption1_nathan_7b1a154a.m4a"}],"downloaded":[],"message":""}
A new version of Supabase CLI is available: v2.118.0 (currently installed v2.116.0)
We recommend updating regularly for new features and bug fixes: https://supabase.com/docs/guides/cli/getting-started#updating-the-supabase-cli
up audio/sets/8056/a69_caption1_nathan_7b1a154a.m4a
{"uploaded":[{"from":"/Users/kristiansurhanak/Projects/and-again-content/runs/a69_20261008/audio/norm/62__a58_caption2_evan_478f9372_a69.m4a","to":"/audio/sets/62/a58_caption2_evan_478f9372_a69.m4a"}],"downloaded":[],"message":""}
A new version of Supabase CLI is available: v2.118.0 (currently installed v2.116.0)
We recommend updating regularly for new features and bug fixes: https://supabase.com/docs/guides/cli/getting-started#updating-the-supabase-cli
up audio/sets/62/a58_caption2_evan_478f9372_a69.m4a
{"uploaded":[{"from":"/Users/kristiansurhanak/Projects/and-again-content/runs/a69_20261008/audio/norm/62__a59_phrase1_evan_2a2325cc_a69.m4a","to":"/audio/sets/62/a59_phrase1_evan_2a2325cc_a69.m4a"}],"downloaded":[],"message":""}
A new version of Supabase CLI is available: v2.118.0 (currently installed v2.116.0)
We recommend updating regularly for new features and bug fixes: https://supabase.com/docs/guides/cli/getting-started#updating-the-supabase-cli
up audio/sets/62/a59_phrase1_evan_2a2325cc_a69.m4a
{"uploaded":[{"from":"/Users/kristiansurhanak/Projects/and-again-content/runs/a69_20261008/audio/norm/62__a64_noun2_evan_6d88909b_a69.m4a","to":"/audio/sets/62/a64_noun2_evan_6d88909b_a69.m4a"}],"downloaded":[],"message":""}
A new version of Supabase CLI is available: v2.118.0 (currently installed v2.116.0)
We recommend updating regularly for new features and bug fixes: https://supabase.com/docs/guides/cli/getting-started#updating-the-supabase-cli
up audio/sets/62/a64_noun2_evan_6d88909b_a69.m4a
{"uploaded":[{"from":"/Users/kristiansurhanak/Projects/and-again-content/runs/a69_20261008/audio/norm/62__a65_story1_evan_43ae6535_a69.m4a","to":"/audio/sets/62/a65_story1_evan_43ae6535_a69.m4a"}],"downloaded":[],"message":""}
A new version of Supabase CLI is available: v2.118.0 (currently installed v2.116.0)
We recommend updating regularly for new features and bug fixes: https://supabase.com/docs/guides/cli/getting-started#updating-the-supabase-cli
up audio/sets/62/a65_story1_evan_43ae6535_a69.m4a
{"uploaded":[{"from":"/Users/kristiansurhanak/Projects/and-again-content/runs/a69_20261008/audio/norm/62__a65_story3_evan_8620a062_a69.m4a","to":"/audio/sets/62/a65_story3_evan_8620a062_a69.m4a"}],"downloaded":[],"message":""}
A new version of Supabase CLI is available: v2.118.0 (currently installed v2.116.0)
We recommend updating regularly for new features and bug fixes: https://supabase.com/docs/guides/cli/getting-started#updating-the-supabase-cli
up audio/sets/62/a65_story3_evan_8620a062_a69.m4a
{"uploaded":[{"from":"/Users/kristiansurhanak/Projects/and-again-content/runs/a69_20261008/audio/norm/7071__a58_phrase3_nathan_7456f40b_a69.m4a","to":"/audio/sets/7071/a58_phrase3_nathan_7456f40b_a69.m4a"}],"downloaded":[],"message":""}
A new version of Supabase CLI is available: v2.118.0 (currently installed v2.116.0)
We recommend updating regularly for new features and bug fixes: https://supabase.com/docs/guides/cli/getting-started#updating-the-supabase-cli
up audio/sets/7071/a58_phrase3_nathan_7456f40b_a69.m4a
{"uploaded":[{"from":"/Users/kristiansurhanak/Projects/and-again-content/runs/a69_20261008/audio/norm/8055__a58_noun2_evan_0c92853a_a69.m4a","to":"/audio/sets/8055/a58_noun2_evan_0c92853a_a69.m4a"}],"downloaded":[],"message":""}
A new version of Supabase CLI is available: v2.118.0 (currently installed v2.116.0)
We recommend updating regularly for new features and bug fixes: https://supabase.com/docs/guides/cli/getting-started#updating-the-supabase-cli
up audio/sets/8055/a58_noun2_evan_0c92853a_a69.m4a
{"uploaded":[{"from":"/Users/kristiansurhanak/Projects/and-again-content/runs/a69_20261008/audio/norm/8055__a58_phrase2_evan_9fcc647f_a69.m4a","to":"/audio/sets/8055/a58_phrase2_evan_9fcc647f_a69.m4a"}],"downloaded":[],"message":""}
A new version of Supabase CLI is available: v2.118.0 (currently installed v2.116.0)
We recommend updating regularly for new features and bug fixes: https://supabase.com/docs/guides/cli/getting-started#updating-the-supabase-cli
up audio/sets/8055/a58_phrase2_evan_9fcc647f_a69.m4a
{"uploaded":[{"from":"/Users/kristiansurhanak/Projects/and-again-content/runs/a69_20261008/audio/norm/8055__a64_story1_evan_445d04cd_a69.m4a","to":"/audio/sets/8055/a64_story1_evan_445d04cd_a69.m4a"}],"downloaded":[],"message":""}
A new version of Supabase CLI is available: v2.118.0 (currently installed v2.116.0)
We recommend updating regularly for new features and bug fixes: https://supabase.com/docs/guides/cli/getting-started#updating-the-supabase-cli
up audio/sets/8055/a64_story1_evan_445d04cd_a69.m4a
{"uploaded":[{"from":"/Users/kristiansurhanak/Projects/and-again-content/runs/a69_20261008/audio/norm/8056__a58_noun2_nathan_a4b1d612_a69.m4a","to":"/audio/sets/8056/a58_noun2_nathan_a4b1d612_a69.m4a"}],"downloaded":[],"message":""}
A new version of Supabase CLI is available: v2.118.0 (currently installed v2.116.0)
We recommend updating regularly for new features and bug fixes: https://supabase.com/docs/guides/cli/getting-started#updating-the-supabase-cli
up audio/sets/8056/a58_noun2_nathan_a4b1d612_a69.m4a
{"uploaded":[{"from":"/Users/kristiansurhanak/Projects/and-again-content/runs/a69_20261008/audio/norm/8056__a58_noun3_nathan_5a724651_a69.m4a","to":"/audio/sets/8056/a58_noun3_nathan_5a724651_a69.m4a"}],"downloaded":[],"message":""}
A new version of Supabase CLI is available: v2.118.0 (currently installed v2.116.0)
We recommend updating regularly for new features and bug fixes: https://supabase.com/docs/guides/cli/getting-started#updating-the-supabase-cli
up audio/sets/8056/a58_noun3_nathan_5a724651_a69.m4a
{"uploaded":[{"from":"/Users/kristiansurhanak/Projects/and-again-content/runs/a69_20261008/audio/norm/900002__a60_noun2_nathan_b3f63624_a69.m4a","to":"/audio/sets/900002/a60_noun2_nathan_b3f63624_a69.m4a"}],"downloaded":[],"message":""}
A new version of Supabase CLI is available: v2.118.0 (currently installed v2.116.0)
We recommend updating regularly for new features and bug fixes: https://supabase.com/docs/guides/cli/getting-started#updating-the-supabase-cli
up audio/sets/900002/a60_noun2_nathan_b3f63624_a69.m4a
