[FREEZE] 10 python files identical to commit 255ef142625a14434f82758ea733cc5cf7c2fe79
[BUILD fresh1p] 1080 items / 120 sentences   chk {"correct/match": 83, "wrong/auto": 997}   passive {"None": 768, "agentless": 270, "by": 42}   levers {"l1:answer_is_agentless_passive": 276, "l1:fired": 239, "l2:aspect": 828, "l2:definiteness": 1000, "l2:number": 207, "l3:items_with_a_variant": 1026, "l3:removed": 72, "l3:shown": 1080}
L2 lock firings under BASE: 272   L3-eligible under LOCKTIP: 925
[PREFLIGHT] unique requests 925   reusable 0   PLANNED NEW CALLS 925   counted so far 225
[PREFLIGHT] dev_used + planned = 225 + 925 = 1150   (stop threshold 1390, phase cap 1400)
[CALLS] http200 925 (empty replies 0)  transport-dead 0  skipped after the wall 0
[FINAL] lever 1: 239 rewritten records, 239 L3-eligible, 232 NEW calls
[CALLS] http200 232 (empty replies 0)  transport-dead 0  skipped after the wall 0
Traceback (most recent call last):
  File "/Users/kristiansurhanak/Projects/and-again-content/translation-offline/phase1p/runner_1p.py", line 800, in <module>
    main()
  File "/Users/kristiansurhanak/Projects/and-again-content/translation-offline/phase1p/runner_1p.py", line 795, in main
    (run_preflight if a.preflight else run_dry if a.dry_run else run_final if a.final
  File "/Users/kristiansurhanak/Projects/and-again-content/translation-offline/phase1p/runner_1p.py", line 568, in run_final
    json.dump(out, open(os.path.join(HERE, 'results_1p.json'), 'w', encoding='utf-8'), indent=1,
  File "/Library/Developer/CommandLineTools/Library/Frameworks/Python3.framework/Versions/3.9/lib/python3.9/json/__init__.py", line 179, in dump
    for chunk in iterable:
  File "/Library/Developer/CommandLineTools/Library/Frameworks/Python3.framework/Versions/3.9/lib/python3.9/json/encoder.py", line 431, in _iterencode
    yield from _iterencode_dict(o, _current_indent_level)
  File "/Library/Developer/CommandLineTools/Library/Frameworks/Python3.framework/Versions/3.9/lib/python3.9/json/encoder.py", line 405, in _iterencode_dict
    yield from chunks
  File "/Library/Developer/CommandLineTools/Library/Frameworks/Python3.framework/Versions/3.9/lib/python3.9/json/encoder.py", line 325, in _iterencode_list
    yield from chunks
  File "/Library/Developer/CommandLineTools/Library/Frameworks/Python3.framework/Versions/3.9/lib/python3.9/json/encoder.py", line 405, in _iterencode_dict
    yield from chunks
  File "/Library/Developer/CommandLineTools/Library/Frameworks/Python3.framework/Versions/3.9/lib/python3.9/json/encoder.py", line 405, in _iterencode_dict
    yield from chunks
  File "/Library/Developer/CommandLineTools/Library/Frameworks/Python3.framework/Versions/3.9/lib/python3.9/json/encoder.py", line 405, in _iterencode_dict
    yield from chunks
  File "/Library/Developer/CommandLineTools/Library/Frameworks/Python3.framework/Versions/3.9/lib/python3.9/json/encoder.py", line 438, in _iterencode
    o = _default(o)
  File "/Library/Developer/CommandLineTools/Library/Frameworks/Python3.framework/Versions/3.9/lib/python3.9/json/encoder.py", line 179, in default
    raise TypeError(f'Object of type {o.__class__.__name__} '
TypeError: Object of type set is not JSON serializable
